Archive member included to satisfy reference by file (symbol)

/usr/lib/gcc/arm-none-eabi/10.2.0/thumb/v6-m/nofp/libgcc.a(_dvmd_tls.o)
                              CMakeFiles/Oled.dir/home/csowa/Desktop/PicoDev/pico-sdk/src/rp2_common/pico_divider/divider.S.obj (__aeabi_idiv0)
/usr/lib/gcc/arm-none-eabi/10.2.0/../../../../arm-none-eabi/lib/thumb/v6-m/nofp/libg.a(lib_a-atexit.o)
                              /usr/lib/gcc/arm-none-eabi/10.2.0/../../../../arm-none-eabi/lib/thumb/v6-m/nofp/crt0.o (atexit)
/usr/lib/gcc/arm-none-eabi/10.2.0/../../../../arm-none-eabi/lib/thumb/v6-m/nofp/libg.a(lib_a-calloc.o)
                              CMakeFiles/Oled.dir/home/csowa/Desktop/PicoDev/pico-sdk/src/rp2_common/pico_malloc/pico_malloc.c.obj (calloc)
/usr/lib/gcc/arm-none-eabi/10.2.0/../../../../arm-none-eabi/lib/thumb/v6-m/nofp/libg.a(lib_a-callocr.o)
                              /usr/lib/gcc/arm-none-eabi/10.2.0/../../../../arm-none-eabi/lib/thumb/v6-m/nofp/libg.a(lib_a-calloc.o) (_calloc_r)
/usr/lib/gcc/arm-none-eabi/10.2.0/../../../../arm-none-eabi/lib/thumb/v6-m/nofp/libg.a(lib_a-errno.o)
                              /usr/lib/gcc/arm-none-eabi/10.2.0/../../../../arm-none-eabi/lib/thumb/v6-m/nofp/libg.a(lib_a-callocr.o) (__errno)
/usr/lib/gcc/arm-none-eabi/10.2.0/../../../../arm-none-eabi/lib/thumb/v6-m/nofp/libg.a(lib_a-fini.o)
                              /usr/lib/gcc/arm-none-eabi/10.2.0/../../../../arm-none-eabi/lib/thumb/v6-m/nofp/crt0.o (__libc_fini_array)
/usr/lib/gcc/arm-none-eabi/10.2.0/../../../../arm-none-eabi/lib/thumb/v6-m/nofp/libg.a(lib_a-impure.o)
                              /usr/lib/gcc/arm-none-eabi/10.2.0/../../../../arm-none-eabi/lib/thumb/v6-m/nofp/libg.a(lib_a-calloc.o) (_impure_ptr)
/usr/lib/gcc/arm-none-eabi/10.2.0/../../../../arm-none-eabi/lib/thumb/v6-m/nofp/libg.a(lib_a-init.o)
                              /usr/lib/gcc/arm-none-eabi/10.2.0/../../../../arm-none-eabi/lib/thumb/v6-m/nofp/crt0.o (__libc_init_array)
/usr/lib/gcc/arm-none-eabi/10.2.0/../../../../arm-none-eabi/lib/thumb/v6-m/nofp/libg.a(lib_a-malloc.o)
                              CMakeFiles/Oled.dir/home/csowa/Desktop/PicoDev/pico-sdk/src/rp2_common/pico_malloc/pico_malloc.c.obj (malloc)
/usr/lib/gcc/arm-none-eabi/10.2.0/../../../../arm-none-eabi/lib/thumb/v6-m/nofp/libg.a(lib_a-mallocr.o)
                              /usr/lib/gcc/arm-none-eabi/10.2.0/../../../../arm-none-eabi/lib/thumb/v6-m/nofp/libg.a(lib_a-callocr.o) (_malloc_r)
/usr/lib/gcc/arm-none-eabi/10.2.0/../../../../arm-none-eabi/lib/thumb/v6-m/nofp/libg.a(lib_a-mlock.o)
                              /usr/lib/gcc/arm-none-eabi/10.2.0/../../../../arm-none-eabi/lib/thumb/v6-m/nofp/libg.a(lib_a-mallocr.o) (__malloc_lock)
/usr/lib/gcc/arm-none-eabi/10.2.0/../../../../arm-none-eabi/lib/thumb/v6-m/nofp/libg.a(lib_a-sbrkr.o)
                              /usr/lib/gcc/arm-none-eabi/10.2.0/../../../../arm-none-eabi/lib/thumb/v6-m/nofp/libg.a(lib_a-mallocr.o) (_sbrk_r)
/usr/lib/gcc/arm-none-eabi/10.2.0/../../../../arm-none-eabi/lib/thumb/v6-m/nofp/libg.a(lib_a-strlen-stub.o)
                              CMakeFiles/Oled.dir/home/csowa/Desktop/PicoDev/pico-sdk/src/rp2_common/pico_stdio/stdio.c.obj (strlen)
/usr/lib/gcc/arm-none-eabi/10.2.0/../../../../arm-none-eabi/lib/thumb/v6-m/nofp/libg.a(lib_a-__atexit.o)
                              /usr/lib/gcc/arm-none-eabi/10.2.0/../../../../arm-none-eabi/lib/thumb/v6-m/nofp/libg.a(lib_a-atexit.o) (__register_exitproc)
/usr/lib/gcc/arm-none-eabi/10.2.0/../../../../arm-none-eabi/lib/thumb/v6-m/nofp/libg.a(lib_a-__call_atexit.o)
                              /usr/lib/gcc/arm-none-eabi/10.2.0/../../../../arm-none-eabi/lib/thumb/v6-m/nofp/libg.a(lib_a-__atexit.o) (__atexit_recursive_mutex)
/usr/lib/gcc/arm-none-eabi/10.2.0/../../../../arm-none-eabi/lib/thumb/v6-m/nofp/libg.a(lib_a-freer.o)
                              /usr/lib/gcc/arm-none-eabi/10.2.0/../../../../arm-none-eabi/lib/thumb/v6-m/nofp/libg.a(lib_a-malloc.o) (_free_r)
/usr/lib/gcc/arm-none-eabi/10.2.0/../../../../arm-none-eabi/lib/thumb/v6-m/nofp/libg.a(lib_a-lock.o)
                              /usr/lib/gcc/arm-none-eabi/10.2.0/../../../../arm-none-eabi/lib/thumb/v6-m/nofp/libg.a(lib_a-mlock.o) (__retarget_lock_acquire_recursive)
/usr/lib/gcc/arm-none-eabi/10.2.0/../../../../arm-none-eabi/lib/thumb/v6-m/nofp/libg.a(lib_a-reent.o)
                              /usr/lib/gcc/arm-none-eabi/10.2.0/../../../../arm-none-eabi/lib/thumb/v6-m/nofp/libg.a(lib_a-sbrkr.o) (errno)

Discarded input sections

 .text          0x0000000000000000        0x0 /usr/lib/gcc/arm-none-eabi/10.2.0/thumb/v6-m/nofp/crti.o
 .data          0x0000000000000000        0x0 /usr/lib/gcc/arm-none-eabi/10.2.0/thumb/v6-m/nofp/crti.o
 .bss           0x0000000000000000        0x0 /usr/lib/gcc/arm-none-eabi/10.2.0/thumb/v6-m/nofp/crti.o
 .text          0x0000000000000000        0x0 /usr/lib/gcc/arm-none-eabi/10.2.0/thumb/v6-m/nofp/crtbegin.o
[...]
Memory Configuration

Name             Origin             Length             Attributes
FLASH            0x0000000010000000 0x0000000000200000 xr
RAM              0x0000000020000000 0x0000000000040000 xrw
SCRATCH_X        0x0000000020040000 0x0000000000001000 xrw
SCRATCH_Y        0x0000000020041000 0x0000000000001000 xrw
*default*        0x0000000000000000 0xffffffffffffffff

Linker script and memory map

LOAD /usr/lib/gcc/arm-none-eabi/10.2.0/thumb/v6-m/nofp/crti.o
LOAD /usr/lib/gcc/arm-none-eabi/10.2.0/thumb/v6-m/nofp/crtbegin.o
LOAD /usr/lib/gcc/arm-none-eabi/10.2.0/../../../../arm-none-eabi/lib/thumb/v6-m/nofp/crt0.o

.flash_begin    0x0000000010000000        0x0
                0x0000000010000000                __flash_binary_start = .

.boot2          0x0000000010000000      0x100
                0x0000000010000000                __boot2_start__ = .
 *(.boot2)
 .boot2         0x0000000010000000      0x100 /tmp/ccZdEa59.o
                0x0000000010000100                __boot2_end__ = .
                0x0000000000000001                ASSERT (((__boot2_end__ - __boot2_start__) == 0x100), ERROR: Pico second stage bootloader must be 256 bytes in size)

.text           0x0000000010000100     0x50a0
                0x0000000010000100                __logical_binary_start = .
 *(.vectors)
 .vectors       0x0000000010000100       0xd4 CMakeFiles/Oled.dir/home/csowa/Desktop/PicoDev/pico-sdk/src/rp2_common/pico_standard_link/crt0.S.obj
                0x0000000010000100                __vectors
                0x00000000100001c0                isr_invalid
                0x00000000100001c2                isr_nmi
                0x00000000100001c4                isr_hardfault
                0x00000000100001c6                isr_svcall
                0x00000000100001c8                isr_pendsv
                0x00000000100001ca                isr_systick
                0x00000000100001cc                isr_irq30
                0x00000000100001cc                __unhandled_user_irq
                0x00000000100001cc                isr_irq13
                0x00000000100001cc                isr_irq27
                0x00000000100001cc                isr_irq31
                0x00000000100001cc                isr_irq5
                0x00000000100001cc                isr_irq11
                0x00000000100001cc                isr_irq23
                0x00000000100001cc                isr_irq18
                0x00000000100001cc                isr_irq28
                0x00000000100001cc                isr_irq19
                0x00000000100001cc                isr_irq0
                0x00000000100001cc                isr_irq6
                0x00000000100001cc                isr_irq22
                0x00000000100001cc                isr_irq17
                0x00000000100001cc                isr_irq14
                0x00000000100001cc                isr_irq2
                0x00000000100001cc                isr_irq10
                0x00000000100001cc                isr_irq8
                0x00000000100001cc                isr_irq24
                0x00000000100001cc                isr_irq1
                0x00000000100001cc                isr_irq7
                0x00000000100001cc                isr_irq21
                0x00000000100001cc                isr_irq20
                0x00000000100001cc                isr_irq15
                0x00000000100001cc                isr_irq25
                0x00000000100001cc                isr_irq4
                0x00000000100001cc                isr_irq16
                0x00000000100001cc                isr_irq29
                0x00000000100001cc                isr_irq26
                0x00000000100001cc                isr_irq3
                0x00000000100001cc                isr_irq12
                0x00000000100001cc                isr_irq9
                0x00000000100001d2                unhandled_user_irq_num_in_r0
 *(.binary_info_header)
 .binary_info_header
                0x00000000100001d4       0x14 CMakeFiles/Oled.dir/home/csowa/Desktop/PicoDev/pico-sdk/src/rp2_common/pico_standard_link/crt0.S.obj
                0x00000000100001e8                __binary_info_header_end = .
 *(.reset)
 .reset         0x00000000100001e8       0xa8 CMakeFiles/Oled.dir/home/csowa/Desktop/PicoDev/pico-sdk/src/rp2_common/pico_standard_link/crt0.S.obj
                0x00000000100001e8                _entry_point
                0x0000000010000266                __get_current_exception
 .reset         0x0000000010000290       0x30 CMakeFiles/Oled.dir/home/csowa/Desktop/PicoDev/pico-sdk/src/rp2_common/pico_standard_link/binary_info.c.obj
 *(.init)
 .init          0x00000000100002c0        0x4 /usr/lib/gcc/arm-none-eabi/10.2.0/thumb/v6-m/nofp/crti.o
                0x00000000100002c0                _init
 *(EXCLUDE_FILE(*libm.a: *libc.a:*lib_a-mem*.o *libgcc.a:) .text*)
 .text.frame_dummy
                0x00000000100002c4       0x20 /usr/lib/gcc/arm-none-eabi/10.2.0/thumb/v6-m/nofp/crtbegin.o
 .text.lcdTestPattern
                0x00000000100002e4      0x104 CMakeFiles/Oled.dir/Oled.c.obj
                0x00000000100002e4                lcdTestPattern
 .text.main     0x00000000100003e8       0x8c CMakeFiles/Oled.dir/Oled.c.obj
                0x00000000100003e8                main
 .text.OLED_CS  0x0000000010000474       0x1c CMakeFiles/Oled.dir/OLED_Driver.c.obj
                0x0000000010000474                OLED_CS
 .text.OLED_RST
                0x0000000010000490       0x1c CMakeFiles/Oled.dir/OLED_Driver.c.obj
                0x0000000010000490                OLED_RST
 .text.OLED_DC  0x00000000100004ac       0x1c CMakeFiles/Oled.dir/OLED_Driver.c.obj
                0x00000000100004ac                OLED_DC
 .text.Write_Command
                0x00000000100004c8       0x54 CMakeFiles/Oled.dir/OLED_Driver.c.obj
                0x00000000100004c8                Write_Command
 .text.Write_Data
                0x000000001000051c       0x54 CMakeFiles/Oled.dir/OLED_Driver.c.obj
                0x000000001000051c                Write_Data
 .text.Set_Color
                0x0000000010000570       0x10 CMakeFiles/Oled.dir/OLED_Driver.c.obj
                0x0000000010000570                Set_Color
 .text.RAM_Address
                0x0000000010000580       0x28 CMakeFiles/Oled.dir/OLED_Driver.c.obj
                0x0000000010000580                RAM_Address
 .text.Clear_Screen
                0x00000000100005a8       0x38 CMakeFiles/Oled.dir/OLED_Driver.c.obj
                0x00000000100005a8                Clear_Screen
 .text.Set_Coordinate
                0x00000000100005e0       0x3c CMakeFiles/Oled.dir/OLED_Driver.c.obj
                0x00000000100005e0                Set_Coordinate
 .text.Device_Init
                0x000000001000061c      0x144 CMakeFiles/Oled.dir/OLED_Driver.c.obj
                0x000000001000061c                Device_Init
 .text.gpio_set_function
                0x0000000010000760       0x30 CMakeFiles/Oled.dir/home/csowa/Desktop/PicoDev/pico-sdk/src/rp2_common/hardware_gpio/gpio.c.obj
                0x0000000010000760                gpio_set_function
 .text.gpio_init
                0x0000000010000790       0x16 CMakeFiles/Oled.dir/home/csowa/Desktop/PicoDev/pico-sdk/src/rp2_common/hardware_gpio/gpio.c.obj
                0x0000000010000790                gpio_init
 *fill*         0x00000000100007a6        0x2 
 .text.hw_claim_lock
                0x00000000100007a8       0x18 CMakeFiles/Oled.dir/home/csowa/Desktop/PicoDev/pico-sdk/src/rp2_common/hardware_claim/claim.c.obj
                0x00000000100007a8                hw_claim_lock
 .text.hw_claim_unlock
                0x00000000100007c0       0x14 CMakeFiles/Oled.dir/home/csowa/Desktop/PicoDev/pico-sdk/src/rp2_common/hardware_claim/claim.c.obj
                0x00000000100007c0                hw_claim_unlock
 .text.hw_claim_or_assert
                0x00000000100007d4       0x34 CMakeFiles/Oled.dir/home/csowa/Desktop/PicoDev/pico-sdk/src/rp2_common/hardware_claim/claim.c.obj
                0x00000000100007d4                hw_claim_or_assert
 .text.spin_locks_reset
                0x0000000010000808       0x20 CMakeFiles/Oled.dir/home/csowa/Desktop/PicoDev/pico-sdk/src/rp2_common/hardware_sync/sync.c.obj
                0x0000000010000808                spin_locks_reset
 .text.next_striped_spin_lock_num
                0x0000000010000828       0x1c CMakeFiles/Oled.dir/home/csowa/Desktop/PicoDev/pico-sdk/src/rp2_common/hardware_sync/sync.c.obj
                0x0000000010000828                next_striped_spin_lock_num
 .text.running_on_fpga
                0x0000000010000844       0x14 CMakeFiles/Oled.dir/home/csowa/Desktop/PicoDev/pico-sdk/src/rp2_common/pico_platform/platform.c.obj
                0x0000000010000844                running_on_fpga
 .text.uart_set_baudrate
                0x0000000010000858       0x64 CMakeFiles/Oled.dir/home/csowa/Desktop/PicoDev/pico-sdk/src/rp2_common/hardware_uart/uart.c.obj
                0x0000000010000858                uart_set_baudrate
 .text.uart_set_translate_crlf
                0x00000000100008bc       0x28 CMakeFiles/Oled.dir/home/csowa/Desktop/PicoDev/pico-sdk/src/rp2_common/hardware_uart/uart.c.obj
                0x00000000100008bc                uart_set_translate_crlf
 .text.uart_init
                0x00000000100008e4       0x80 CMakeFiles/Oled.dir/home/csowa/Desktop/PicoDev/pico-sdk/src/rp2_common/hardware_uart/uart.c.obj
                0x00000000100008e4                uart_init
 .text.sev_callback
                0x0000000010000964        0x8 CMakeFiles/Oled.dir/home/csowa/Desktop/PicoDev/pico-sdk/src/common/pico_time/time.c.obj
 .text.timer_pool_entry_comparator
                0x000000001000096c       0x7c CMakeFiles/Oled.dir/home/csowa/Desktop/PicoDev/pico-sdk/src/common/pico_time/time.c.obj
                0x000000001000096c                timer_pool_entry_comparator
 .text.ph_add_child_node
                0x00000000100009e8       0xa4 CMakeFiles/Oled.dir/home/csowa/Desktop/PicoDev/pico-sdk/src/common/pico_time/time.c.obj
 .text.ph_merge_nodes
                0x0000000010000a8c       0x3e CMakeFiles/Oled.dir/home/csowa/Desktop/PicoDev/pico-sdk/src/common/pico_time/time.c.obj
 *fill*         0x0000000010000aca        0x2 
 .text.add_alarm_under_lock
                0x0000000010000acc      0x178 CMakeFiles/Oled.dir/home/csowa/Desktop/PicoDev/pico-sdk/src/common/pico_time/time.c.obj
 .text.alarm_pool_alarm_callback
                0x0000000010000c44      0x2e4 CMakeFiles/Oled.dir/home/csowa/Desktop/PicoDev/pico-sdk/src/common/pico_time/time.c.obj
 .text.alarm_pool_get_default
                0x0000000010000f28       0x28 CMakeFiles/Oled.dir/home/csowa/Desktop/PicoDev/pico-sdk/src/common/pico_time/time.c.obj
                0x0000000010000f28                alarm_pool_get_default
 .text.alarm_pool_create
                0x0000000010000f50       0x6c CMakeFiles/Oled.dir/home/csowa/Desktop/PicoDev/pico-sdk/src/common/pico_time/time.c.obj
                0x0000000010000f50                alarm_pool_create
 .text.alarm_pool_init_default
                0x0000000010000fbc       0x20 CMakeFiles/Oled.dir/home/csowa/Desktop/PicoDev/pico-sdk/src/common/pico_time/time.c.obj
                0x0000000010000fbc                alarm_pool_init_default
 .text.alarm_pool_add_alarm_at
                0x0000000010000fdc      0x128 CMakeFiles/Oled.dir/home/csowa/Desktop/PicoDev/pico-sdk/src/common/pico_time/time.c.obj
                0x0000000010000fdc                alarm_pool_add_alarm_at
 .text.sleep_until
                0x0000000010001104       0x94 CMakeFiles/Oled.dir/home/csowa/Desktop/PicoDev/pico-sdk/src/common/pico_time/time.c.obj
                0x0000000010001104                sleep_until
 .text.sleep_us
                0x0000000010001198       0x2c CMakeFiles/Oled.dir/home/csowa/Desktop/PicoDev/pico-sdk/src/common/pico_time/time.c.obj
                0x0000000010001198                sleep_us
 .text.sleep_ms
                0x00000000100011c4       0x14 CMakeFiles/Oled.dir/home/csowa/Desktop/PicoDev/pico-sdk/src/common/pico_time/time.c.obj
                0x00000000100011c4                sleep_ms
 .text.hardware_alarm_irq_handler
                0x00000000100011d8       0x8c CMakeFiles/Oled.dir/home/csowa/Desktop/PicoDev/pico-sdk/src/rp2_common/hardware_timer/timer.c.obj
 .text.hardware_alarm_claim
                0x0000000010001264       0x18 CMakeFiles/Oled.dir/home/csowa/Desktop/PicoDev/pico-sdk/src/rp2_common/hardware_timer/timer.c.obj
                0x0000000010001264                hardware_alarm_claim
 .text.time_us_64
                0x000000001000127c       0x18 CMakeFiles/Oled.dir/home/csowa/Desktop/PicoDev/pico-sdk/src/rp2_common/hardware_timer/timer.c.obj
                0x000000001000127c                time_us_64
 .text.busy_wait_until
                0x0000000010001294       0x28 CMakeFiles/Oled.dir/home/csowa/Desktop/PicoDev/pico-sdk/src/rp2_common/hardware_timer/timer.c.obj
                0x0000000010001294                busy_wait_until
 .text.hardware_alarm_set_callback
                0x00000000100012bc       0x90 CMakeFiles/Oled.dir/home/csowa/Desktop/PicoDev/pico-sdk/src/rp2_common/hardware_timer/timer.c.obj
                0x00000000100012bc                hardware_alarm_set_callback
 .text.hardware_alarm_set_target
                0x000000001000134c       0xd0 CMakeFiles/Oled.dir/home/csowa/Desktop/PicoDev/pico-sdk/src/rp2_common/hardware_timer/timer.c.obj
                0x000000001000134c                hardware_alarm_set_target
 .text.hardware_alarm_cancel
                0x000000001000141c       0x40 CMakeFiles/Oled.dir/home/csowa/Desktop/PicoDev/pico-sdk/src/rp2_common/hardware_timer/timer.c.obj
                0x000000001000141c                hardware_alarm_cancel
 .text.lock_init
                0x000000001000145c       0x30 CMakeFiles/Oled.dir/home/csowa/Desktop/PicoDev/pico-sdk/src/common/pico_sync/lock_core.c.obj
                0x000000001000145c                lock_init
 .text.mutex_init
                0x000000001000148c       0x1a CMakeFiles/Oled.dir/home/csowa/Desktop/PicoDev/pico-sdk/src/common/pico_sync/mutex.c.obj
                0x000000001000148c                mutex_init
 *fill*         0x00000000100014a6        0x2 
 .text.ph_add_child_node
                0x00000000100014a8       0xa4 CMakeFiles/Oled.dir/home/csowa/Desktop/PicoDev/pico-sdk/src/common/pico_util/pheap.c.obj
 .text.ph_merge_nodes
                0x000000001000154c       0x3e CMakeFiles/Oled.dir/home/csowa/Desktop/PicoDev/pico-sdk/src/common/pico_util/pheap.c.obj
 *fill*         0x000000001000158a        0x2 
 .text.ph_clear
                0x000000001000158c       0x74 CMakeFiles/Oled.dir/home/csowa/Desktop/PicoDev/pico-sdk/src/common/pico_util/pheap.c.obj
                0x000000001000158c                ph_clear
 .text.ph_create
                0x0000000010001600       0x2c CMakeFiles/Oled.dir/home/csowa/Desktop/PicoDev/pico-sdk/src/common/pico_util/pheap.c.obj
                0x0000000010001600                ph_create
 .text.ph_merge_two_pass
                0x000000001000162c       0xa8 CMakeFiles/Oled.dir/home/csowa/Desktop/PicoDev/pico-sdk/src/common/pico_util/pheap.c.obj
                0x000000001000162c                ph_merge_two_pass
 .text.ph_remove_any_head
                0x00000000100016d4      0x108 CMakeFiles/Oled.dir/home/csowa/Desktop/PicoDev/pico-sdk/src/common/pico_util/pheap.c.obj
 .text.ph_remove_head_reserve
                0x00000000100017dc       0x14 CMakeFiles/Oled.dir/home/csowa/Desktop/PicoDev/pico-sdk/src/common/pico_util/pheap.c.obj
                0x00000000100017dc                ph_remove_head_reserve
 .text.ph_delete
                0x00000000100017f0       0xf8 CMakeFiles/Oled.dir/home/csowa/Desktop/PicoDev/pico-sdk/src/common/pico_util/pheap.c.obj
                0x00000000100017f0                ph_delete
 .text.runtime_init
                0x00000000100018e8       0xcc CMakeFiles/Oled.dir/home/csowa/Desktop/PicoDev/pico-sdk/src/rp2_common/pico_runtime/runtime.c.obj
                0x00000000100018e8                runtime_init
 .text._exit    0x00000000100019b4        0x4 CMakeFiles/Oled.dir/home/csowa/Desktop/PicoDev/pico-sdk/src/rp2_common/pico_runtime/runtime.c.obj
                0x00000000100019b4                _exit
 .text._sbrk    0x00000000100019b8       0x38 CMakeFiles/Oled.dir/home/csowa/Desktop/PicoDev/pico-sdk/src/rp2_common/pico_runtime/runtime.c.obj
                0x00000000100019b8                _sbrk
 .text.exit     0x00000000100019f0        0x6 CMakeFiles/Oled.dir/home/csowa/Desktop/PicoDev/pico-sdk/src/rp2_common/pico_runtime/runtime.c.obj
                0x00000000100019f0                exit
 *fill*         0x00000000100019f6        0x2 
 .text.__assert_func
                0x00000000100019f8       0x3c CMakeFiles/Oled.dir/home/csowa/Desktop/PicoDev/pico-sdk/src/rp2_common/pico_runtime/runtime.c.obj
                0x00000000100019f8                __assert_func
 .text.panic    0x0000000010001a34       0x30 CMakeFiles/Oled.dir/home/csowa/Desktop/PicoDev/pico-sdk/src/rp2_common/pico_runtime/runtime.c.obj
                0x0000000010001a34                panic
 .text.clock_configure
                0x0000000010001a64       0xe8 CMakeFiles/Oled.dir/home/csowa/Desktop/PicoDev/pico-sdk/src/rp2_common/hardware_clocks/clocks.c.obj
                0x0000000010001a64                clock_configure
 .text.clocks_init
                0x0000000010001b4c      0x124 CMakeFiles/Oled.dir/home/csowa/Desktop/PicoDev/pico-sdk/src/rp2_common/hardware_clocks/clocks.c.obj
                0x0000000010001b4c                clocks_init
 .text.clock_get_hz
                0x0000000010001c70        0xc CMakeFiles/Oled.dir/home/csowa/Desktop/PicoDev/pico-sdk/src/rp2_common/hardware_clocks/clocks.c.obj
                0x0000000010001c70                clock_get_hz
 .text.watchdog_start_tick
                0x0000000010001c7c       0x10 CMakeFiles/Oled.dir/home/csowa/Desktop/PicoDev/pico-sdk/src/rp2_common/hardware_watchdog/watchdog.c.obj
                0x0000000010001c7c                watchdog_start_tick
 .text.xosc_init
                0x0000000010001c8c       0x28 CMakeFiles/Oled.dir/home/csowa/Desktop/PicoDev/pico-sdk/src/rp2_common/hardware_xosc/xosc.c.obj
                0x0000000010001c8c                xosc_init
 .text.pll_init
                0x0000000010001cb4       0xd4 CMakeFiles/Oled.dir/home/csowa/Desktop/PicoDev/pico-sdk/src/rp2_common/hardware_pll/pll.c.obj
                0x0000000010001cb4                pll_init
 .text.set_raw_irq_handler_and_unlock
                0x0000000010001d88       0x28 CMakeFiles/Oled.dir/home/csowa/Desktop/PicoDev/pico-sdk/src/rp2_common/hardware_irq/irq.c.obj
 .text.make_branch
                0x0000000010001db0       0x34 CMakeFiles/Oled.dir/home/csowa/Desktop/PicoDev/pico-sdk/src/rp2_common/hardware_irq/irq.c.obj
 .text.insert_branch_and_link
                0x0000000010001de4       0x40 CMakeFiles/Oled.dir/home/csowa/Desktop/PicoDev/pico-sdk/src/rp2_common/hardware_irq/irq.c.obj
 .text.irq_is_enabled
                0x0000000010001e24       0x18 CMakeFiles/Oled.dir/home/csowa/Desktop/PicoDev/pico-sdk/src/rp2_common/hardware_irq/irq.c.obj
                0x0000000010001e24                irq_is_enabled
 .text.irq_set_mask_enabled
                0x0000000010001e3c       0x20 CMakeFiles/Oled.dir/home/csowa/Desktop/PicoDev/pico-sdk/src/rp2_common/hardware_irq/irq.c.obj
                0x0000000010001e3c                irq_set_mask_enabled
 .text.irq_set_enabled
                0x0000000010001e5c        0xe CMakeFiles/Oled.dir/home/csowa/Desktop/PicoDev/pico-sdk/src/rp2_common/hardware_irq/irq.c.obj
                0x0000000010001e5c                irq_set_enabled
 *fill*         0x0000000010001e6a        0x2 
 .text.irq_get_vtable_handler
                0x0000000010001e6c       0x10 CMakeFiles/Oled.dir/home/csowa/Desktop/PicoDev/pico-sdk/src/rp2_common/hardware_irq/irq.c.obj
                0x0000000010001e6c                irq_get_vtable_handler
 .text.irq_set_exclusive_handler
                0x0000000010001e7c       0x54 CMakeFiles/Oled.dir/home/csowa/Desktop/PicoDev/pico-sdk/src/rp2_common/hardware_irq/irq.c.obj
                0x0000000010001e7c                irq_set_exclusive_handler
 .text.irq_remove_handler
                0x0000000010001ed0      0x1b4 CMakeFiles/Oled.dir/home/csowa/Desktop/PicoDev/pico-sdk/src/rp2_common/hardware_irq/irq.c.obj
                0x0000000010001ed0                irq_remove_handler
 .text.irq_set_priority
                0x0000000010002084       0x28 CMakeFiles/Oled.dir/home/csowa/Desktop/PicoDev/pico-sdk/src/rp2_common/hardware_irq/irq.c.obj
                0x0000000010002084                irq_set_priority
 .text.irq_add_tail_to_free_list
                0x00000000100020ac       0xf8 CMakeFiles/Oled.dir/home/csowa/Desktop/PicoDev/pico-sdk/src/rp2_common/hardware_irq/irq.c.obj
                0x00000000100020ac                irq_add_tail_to_free_list
 .text.irq_init_priorities
                0x00000000100021a4       0x16 CMakeFiles/Oled.dir/home/csowa/Desktop/PicoDev/pico-sdk/src/rp2_common/hardware_irq/irq.c.obj
                0x00000000100021a4                irq_init_priorities
 .text._out_null
                0x00000000100021ba        0x2 CMakeFiles/Oled.dir/home/csowa/Desktop/PicoDev/pico-sdk/src/rp2_common/pico_printf/printf.c.obj
 .text._out_fct
                0x00000000100021bc        0xe CMakeFiles/Oled.dir/home/csowa/Desktop/PicoDev/pico-sdk/src/rp2_common/pico_printf/printf.c.obj
 .text._atoi    0x00000000100021ca       0x24 CMakeFiles/Oled.dir/home/csowa/Desktop/PicoDev/pico-sdk/src/rp2_common/pico_printf/printf.c.obj
 .text._out_rev
                0x00000000100021ee       0xae CMakeFiles/Oled.dir/home/csowa/Desktop/PicoDev/pico-sdk/src/rp2_common/pico_printf/printf.c.obj
 .text._ntoa_format
                0x000000001000229c      0x112 CMakeFiles/Oled.dir/home/csowa/Desktop/PicoDev/pico-sdk/src/rp2_common/pico_printf/printf.c.obj
 .text._ntoa_long
                0x00000000100023ae       0xbc CMakeFiles/Oled.dir/home/csowa/Desktop/PicoDev/pico-sdk/src/rp2_common/pico_printf/printf.c.obj
 .text._ntoa_long_long
                0x000000001000246a       0xe2 CMakeFiles/Oled.dir/home/csowa/Desktop/PicoDev/pico-sdk/src/rp2_common/pico_printf/printf.c.obj
 .text._etoa    0x000000001000254c      0x404 CMakeFiles/Oled.dir/home/csowa/Desktop/PicoDev/pico-sdk/src/rp2_common/pico_printf/printf.c.obj
 .text._ftoa    0x0000000010002950      0x354 CMakeFiles/Oled.dir/home/csowa/Desktop/PicoDev/pico-sdk/src/rp2_common/pico_printf/printf.c.obj
 .text._vsnprintf
                0x0000000010002ca4      0x624 CMakeFiles/Oled.dir/home/csowa/Desktop/PicoDev/pico-sdk/src/rp2_common/pico_printf/printf.c.obj
 .text.vfctprintf
                0x00000000100032c8       0x20 CMakeFiles/Oled.dir/home/csowa/Desktop/PicoDev/pico-sdk/src/rp2_common/pico_printf/printf.c.obj
                0x00000000100032c8                vfctprintf
 .text          0x00000000100032e8       0x10 CMakeFiles/Oled.dir/home/csowa/Desktop/PicoDev/pico-sdk/src/rp2_common/pico_bit_ops/bit_ops_aeabi.S.obj
 .text.rom_func_lookup
                0x00000000100032f8       0x10 CMakeFiles/Oled.dir/home/csowa/Desktop/PicoDev/pico-sdk/src/rp2_common/pico_bootrom/bootrom.c.obj
                0x00000000100032f8                rom_func_lookup
 .text.rom_data_lookup
                0x0000000010003308       0x10 CMakeFiles/Oled.dir/home/csowa/Desktop/PicoDev/pico-sdk/src/rp2_common/pico_bootrom/bootrom.c.obj
                0x0000000010003308                rom_data_lookup
 .text.rom_funcs_lookup
                0x0000000010003318       0x36 CMakeFiles/Oled.dir/home/csowa/Desktop/PicoDev/pico-sdk/src/rp2_common/pico_bootrom/bootrom.c.obj
                0x0000000010003318                rom_funcs_lookup
 *fill*         0x000000001000334e        0x2 
 .text.__wrap___aeabi_idiv
                0x0000000010003350       0x58 CMakeFiles/Oled.dir/home/csowa/Desktop/PicoDev/pico-sdk/src/rp2_common/pico_divider/divider.S.obj
                0x0000000010003350                __wrap___aeabi_idivmod
                0x0000000010003350                divmod_s32s32
                0x0000000010003350                div_s32s32
                0x0000000010003350                __wrap___aeabi_idiv
                0x0000000010003358                divmod_s32s32_unsafe
                0x0000000010003384                divmod_s32s32_savestate
 .text.__wrap___aeabi_uidiv
                0x00000000100033a8       0x54 CMakeFiles/Oled.dir/home/csowa/Desktop/PicoDev/pico-sdk/src/rp2_common/pico_divider/divider.S.obj
                0x00000000100033a8                __wrap___aeabi_uidiv
                0x00000000100033a8                __wrap___aeabi_uidivmod
                0x00000000100033a8                div_u32u32
                0x00000000100033a8                divmod_u32u32
                0x00000000100033b0                divmod_u32u32_unsafe
                0x00000000100033d8                divmod_u32u32_savestate
 .text.__wrap___aeabi_ldiv
                0x00000000100033fc      0x430 CMakeFiles/Oled.dir/home/csowa/Desktop/PicoDev/pico-sdk/src/rp2_common/pico_divider/divider.S.obj
                0x00000000100033fc                div_s64s64
                0x00000000100033fc                divmod_s64s64
                0x00000000100033fc                __wrap___aeabi_ldivmod
                0x0000000010003434                div_u64u64
                0x0000000010003434                divmod_u64u64
                0x0000000010003434                __wrap___aeabi_uldivmod
                0x0000000010003444                divmod_u64u64_savestate
                0x000000001000346c                divmod_s64s64_unsafe
                0x00000000100034f4                divmod_u64u64_unsafe
 .text.__wrap___aeabi_darithmetic
                0x000000001000382c       0x54 CMakeFiles/Oled.dir/home/csowa/Desktop/PicoDev/pico-sdk/src/rp2_common/pico_double/double_aeabi.S.obj
                0x000000001000382c                __wrap___aeabi_drsub
                0x0000000010003832                __wrap___aeabi_dsub
                0x0000000010003844                __wrap___aeabi_dadd
                0x0000000010003856                __wrap___aeabi_ddiv
                0x0000000010003868                __wrap___aeabi_dmul
 .text.__wrap___aeabi_cdcmple
                0x0000000010003880       0x6c CMakeFiles/Oled.dir/home/csowa/Desktop/PicoDev/pico-sdk/src/rp2_common/pico_double/double_aeabi.S.obj
                0x0000000010003880                __wrap___aeabi_cdrcmple
                0x0000000010003890                __wrap___aeabi_cdcmple
                0x0000000010003890                __wrap___aeabi_cdcmpeq
 .text.__wrap___aeabi_dcmplt
                0x00000000100038ec        0xc CMakeFiles/Oled.dir/home/csowa/Desktop/PicoDev/pico-sdk/src/rp2_common/pico_double/double_aeabi.S.obj
                0x00000000100038ec                __wrap___aeabi_dcmplt
 .text.__wrap___aeabi_dcmple
                0x00000000100038f8       0x10 CMakeFiles/Oled.dir/home/csowa/Desktop/PicoDev/pico-sdk/src/rp2_common/pico_double/double_aeabi.S.obj
                0x00000000100038f8                __wrap___aeabi_dcmple
 .text.__wrap___aeabi_dcmpge
                0x0000000010003908       0x10 CMakeFiles/Oled.dir/home/csowa/Desktop/PicoDev/pico-sdk/src/rp2_common/pico_double/double_aeabi.S.obj
                0x0000000010003908                __wrap___aeabi_dcmpge
 .text.__wrap___aeabi_dcmpgt
                0x0000000010003918        0xa CMakeFiles/Oled.dir/home/csowa/Desktop/PicoDev/pico-sdk/src/rp2_common/pico_double/double_aeabi.S.obj
                0x0000000010003918                __wrap___aeabi_dcmpgt
 .text.__wrap___aeabi_dcmpun
                0x0000000010003922       0x1c CMakeFiles/Oled.dir/home/csowa/Desktop/PicoDev/pico-sdk/src/rp2_common/pico_double/double_aeabi.S.obj
                0x0000000010003922                __wrap___aeabi_dcmpun
 *fill*         0x000000001000393e        0x2 
 .text.__wrap___aeabi_i2d
                0x0000000010003940       0x38 CMakeFiles/Oled.dir/home/csowa/Desktop/PicoDev/pico-sdk/src/rp2_common/pico_double/double_aeabi.S.obj
                0x0000000010003940                __wrap___aeabi_ui2d
                0x0000000010003948                __wrap___aeabi_i2d
 .text.__wrap___aeabi_d2iz
                0x0000000010003978       0x48 CMakeFiles/Oled.dir/home/csowa/Desktop/PicoDev/pico-sdk/src/rp2_common/pico_double/double_aeabi.S.obj
                0x0000000010003978                __wrap___aeabi_d2iz
                0x0000000010003978                double2int_z
 .text.__wrap___aeabi_d2uiz
                0x00000000100039c0       0x18 CMakeFiles/Oled.dir/home/csowa/Desktop/PicoDev/pico-sdk/src/rp2_common/pico_double/double_aeabi.S.obj
                0x00000000100039c0                double2uint
                0x00000000100039c0                __wrap___aeabi_d2uiz
 .text.__aeabi_double_init
                0x00000000100039d8       0xb8 CMakeFiles/Oled.dir/home/csowa/Desktop/PicoDev/pico-sdk/src/rp2_common/pico_double/double_init_rom.c.obj
                0x00000000100039d8                __aeabi_double_init
 .text.double_table_shim_on_use_helper
                0x0000000010003a90       0x34 CMakeFiles/Oled.dir/home/csowa/Desktop/PicoDev/pico-sdk/src/rp2_common/pico_double/double_v1_rom_shim.S.obj
                0x0000000010003a90                double_table_shim_on_use_helper
 .text.__wrap___aeabi_dsub
                0x0000000010003ac4       0x10 CMakeFiles/Oled.dir/home/csowa/Desktop/PicoDev/pico-sdk/src/rp2_common/pico_double/double_v1_rom_shim.S.obj
                0x0000000010003ac4                drsub_shim
                0x0000000010003aca                dsub_shim
 .text.dadd_shim
                0x0000000010003ad4      0x15c CMakeFiles/Oled.dir/home/csowa/Desktop/PicoDev/pico-sdk/src/rp2_common/pico_double/double_v1_rom_shim.S.obj
                0x0000000010003ad4                dadd_shim
 .text.dmul_shim
                0x0000000010003c30      0x15c CMakeFiles/Oled.dir/home/csowa/Desktop/PicoDev/pico-sdk/src/rp2_common/pico_double/double_v1_rom_shim.S.obj
                0x0000000010003c30                dmul_shim
 .text.ddiv_shim
                0x0000000010003d8c      0x1b0 CMakeFiles/Oled.dir/home/csowa/Desktop/PicoDev/pico-sdk/src/rp2_common/pico_double/double_v1_rom_shim.S.obj
                0x0000000010003d8c                ddiv_shim
 .text.dcordic_rot_step
                0x0000000010003f3c       0x7c CMakeFiles/Oled.dir/home/csowa/Desktop/PicoDev/pico-sdk/src/rp2_common/pico_double/double_v1_rom_shim.S.obj
                0x0000000010003f3c                dcordic_rot_step
 .text.double2uint_shim
                0x0000000010003fb8        0xe CMakeFiles/Oled.dir/home/csowa/Desktop/PicoDev/pico-sdk/src/rp2_common/pico_double/double_v1_rom_shim.S.obj
                0x0000000010003fb8                double2uint_shim
                0x0000000010003fba                double2ufix_shim
 *fill*         0x0000000010003fc6        0x2 
 .text.double2uint64_shim
                0x0000000010003fc8       0x6c CMakeFiles/Oled.dir/home/csowa/Desktop/PicoDev/pico-sdk/src/rp2_common/pico_double/double_v1_rom_shim.S.obj
                0x0000000010003fc8                double2uint64_shim
                0x0000000010003fca                double2ufix64_shim
                0x0000000010003fe4                d2fix_a
 .text.dunpacks
                0x0000000010004034       0x3c CMakeFiles/Oled.dir/home/csowa/Desktop/PicoDev/pico-sdk/src/rp2_common/pico_double/double_v1_rom_shim.S.obj
                0x0000000010004034                dunpacks
 .text.__aeabi_lmul
                0x0000000010004070       0x32 CMakeFiles/Oled.dir/home/csowa/Desktop/PicoDev/pico-sdk/src/rp2_common/pico_int64_ops/pico_int64_ops_aeabi.S.obj
                0x0000000010004070                __wrap___aeabi_lmul
 *fill*         0x00000000100040a2        0x2 
 .text.__aeabi_float_init
                0x00000000100040a4       0xfc CMakeFiles/Oled.dir/home/csowa/Desktop/PicoDev/pico-sdk/src/rp2_common/pico_float/float_init_rom.c.obj
                0x00000000100040a4                __aeabi_float_init
 .text.float_table_shim_on_use_helper
                0x00000000100041a0       0x34 CMakeFiles/Oled.dir/home/csowa/Desktop/PicoDev/pico-sdk/src/rp2_common/pico_float/float_v1_rom_shim.S.obj
                0x00000000100041a0                float_table_shim_on_use_helper
 .text.__wrap_malloc
                0x00000000100041d4        0x8 CMakeFiles/Oled.dir/home/csowa/Desktop/PicoDev/pico-sdk/src/rp2_common/pico_malloc/pico_malloc.c.obj
                0x00000000100041d4                __wrap_malloc
 .text.__wrap_calloc
                0x00000000100041dc        0x8 CMakeFiles/Oled.dir/home/csowa/Desktop/PicoDev/pico-sdk/src/rp2_common/pico_malloc/pico_malloc.c.obj
                0x00000000100041dc                __wrap_calloc
 .text          0x00000000100041e4       0x10 CMakeFiles/Oled.dir/home/csowa/Desktop/PicoDev/pico-sdk/src/rp2_common/pico_mem_ops/mem_ops_aeabi.S.obj
                0x00000000100041e4                __aeabi_mem_init
 .text.memset   0x00000000100041f4        0xc CMakeFiles/Oled.dir/home/csowa/Desktop/PicoDev/pico-sdk/src/rp2_common/pico_mem_ops/mem_ops_aeabi.S.obj
                0x00000000100041f4                __wrap_memset
 .text.memcpy   0x0000000010004200        0xc CMakeFiles/Oled.dir/home/csowa/Desktop/PicoDev/pico-sdk/src/rp2_common/pico_mem_ops/mem_ops_aeabi.S.obj
                0x0000000010004200                __wrap___aeabi_memcpy
                0x0000000010004200                __wrap_memcpy
 .text.stdio_out_chars_crlf
                0x000000001000420c       0x80 CMakeFiles/Oled.dir/home/csowa/Desktop/PicoDev/pico-sdk/src/rp2_common/pico_stdio/stdio.c.obj
 .text.stdio_stack_buffer_flush
                0x000000001000428c       0x44 CMakeFiles/Oled.dir/home/csowa/Desktop/PicoDev/pico-sdk/src/rp2_common/pico_stdio/stdio.c.obj
 .text.stdio_buffered_printer
                0x00000000100042d0       0x20 CMakeFiles/Oled.dir/home/csowa/Desktop/PicoDev/pico-sdk/src/rp2_common/pico_stdio/stdio.c.obj
 .text.stdout_serialize_begin
                0x00000000100042f0       0x2c CMakeFiles/Oled.dir/home/csowa/Desktop/PicoDev/pico-sdk/src/rp2_common/pico_stdio/stdio.c.obj
                0x00000000100042f0                stdout_serialize_begin
 .text.stdout_serialize_end
                0x000000001000431c       0x10 CMakeFiles/Oled.dir/home/csowa/Desktop/PicoDev/pico-sdk/src/rp2_common/pico_stdio/stdio.c.obj
                0x000000001000431c                stdout_serialize_end
 .text.stdio_put_string
                0x000000001000432c       0x84 CMakeFiles/Oled.dir/home/csowa/Desktop/PicoDev/pico-sdk/src/rp2_common/pico_stdio/stdio.c.obj
 .text.stdio_set_driver_enabled
                0x00000000100043b0       0x38 CMakeFiles/Oled.dir/home/csowa/Desktop/PicoDev/pico-sdk/src/rp2_common/pico_stdio/stdio.c.obj
                0x00000000100043b0                stdio_set_driver_enabled
 .text.stdio_flush
                0x00000000100043e8       0x20 CMakeFiles/Oled.dir/home/csowa/Desktop/PicoDev/pico-sdk/src/rp2_common/pico_stdio/stdio.c.obj
                0x00000000100043e8                stdio_flush
 .text.__wrap_puts
                0x0000000010004408       0x1c CMakeFiles/Oled.dir/home/csowa/Desktop/PicoDev/pico-sdk/src/rp2_common/pico_stdio/stdio.c.obj
                0x0000000010004408                __wrap_puts
 .text.__wrap_vprintf
                0x0000000010004424       0x44 CMakeFiles/Oled.dir/home/csowa/Desktop/PicoDev/pico-sdk/src/rp2_common/pico_stdio/stdio.c.obj
                0x0000000010004424                __wrap_vprintf
 .text.__wrap_printf
                0x0000000010004468       0x18 CMakeFiles/Oled.dir/home/csowa/Desktop/PicoDev/pico-sdk/src/rp2_common/pico_stdio/stdio.c.obj
                0x0000000010004468                __wrap_printf
 .text.stdio_init_all
                0x0000000010004480        0x8 CMakeFiles/Oled.dir/home/csowa/Desktop/PicoDev/pico-sdk/src/rp2_common/pico_stdio/stdio.c.obj
                0x0000000010004480                stdio_init_all
 .text.stdio_uart_out_chars
                0x0000000010004488       0x6c CMakeFiles/Oled.dir/home/csowa/Desktop/PicoDev/pico-sdk/src/rp2_common/pico_stdio_uart/stdio_uart.c.obj
 .text.stdio_uart_in_chars
                0x00000000100044f4       0x58 CMakeFiles/Oled.dir/home/csowa/Desktop/PicoDev/pico-sdk/src/rp2_common/pico_stdio_uart/stdio_uart.c.obj
                0x00000000100044f4                stdio_uart_in_chars
 .text.stdio_uart_init_full
                0x000000001000454c       0x3c CMakeFiles/Oled.dir/home/csowa/Desktop/PicoDev/pico-sdk/src/rp2_common/pico_stdio_uart/stdio_uart.c.obj
                0x000000001000454c                stdio_uart_init_full
 .text.stdio_uart_init
                0x0000000010004588       0x28 CMakeFiles/Oled.dir/home/csowa/Desktop/PicoDev/pico-sdk/src/rp2_common/pico_stdio_uart/stdio_uart.c.obj
                0x0000000010004588                stdio_uart_init
 .text.spi_set_baudrate
                0x00000000100045b0       0x92 CMakeFiles/Oled.dir/home/csowa/Desktop/PicoDev/pico-sdk/src/rp2_common/hardware_spi/spi.c.obj
                0x00000000100045b0                spi_set_baudrate
 *fill*         0x0000000010004642        0x2 
 .text.spi_init
                0x0000000010004644       0x6c CMakeFiles/Oled.dir/home/csowa/Desktop/PicoDev/pico-sdk/src/rp2_common/hardware_spi/spi.c.obj
                0x0000000010004644                spi_init
 .text.atexit   0x00000000100046b0       0x10 /usr/lib/gcc/arm-none-eabi/10.2.0/../../../../arm-none-eabi/lib/thumb/v6-m/nofp/libg.a(lib_a-atexit.o)
                0x00000000100046b0                atexit
 .text.calloc   0x00000000100046c0       0x18 /usr/lib/gcc/arm-none-eabi/10.2.0/../../../../arm-none-eabi/lib/thumb/v6-m/nofp/libg.a(lib_a-calloc.o)
                0x00000000100046c0                calloc
 .text._calloc_r
                0x00000000100046d8       0x9c /usr/lib/gcc/arm-none-eabi/10.2.0/../../../../arm-none-eabi/lib/thumb/v6-m/nofp/libg.a(lib_a-callocr.o)
                0x00000000100046d8                _calloc_r
 .text.__errno  0x0000000010004774        0xc /usr/lib/gcc/arm-none-eabi/10.2.0/../../../../arm-none-eabi/lib/thumb/v6-m/nofp/libg.a(lib_a-errno.o)
                0x0000000010004774                __errno
 .text.__libc_fini_array
                0x0000000010004780       0x28 /usr/lib/gcc/arm-none-eabi/10.2.0/../../../../arm-none-eabi/lib/thumb/v6-m/nofp/libg.a(lib_a-fini.o)
                0x0000000010004780                __libc_fini_array
 .text.malloc   0x00000000100047a8       0x14 /usr/lib/gcc/arm-none-eabi/10.2.0/../../../../arm-none-eabi/lib/thumb/v6-m/nofp/libg.a(lib_a-malloc.o)
                0x00000000100047a8                malloc
 .text._malloc_r
                0x00000000100047bc      0x598 /usr/lib/gcc/arm-none-eabi/10.2.0/../../../../arm-none-eabi/lib/thumb/v6-m/nofp/libg.a(lib_a-mallocr.o)
                0x00000000100047bc                _malloc_r
 .text.__malloc_lock
                0x0000000010004d54       0x10 /usr/lib/gcc/arm-none-eabi/10.2.0/../../../../arm-none-eabi/lib/thumb/v6-m/nofp/libg.a(lib_a-mlock.o)
                0x0000000010004d54                __malloc_lock
 .text.__malloc_unlock
                0x0000000010004d64       0x10 /usr/lib/gcc/arm-none-eabi/10.2.0/../../../../arm-none-eabi/lib/thumb/v6-m/nofp/libg.a(lib_a-mlock.o)
                0x0000000010004d64                __malloc_unlock
 .text._sbrk_r  0x0000000010004d74       0x24 /usr/lib/gcc/arm-none-eabi/10.2.0/../../../../arm-none-eabi/lib/thumb/v6-m/nofp/libg.a(lib_a-sbrkr.o)
                0x0000000010004d74                _sbrk_r
 .text.strlen   0x0000000010004d98       0x5c /usr/lib/gcc/arm-none-eabi/10.2.0/../../../../arm-none-eabi/lib/thumb/v6-m/nofp/libg.a(lib_a-strlen-stub.o)
                0x0000000010004d98                strlen
 .text.__register_exitproc
                0x0000000010004df4       0xb0 /usr/lib/gcc/arm-none-eabi/10.2.0/../../../../arm-none-eabi/lib/thumb/v6-m/nofp/libg.a(lib_a-__atexit.o)
                0x0000000010004df4                __register_exitproc
 .text.startup.register_fini
                0x0000000010004ea4       0x18 /usr/lib/gcc/arm-none-eabi/10.2.0/../../../../arm-none-eabi/lib/thumb/v6-m/nofp/libg.a(lib_a-__call_atexit.o)
 .text._malloc_trim_r
                0x0000000010004ebc       0x9c /usr/lib/gcc/arm-none-eabi/10.2.0/../../../../arm-none-eabi/lib/thumb/v6-m/nofp/libg.a(lib_a-freer.o)
                0x0000000010004ebc                _malloc_trim_r
 .text._free_r  0x0000000010004f58      0x1dc /usr/lib/gcc/arm-none-eabi/10.2.0/../../../../arm-none-eabi/lib/thumb/v6-m/nofp/libg.a(lib_a-freer.o)
                0x0000000010004f58                _free_r
 .text.__retarget_lock_acquire_recursive
                0x0000000010005134        0x4 /usr/lib/gcc/arm-none-eabi/10.2.0/../../../../arm-none-eabi/lib/thumb/v6-m/nofp/libg.a(lib_a-lock.o)
                0x0000000010005134                __retarget_lock_acquire_recursive
 .text.__retarget_lock_release_recursive
                0x0000000010005138        0x4 /usr/lib/gcc/arm-none-eabi/10.2.0/../../../../arm-none-eabi/lib/thumb/v6-m/nofp/libg.a(lib_a-lock.o)
                0x0000000010005138                __retarget_lock_release_recursive
 *(.fini)
 .fini          0x000000001000513c        0x4 /usr/lib/gcc/arm-none-eabi/10.2.0/thumb/v6-m/nofp/crti.o
                0x000000001000513c                _fini
 .fini.__stub   0x0000000010005140       0x60 linker stubs
 *crtbegin.o(.ctors)
 *crtbegin?.o(.ctors)
 *(EXCLUDE_FILE(*crtend.o *crtend?.o) .ctors)
 *(SORT_BY_NAME(.ctors.*))
 *(.ctors)
 *crtbegin.o(.dtors)
 *crtbegin?.o(.dtors)
 *(EXCLUDE_FILE(*crtend.o *crtend?.o) .dtors)
 *(SORT_BY_NAME(.dtors.*))
 *(.dtors)
 *(.eh_frame*)
 .eh_frame      0x00000000100051a0        0x0 /usr/lib/gcc/arm-none-eabi/10.2.0/thumb/v6-m/nofp/crtbegin.o
                0x00000000100051a0                . = ALIGN (0x4)

.glue_7         0x00000000100051a0        0x0
 .glue_7        0x00000000100051a0        0x0 linker stubs

.glue_7t        0x00000000100051a0        0x0
 .glue_7t       0x00000000100051a0        0x0 linker stubs

.vfp11_veneer   0x00000000100051a0        0x0
 .vfp11_veneer  0x00000000100051a0        0x0 linker stubs

.v4_bx          0x00000000100051a0        0x0
 .v4_bx         0x00000000100051a0        0x0 linker stubs

.iplt           0x00000000100051a0        0x0
 .iplt          0x00000000100051a0        0x0 /usr/lib/gcc/arm-none-eabi/10.2.0/thumb/v6-m/nofp/crtbegin.o

.rodata         0x00000000100051a0      0xd94
 *(EXCLUDE_FILE(*libm.a: *libc.a:*lib_a-mem*.o *libgcc.a:) .rodata*)
 .rodata.main.str1.4
                0x00000000100051a0        0xe CMakeFiles/Oled.dir/Oled.c.obj
 *fill*         0x00000000100051ae        0x2 
 .rodata.alarm_pool_dump_key.str1.4
                0x00000000100051b0       0x77 CMakeFiles/Oled.dir/home/csowa/Desktop/PicoDev/pico-sdk/src/common/pico_time/time.c.obj
 *fill*         0x0000000010005227        0x1 
 .rodata.ph_add_child_node.str1.4
                0x0000000010005228       0x9e CMakeFiles/Oled.dir/home/csowa/Desktop/PicoDev/pico-sdk/src/common/pico_time/time.c.obj
 *fill*         0x00000000100052c6        0x2 
 .rodata.add_alarm_under_lock.str1.4
                0x00000000100052c8       0x27 CMakeFiles/Oled.dir/home/csowa/Desktop/PicoDev/pico-sdk/src/common/pico_time/time.c.obj
 *fill*         0x00000000100052ef        0x1 
 .rodata.alarm_pool_alarm_callback.str1.4
                0x00000000100052f0       0x7d CMakeFiles/Oled.dir/home/csowa/Desktop/PicoDev/pico-sdk/src/common/pico_time/time.c.obj
 *fill*         0x000000001000536d        0x3 
 .rodata.alarm_pool_get_default.str1.4
                0x0000000010005370       0x13 CMakeFiles/Oled.dir/home/csowa/Desktop/PicoDev/pico-sdk/src/common/pico_time/time.c.obj
 *fill*         0x0000000010005383        0x1 
 .rodata.__func__.10
                0x0000000010005384       0x17 CMakeFiles/Oled.dir/home/csowa/Desktop/PicoDev/pico-sdk/src/common/pico_time/time.c.obj
 *fill*         0x000000001000539b        0x1 
 .rodata.__func__.2
                0x000000001000539c       0x12 CMakeFiles/Oled.dir/home/csowa/Desktop/PicoDev/pico-sdk/src/common/pico_time/time.c.obj
 *fill*         0x00000000100053ae        0x2 
 .rodata.__func__.3
                0x00000000100053b0       0x14 CMakeFiles/Oled.dir/home/csowa/Desktop/PicoDev/pico-sdk/src/common/pico_time/time.c.obj
 .rodata.__func__.4
                0x00000000100053c4       0x12 CMakeFiles/Oled.dir/home/csowa/Desktop/PicoDev/pico-sdk/src/common/pico_time/time.c.obj
 *fill*         0x00000000100053d6        0x2 
 .rodata.__func__.5
                0x00000000100053d8        0xa CMakeFiles/Oled.dir/home/csowa/Desktop/PicoDev/pico-sdk/src/common/pico_time/time.c.obj
 *fill*         0x00000000100053e2        0x2 
 .rodata.__func__.6
                0x00000000100053e4        0xc CMakeFiles/Oled.dir/home/csowa/Desktop/PicoDev/pico-sdk/src/common/pico_time/time.c.obj
 .rodata.__func__.7
                0x00000000100053f0       0x15 CMakeFiles/Oled.dir/home/csowa/Desktop/PicoDev/pico-sdk/src/common/pico_time/time.c.obj
 *fill*         0x0000000010005405        0x3 
 .rodata.__func__.8
                0x0000000010005408       0x1a CMakeFiles/Oled.dir/home/csowa/Desktop/PicoDev/pico-sdk/src/common/pico_time/time.c.obj
 *fill*         0x0000000010005422        0x2 
 .rodata.__func__.9
                0x0000000010005424        0xa CMakeFiles/Oled.dir/home/csowa/Desktop/PicoDev/pico-sdk/src/common/pico_time/time.c.obj
 *fill*         0x000000001000542e        0x2 
 .rodata.hardware_alarm_claim.str1.4
                0x0000000010005430       0x22 CMakeFiles/Oled.dir/home/csowa/Desktop/PicoDev/pico-sdk/src/rp2_common/hardware_timer/timer.c.obj
 *fill*         0x0000000010005452        0x2 
 .rodata.hardware_alarm_set_target.str1.4
                0x0000000010005454       0x6f CMakeFiles/Oled.dir/home/csowa/Desktop/PicoDev/pico-sdk/src/rp2_common/hardware_timer/timer.c.obj
 *fill*         0x00000000100054c3        0x1 
 .rodata.__func__.0
                0x00000000100054c4       0x1a CMakeFiles/Oled.dir/home/csowa/Desktop/PicoDev/pico-sdk/src/rp2_common/hardware_timer/timer.c.obj
 *fill*         0x00000000100054de        0x2 
 .rodata.lock_init.str1.4
                0x00000000100054e0       0x72 CMakeFiles/Oled.dir/home/csowa/Desktop/PicoDev/pico-sdk/src/common/pico_sync/lock_core.c.obj
 *fill*         0x0000000010005552        0x2 
 .rodata.__func__.0
                0x0000000010005554        0xa CMakeFiles/Oled.dir/home/csowa/Desktop/PicoDev/pico-sdk/src/common/pico_sync/lock_core.c.obj
 *fill*         0x000000001000555e        0x2 
 .rodata.str1.4
                0x0000000010005560       0x68 CMakeFiles/Oled.dir/home/csowa/Desktop/PicoDev/pico-sdk/src/common/pico_sync/mutex.c.obj
 .rodata.__func__.0
                0x00000000100055c8        0xb CMakeFiles/Oled.dir/home/csowa/Desktop/PicoDev/pico-sdk/src/common/pico_sync/mutex.c.obj
 *fill*         0x00000000100055d3        0x1 
 .rodata.__func__.2
                0x00000000100055d4       0x15 CMakeFiles/Oled.dir/home/csowa/Desktop/PicoDev/pico-sdk/src/common/pico_sync/mutex.c.obj
 .rodata.ph_add_child_node.str1.4
                0x00000000100055e9       0x9e CMakeFiles/Oled.dir/home/csowa/Desktop/PicoDev/pico-sdk/src/common/pico_util/pheap.c.obj
 *fill*         0x00000000100055e9        0x3 
 .rodata.ph_remove_any_head.str1.4
                0x00000000100055ec       0x98 CMakeFiles/Oled.dir/home/csowa/Desktop/PicoDev/pico-sdk/src/common/pico_util/pheap.c.obj
 .rodata.ph_delete.str1.4
                0x0000000010005684       0x26 CMakeFiles/Oled.dir/home/csowa/Desktop/PicoDev/pico-sdk/src/common/pico_util/pheap.c.obj
 *fill*         0x00000000100056aa        0x2 
 .rodata.__func__.0
                0x00000000100056ac        0xa CMakeFiles/Oled.dir/home/csowa/Desktop/PicoDev/pico-sdk/src/common/pico_util/pheap.c.obj
 *fill*         0x00000000100056b6        0x2 
 .rodata.__func__.1
                0x00000000100056b8       0x13 CMakeFiles/Oled.dir/home/csowa/Desktop/PicoDev/pico-sdk/src/common/pico_util/pheap.c.obj
 *fill*         0x00000000100056cb        0x1 
 .rodata.__func__.2
                0x00000000100056cc       0x12 CMakeFiles/Oled.dir/home/csowa/Desktop/PicoDev/pico-sdk/src/common/pico_util/pheap.c.obj
 *fill*         0x00000000100056de        0x2 
 .rodata.__func__.3
                0x00000000100056e0        0xc CMakeFiles/Oled.dir/home/csowa/Desktop/PicoDev/pico-sdk/src/common/pico_util/pheap.c.obj
 .rodata.__assert_func.str1.4
                0x00000000100056ec       0x3f CMakeFiles/Oled.dir/home/csowa/Desktop/PicoDev/pico-sdk/src/rp2_common/pico_runtime/runtime.c.obj
                                         0x43 (size before relaxing)
 *fill*         0x000000001000572b        0x1 
 .rodata.panic.str1.4
                0x000000001000572c       0x12 CMakeFiles/Oled.dir/home/csowa/Desktop/PicoDev/pico-sdk/src/rp2_common/pico_runtime/runtime.c.obj
 *fill*         0x000000001000573e        0x2 
 .rodata.clock_configure.str1.4
                0x0000000010005740       0x61 CMakeFiles/Oled.dir/home/csowa/Desktop/PicoDev/pico-sdk/src/rp2_common/hardware_clocks/clocks.c.obj
 *fill*         0x00000000100057a1        0x3 
 .rodata.__func__.1
                0x00000000100057a4       0x10 CMakeFiles/Oled.dir/home/csowa/Desktop/PicoDev/pico-sdk/src/rp2_common/hardware_clocks/clocks.c.obj
 .rodata.pll_init.str1.4
                0x00000000100057b4       0xe3 CMakeFiles/Oled.dir/home/csowa/Desktop/PicoDev/pico-sdk/src/rp2_common/hardware_pll/pll.c.obj
 *fill*         0x0000000010005897        0x1 
 .rodata.__func__.0
                0x0000000010005898        0x9 CMakeFiles/Oled.dir/home/csowa/Desktop/PicoDev/pico-sdk/src/rp2_common/hardware_pll/pll.c.obj
 *fill*         0x00000000100058a1        0x3 
 .rodata.make_branch.str1.4
                0x00000000100058a4       0x57 CMakeFiles/Oled.dir/home/csowa/Desktop/PicoDev/pico-sdk/src/rp2_common/hardware_irq/irq.c.obj
 *fill*         0x00000000100058fb        0x1 
 .rodata.irq_set_exclusive_handler.str1.4
                0x00000000100058fc       0x36 CMakeFiles/Oled.dir/home/csowa/Desktop/PicoDev/pico-sdk/src/rp2_common/hardware_irq/irq.c.obj
 *fill*         0x0000000010005932        0x2 
 .rodata.irq_add_shared_handler.str1.4
                0x0000000010005934       0xd9 CMakeFiles/Oled.dir/home/csowa/Desktop/PicoDev/pico-sdk/src/rp2_common/hardware_irq/irq.c.obj
 *fill*         0x0000000010005a0d        0x3 
 .rodata.irq_remove_handler.str1.4
                0x0000000010005a10       0x2a CMakeFiles/Oled.dir/home/csowa/Desktop/PicoDev/pico-sdk/src/rp2_common/hardware_irq/irq.c.obj
 *fill*         0x0000000010005a3a        0x2 
 .rodata.irq_add_tail_to_free_list.str1.4
                0x0000000010005a3c       0x32 CMakeFiles/Oled.dir/home/csowa/Desktop/PicoDev/pico-sdk/src/rp2_common/hardware_irq/irq.c.obj
                                         0x3a (size before relaxing)
 *fill*         0x0000000010005a6e        0x2 
 .rodata.__func__.0
                0x0000000010005a70       0x1a CMakeFiles/Oled.dir/home/csowa/Desktop/PicoDev/pico-sdk/src/rp2_common/hardware_irq/irq.c.obj
 *fill*         0x0000000010005a8a        0x2 
 .rodata.__func__.1
                0x0000000010005a8c       0x17 CMakeFiles/Oled.dir/home/csowa/Desktop/PicoDev/pico-sdk/src/rp2_common/hardware_irq/irq.c.obj
 *fill*         0x0000000010005aa3        0x1 
 .rodata.__func__.2
                0x0000000010005aa4       0x13 CMakeFiles/Oled.dir/home/csowa/Desktop/PicoDev/pico-sdk/src/rp2_common/hardware_irq/irq.c.obj
 *fill*         0x0000000010005ab7        0x1 
 .rodata.__func__.3
                0x0000000010005ab8        0xc CMakeFiles/Oled.dir/home/csowa/Desktop/PicoDev/pico-sdk/src/rp2_common/hardware_irq/irq.c.obj
 .rodata.__func__.4
                0x0000000010005ac4        0xf CMakeFiles/Oled.dir/home/csowa/Desktop/PicoDev/pico-sdk/src/rp2_common/hardware_irq/irq.c.obj
 *fill*         0x0000000010005ad3        0x1 
 .rodata.__func__.6
                0x0000000010005ad4       0x1a CMakeFiles/Oled.dir/home/csowa/Desktop/PicoDev/pico-sdk/src/rp2_common/hardware_irq/irq.c.obj
 *fill*         0x0000000010005aee        0x2 
 .rodata._ftoa.str1.4
                0x0000000010005af0       0x15 CMakeFiles/Oled.dir/home/csowa/Desktop/PicoDev/pico-sdk/src/rp2_common/pico_printf/printf.c.obj
 *fill*         0x0000000010005b05        0x3 
 .rodata._vsnprintf
                0x0000000010005b08      0x1e0 CMakeFiles/Oled.dir/home/csowa/Desktop/PicoDev/pico-sdk/src/rp2_common/pico_printf/printf.c.obj
 .rodata.pow10.0
                0x0000000010005ce8       0x50 CMakeFiles/Oled.dir/home/csowa/Desktop/PicoDev/pico-sdk/src/rp2_common/pico_printf/printf.c.obj
 .rodata.__aeabi_double_init.str1.4
                0x0000000010005d38       0xb2 CMakeFiles/Oled.dir/home/csowa/Desktop/PicoDev/pico-sdk/src/rp2_common/pico_double/double_init_rom.c.obj
 *fill*         0x0000000010005dea        0x2 
 .rodata.__func__.0
                0x0000000010005dec       0x14 CMakeFiles/Oled.dir/home/csowa/Desktop/PicoDev/pico-sdk/src/rp2_common/pico_double/double_init_rom.c.obj
 .rodata.__aeabi_float_init.str1.4
                0x0000000010005e00       0x84 CMakeFiles/Oled.dir/home/csowa/Desktop/PicoDev/pico-sdk/src/rp2_common/pico_float/float_init_rom.c.obj
                                         0x88 (size before relaxing)
 .rodata.__func__.0
                0x0000000010005e84       0x13 CMakeFiles/Oled.dir/home/csowa/Desktop/PicoDev/pico-sdk/src/rp2_common/pico_float/float_init_rom.c.obj
 *fill*         0x0000000010005e97        0x1 
 .rodata.str1.4
                0x0000000010005e98       0x30 CMakeFiles/Oled.dir/home/csowa/Desktop/PicoDev/pico-sdk/src/rp2_common/pico_standard_link/binary_info.c.obj
 .rodata.__bi_40
                0x0000000010005ec8        0xc CMakeFiles/Oled.dir/home/csowa/Desktop/PicoDev/pico-sdk/src/rp2_common/pico_standard_link/binary_info.c.obj
 .rodata.__bi_52
                0x0000000010005ed4        0xc CMakeFiles/Oled.dir/home/csowa/Desktop/PicoDev/pico-sdk/src/rp2_common/pico_standard_link/binary_info.c.obj
 .rodata.__bi_71
                0x0000000010005ee0        0xc CMakeFiles/Oled.dir/home/csowa/Desktop/PicoDev/pico-sdk/src/rp2_common/pico_standard_link/binary_info.c.obj
 .rodata.crlf_str.1
                0x0000000010005eec        0x2 CMakeFiles/Oled.dir/home/csowa/Desktop/PicoDev/pico-sdk/src/rp2_common/pico_stdio/stdio.c.obj
 *fill*         0x0000000010005eee        0x2 
 .rodata.str1.4
                0x0000000010005ef0       0x2c CMakeFiles/Oled.dir/home/csowa/Desktop/PicoDev/pico-sdk/src/rp2_common/pico_stdio_uart/stdio_uart.c.obj
 .rodata.__bi_27.4
                0x0000000010005f1c        0xc CMakeFiles/Oled.dir/home/csowa/Desktop/PicoDev/pico-sdk/src/rp2_common/pico_stdio_uart/stdio_uart.c.obj
 .rodata.__bi_28.5
                0x0000000010005f28        0x8 CMakeFiles/Oled.dir/home/csowa/Desktop/PicoDev/pico-sdk/src/rp2_common/pico_stdio_uart/stdio_uart.c.obj
 .rodata._global_impure_ptr
                0x0000000010005f30        0x4 /usr/lib/gcc/arm-none-eabi/10.2.0/../../../../arm-none-eabi/lib/thumb/v6-m/nofp/libg.a(lib_a-impure.o)
                0x0000000010005f30                _global_impure_ptr
                0x0000000010005f34                . = ALIGN (0x4)
 *(SORT_BY_ALIGNMENT(SORT_BY_NAME(.flashdata*)))
                0x0000000010005f34                . = ALIGN (0x4)

.rel.dyn        0x0000000010005f34        0x0
 .rel.iplt      0x0000000010005f34        0x0 /usr/lib/gcc/arm-none-eabi/10.2.0/thumb/v6-m/nofp/crtbegin.o

.ARM.extab
 *(.ARM.extab* .gnu.linkonce.armextab.*)
                0x0000000010005f34                __exidx_start = .

.ARM.exidx
 *(.ARM.exidx* .gnu.linkonce.armexidx.*)
                0x0000000010005f34                __exidx_end = .
                0x0000000010005f34                . = ALIGN (0x4)
                0x0000000010005f34                __binary_info_start = .

.binary_info    0x0000000010005f34       0x24
 *(.binary_info.keep.*)
 .binary_info.keep.__bi_ptr18
                0x0000000010005f34        0x4 CMakeFiles/Oled.dir/home/csowa/Desktop/PicoDev/pico-sdk/src/rp2_common/pico_standard_link/binary_info.c.obj
 .binary_info.keep.__bi_ptr26
                0x0000000010005f38        0x4 CMakeFiles/Oled.dir/home/csowa/Desktop/PicoDev/pico-sdk/src/rp2_common/pico_standard_link/binary_info.c.obj
 .binary_info.keep.__bi_ptr34
                0x0000000010005f3c        0x4 CMakeFiles/Oled.dir/home/csowa/Desktop/PicoDev/pico-sdk/src/rp2_common/pico_standard_link/binary_info.c.obj
 .binary_info.keep.__bi_ptr40
                0x0000000010005f40        0x4 CMakeFiles/Oled.dir/home/csowa/Desktop/PicoDev/pico-sdk/src/rp2_common/pico_standard_link/binary_info.c.obj
 .binary_info.keep.__bi_ptr46
                0x0000000010005f44        0x4 CMakeFiles/Oled.dir/home/csowa/Desktop/PicoDev/pico-sdk/src/rp2_common/pico_standard_link/binary_info.c.obj
 .binary_info.keep.__bi_ptr52
                0x0000000010005f48        0x4 CMakeFiles/Oled.dir/home/csowa/Desktop/PicoDev/pico-sdk/src/rp2_common/pico_standard_link/binary_info.c.obj
 .binary_info.keep.__bi_ptr71
                0x0000000010005f4c        0x4 CMakeFiles/Oled.dir/home/csowa/Desktop/PicoDev/pico-sdk/src/rp2_common/pico_standard_link/binary_info.c.obj
 *(.binary_info.*)
 .binary_info.__bi_ptr27
                0x0000000010005f50        0x4 CMakeFiles/Oled.dir/home/csowa/Desktop/PicoDev/pico-sdk/src/rp2_common/pico_stdio_uart/stdio_uart.c.obj
 .binary_info.__bi_ptr28
                0x0000000010005f54        0x4 CMakeFiles/Oled.dir/home/csowa/Desktop/PicoDev/pico-sdk/src/rp2_common/pico_stdio_uart/stdio_uart.c.obj
                0x0000000010005f58                __binary_info_end = .
                0x0000000010005f58                . = ALIGN (0x4)
                0x0000000010005f58                __etext = .

.ram_vector_table
                0x0000000020000000       0xc0
 *(.ram_vector_table)
 .ram_vector_table
                0x0000000020000000       0xc0 CMakeFiles/Oled.dir/home/csowa/Desktop/PicoDev/pico-sdk/src/rp2_common/pico_runtime/runtime.c.obj
                0x0000000020000000                ram_vector_table

.data           0x00000000200000c0      0xa34 load address 0x0000000010005f58
                0x00000000200000c0                __data_start__ = .
 *(vtable)
 *(.time_critical*)
 .time_critical.mutex_enter_blocking
                0x00000000200000c0       0x64 CMakeFiles/Oled.dir/home/csowa/Desktop/PicoDev/pico-sdk/src/common/pico_sync/mutex.c.obj
                0x00000000200000c0                mutex_enter_blocking
 .time_critical.mutex_try_enter
                0x0000000020000124       0x44 CMakeFiles/Oled.dir/home/csowa/Desktop/PicoDev/pico-sdk/src/common/pico_sync/mutex.c.obj
                0x0000000020000124                mutex_try_enter
 .time_critical.mutex_exit
                0x0000000020000168       0x4c CMakeFiles/Oled.dir/home/csowa/Desktop/PicoDev/pico-sdk/src/common/pico_sync/mutex.c.obj
                0x0000000020000168                mutex_exit
 .time_critical.spi_write_blocking
                0x00000000200001b4       0x3a CMakeFiles/Oled.dir/home/csowa/Desktop/PicoDev/pico-sdk/src/rp2_common/hardware_spi/spi.c.obj
                0x00000000200001b4                spi_write_blocking
 *(.text*)
 *fill*         0x00000000200001ee        0x2 
 .text          0x00000000200001f0        0x4 /usr/lib/gcc/arm-none-eabi/10.2.0/thumb/v6-m/nofp/libgcc.a(_dvmd_tls.o)
                0x00000000200001f0                __aeabi_ldiv0
                0x00000000200001f0                __aeabi_idiv0
 *fill*         0x00000000200001f4        0x4 
 .text.__stub   0x00000000200001f8       0x10 linker stubs
                0x0000000020000208                . = ALIGN (0x4)
 *(.rodata*)
                0x0000000020000208                . = ALIGN (0x4)
 *(.data*)
 .data.striped_spin_lock_num
                0x0000000020000208        0x1 CMakeFiles/Oled.dir/home/csowa/Desktop/PicoDev/pico-sdk/src/rp2_common/hardware_sync/sync.c.obj
 *fill*         0x0000000020000209        0x3 
 .data          0x000000002000020c       0x48 CMakeFiles/Oled.dir/home/csowa/Desktop/PicoDev/pico-sdk/src/rp2_common/hardware_irq/irq_handler_chain.S.obj
                0x000000002000020c                irq_handler_chain_slots
                0x000000002000023c                irq_handler_chain_first_slot
                0x0000000020000246                irq_handler_chain_remove_tail
 *fill*         0x0000000020000254        0xc 
 .data.aeabi_bits_funcs
                0x0000000020000260       0x10 CMakeFiles/Oled.dir/home/csowa/Desktop/PicoDev/pico-sdk/src/rp2_common/pico_bit_ops/bit_ops_aeabi.S.obj
                0x0000000020000260                aeabi_bits_funcs
                0x0000000020000270                aeabi_bits_funcs_end
 .data.aeabi_mem_funcs
                0x0000000020000270       0x10 CMakeFiles/Oled.dir/home/csowa/Desktop/PicoDev/pico-sdk/src/rp2_common/pico_mem_ops/mem_ops_aeabi.S.obj
                0x0000000020000270                aeabi_mem_funcs
                0x0000000020000280                aeabi_mem_funcs_end
 .data.stdio_uart
                0x0000000020000280       0x14 CMakeFiles/Oled.dir/home/csowa/Desktop/PicoDev/pico-sdk/src/rp2_common/pico_stdio_uart/stdio_uart.c.obj
                0x0000000020000280                stdio_uart
 .data._impure_ptr
                0x0000000020000294        0x4 /usr/lib/gcc/arm-none-eabi/10.2.0/../../../../arm-none-eabi/lib/thumb/v6-m/nofp/libg.a(lib_a-impure.o)
                0x0000000020000294                _impure_ptr
 .data.impure_data
                0x0000000020000298      0x428 /usr/lib/gcc/arm-none-eabi/10.2.0/../../../../arm-none-eabi/lib/thumb/v6-m/nofp/libg.a(lib_a-impure.o)
 .data.__malloc_av_
                0x00000000200006c0      0x408 /usr/lib/gcc/arm-none-eabi/10.2.0/../../../../arm-none-eabi/lib/thumb/v6-m/nofp/libg.a(lib_a-mallocr.o)
                0x00000000200006c0                __malloc_av_
 .data.__malloc_sbrk_base
                0x0000000020000ac8        0x4 /usr/lib/gcc/arm-none-eabi/10.2.0/../../../../arm-none-eabi/lib/thumb/v6-m/nofp/libg.a(lib_a-mallocr.o)
                0x0000000020000ac8                __malloc_sbrk_base
 .data.__malloc_trim_threshold
                0x0000000020000acc        0x4 /usr/lib/gcc/arm-none-eabi/10.2.0/../../../../arm-none-eabi/lib/thumb/v6-m/nofp/libg.a(lib_a-mallocr.o)
                0x0000000020000acc                __malloc_trim_threshold
 .data.__atexit_recursive_mutex
                0x0000000020000ad0        0x4 /usr/lib/gcc/arm-none-eabi/10.2.0/../../../../arm-none-eabi/lib/thumb/v6-m/nofp/libg.a(lib_a-__call_atexit.o)
                0x0000000020000ad0                __atexit_recursive_mutex
                0x0000000020000ad4                . = ALIGN (0x4)
 *(.after_data.*)
                0x0000000020000ad4                . = ALIGN (0x4)
                0x0000000020000ad4                PROVIDE (__mutex_array_start = .)
 *(SORT_BY_NAME(.mutex_array.*))
 *(.mutex_array)
 .mutex_array   0x0000000020000ad4        0x8 CMakeFiles/Oled.dir/home/csowa/Desktop/PicoDev/pico-sdk/src/rp2_common/pico_stdio/stdio.c.obj
                0x0000000020000adc                PROVIDE (__mutex_array_end = .)
                0x0000000020000adc                . = ALIGN (0x4)
                0x0000000020000adc                PROVIDE (__preinit_array_start = .)
 *(SORT_BY_NAME(.preinit_array.*))
 .preinit_array.00001
                0x0000000020000adc        0x4 CMakeFiles/Oled.dir/home/csowa/Desktop/PicoDev/pico-sdk/src/rp2_common/pico_mem_ops/mem_ops_aeabi.S.obj
 .preinit_array.00010
                0x0000000020000ae0        0x4 CMakeFiles/Oled.dir/home/csowa/Desktop/PicoDev/pico-sdk/src/rp2_common/pico_bit_ops/bit_ops_aeabi.S.obj
 .preinit_array.00020
                0x0000000020000ae4        0x4 CMakeFiles/Oled.dir/home/csowa/Desktop/PicoDev/pico-sdk/src/rp2_common/pico_double/double_aeabi.S.obj
 .preinit_array.00020
                0x0000000020000ae8        0x4 CMakeFiles/Oled.dir/home/csowa/Desktop/PicoDev/pico-sdk/src/rp2_common/pico_float/float_aeabi.S.obj
 *(.preinit_array)
                0x0000000020000aec                PROVIDE (__preinit_array_end = .)
                0x0000000020000aec                . = ALIGN (0x4)
                0x0000000020000aec                PROVIDE (__init_array_start = .)
 *(SORT_BY_NAME(.init_array.*))
 .init_array.00000
                0x0000000020000aec        0x4 /usr/lib/gcc/arm-none-eabi/10.2.0/../../../../arm-none-eabi/lib/thumb/v6-m/nofp/libg.a(lib_a-__call_atexit.o)
 *(.init_array)
 .init_array    0x0000000020000af0        0x4 /usr/lib/gcc/arm-none-eabi/10.2.0/thumb/v6-m/nofp/crtbegin.o
                0x0000000020000af4                PROVIDE (__init_array_end = .)
                0x0000000020000af4                . = ALIGN (0x4)
                0x0000000020000af4                PROVIDE (__fini_array_start = .)
 *(SORT_BY_NAME(.fini_array.*))
 *(.fini_array)
                0x0000000020000af4                PROVIDE (__fini_array_end = .)
 *(.jcr)
                0x0000000020000af4                . = ALIGN (0x4)
                0x0000000020000af4                __data_end__ = .

.igot.plt       0x0000000020000af4        0x0 load address 0x000000001000698c
 .igot.plt      0x0000000020000af4        0x0 /usr/lib/gcc/arm-none-eabi/10.2.0/thumb/v6-m/nofp/crtbegin.o

.uninitialized_data
                0x0000000020000af4        0x0 load address 0x000000001000698c
                0x0000000020000af4                . = ALIGN (0x4)
 *(.uninitialized_data*)

.scratch_x      0x0000000020040000        0x0 load address 0x000000001000698c
                0x0000000020040000                __scratch_x_start__ = .
 *(.scratch_x.*)
                0x0000000020040000                . = ALIGN (0x4)
                0x0000000020040000                __scratch_x_end__ = .
                0x000000001000698c                __scratch_x_source__ = LOADADDR (.scratch_x)

.scratch_y      0x0000000020041000        0x0 load address 0x000000001000698c
                0x0000000020041000                __scratch_y_start__ = .
 *(.scratch_y.*)
                0x0000000020041000                . = ALIGN (0x4)
                0x0000000020041000                __scratch_y_end__ = .
                0x000000001000698c                __scratch_y_source__ = LOADADDR (.scratch_y)

.bss            0x0000000020000af4      0x2d4
                0x0000000020000af4                . = ALIGN (0x4)
                0x0000000020000af4                __bss_start__ = .
 *(SORT_BY_ALIGNMENT(SORT_BY_NAME(.bss*)))
 .bss.__lock___atexit_recursive_mutex
                0x0000000020000af4        0x1 /usr/lib/gcc/arm-none-eabi/10.2.0/../../../../arm-none-eabi/lib/thumb/v6-m/nofp/libg.a(lib_a-lock.o)
                0x0000000020000af4                __lock___atexit_recursive_mutex
 *fill*         0x0000000020000af5        0x3 
 .bss.__lock___malloc_recursive_mutex
                0x0000000020000af8        0x1 /usr/lib/gcc/arm-none-eabi/10.2.0/../../../../arm-none-eabi/lib/thumb/v6-m/nofp/libg.a(lib_a-lock.o)
                0x0000000020000af8                __lock___malloc_recursive_mutex
 *fill*         0x0000000020000af9        0x3 
 .bss.__malloc_current_mallinfo
                0x0000000020000afc       0x28 /usr/lib/gcc/arm-none-eabi/10.2.0/../../../../arm-none-eabi/lib/thumb/v6-m/nofp/libg.a(lib_a-mallocr.o)
                0x0000000020000afc                __malloc_current_mallinfo
 .bss.__malloc_max_sbrked_mem
                0x0000000020000b24        0x4 /usr/lib/gcc/arm-none-eabi/10.2.0/../../../../arm-none-eabi/lib/thumb/v6-m/nofp/libg.a(lib_a-mallocr.o)
                0x0000000020000b24                __malloc_max_sbrked_mem
 .bss.__malloc_max_total_mem
                0x0000000020000b28        0x4 /usr/lib/gcc/arm-none-eabi/10.2.0/../../../../arm-none-eabi/lib/thumb/v6-m/nofp/libg.a(lib_a-mallocr.o)
                0x0000000020000b28                __malloc_max_total_mem
 .bss.__malloc_top_pad
                0x0000000020000b2c        0x4 /usr/lib/gcc/arm-none-eabi/10.2.0/../../../../arm-none-eabi/lib/thumb/v6-m/nofp/libg.a(lib_a-mallocr.o)
                0x0000000020000b2c                __malloc_top_pad
 .bss.alarm_callbacks
                0x0000000020000b30       0x10 CMakeFiles/Oled.dir/home/csowa/Desktop/PicoDev/pico-sdk/src/rp2_common/hardware_timer/timer.c.obj
 .bss.color_byte
                0x0000000020000b40        0x2 CMakeFiles/Oled.dir/OLED_Driver.c.obj
                0x0000000020000b40                color_byte
 *fill*         0x0000000020000b42        0x2 
 .bss.configured_freq
                0x0000000020000b44       0x28 CMakeFiles/Oled.dir/home/csowa/Desktop/PicoDev/pico-sdk/src/rp2_common/hardware_clocks/clocks.c.obj
 .bss.default_alarm_pool
                0x0000000020000b6c        0x4 CMakeFiles/Oled.dir/home/csowa/Desktop/PicoDev/pico-sdk/src/common/pico_time/time.c.obj
 .bss.drivers   0x0000000020000b70        0x4 CMakeFiles/Oled.dir/home/csowa/Desktop/PicoDev/pico-sdk/src/rp2_common/pico_stdio/stdio.c.obj
 .bss.errno     0x0000000020000b74        0x4 /usr/lib/gcc/arm-none-eabi/10.2.0/../../../../arm-none-eabi/lib/thumb/v6-m/nofp/libg.a(lib_a-reent.o)
                0x0000000020000b74                errno
 .bss.filter    0x0000000020000b78        0x4 CMakeFiles/Oled.dir/home/csowa/Desktop/PicoDev/pico-sdk/src/rp2_common/pico_stdio/stdio.c.obj
 .bss.heap_end.0
                0x0000000020000b7c        0x4 CMakeFiles/Oled.dir/home/csowa/Desktop/PicoDev/pico-sdk/src/rp2_common/pico_runtime/runtime.c.obj
 .bss.object.0  0x0000000020000b80       0x18 /usr/lib/gcc/arm-none-eabi/10.2.0/thumb/v6-m/nofp/crtbegin.o
 .bss.pools     0x0000000020000b98       0x10 CMakeFiles/Oled.dir/home/csowa/Desktop/PicoDev/pico-sdk/src/common/pico_time/time.c.obj
 .bss.sd_table  0x0000000020000ba8      0x100 CMakeFiles/Oled.dir/home/csowa/Desktop/PicoDev/pico-sdk/src/rp2_common/pico_double/double_init_rom.c.obj
                0x0000000020000ba8                sd_table
 .bss.sf_clz_func
                0x0000000020000ca8        0x4 CMakeFiles/Oled.dir/home/csowa/Desktop/PicoDev/pico-sdk/src/rp2_common/pico_float/float_init_rom.c.obj
                0x0000000020000ca8                sf_clz_func
 .bss.sf_table  0x0000000020000cac      0x100 CMakeFiles/Oled.dir/home/csowa/Desktop/PicoDev/pico-sdk/src/rp2_common/pico_float/float_init_rom.c.obj
                0x0000000020000cac                sf_table
 .bss.target_hi
                0x0000000020000dac       0x10 CMakeFiles/Oled.dir/home/csowa/Desktop/PicoDev/pico-sdk/src/rp2_common/hardware_timer/timer.c.obj
 .bss.uart_char_to_line_feed
                0x0000000020000dbc        0x4 CMakeFiles/Oled.dir/home/csowa/Desktop/PicoDev/pico-sdk/src/rp2_common/hardware_uart/uart.c.obj
                0x0000000020000dbc                uart_char_to_line_feed
 .bss.uart_instance
                0x0000000020000dc0        0x4 CMakeFiles/Oled.dir/home/csowa/Desktop/PicoDev/pico-sdk/src/rp2_common/pico_stdio_uart/stdio_uart.c.obj
 .bss.claimed   0x0000000020000dc4        0x1 CMakeFiles/Oled.dir/home/csowa/Desktop/PicoDev/pico-sdk/src/rp2_common/hardware_timer/timer.c.obj
 .bss.irq_hander_chain_free_slot_head
                0x0000000020000dc5        0x1 CMakeFiles/Oled.dir/home/csowa/Desktop/PicoDev/pico-sdk/src/rp2_common/hardware_irq/irq.c.obj
 .bss.timer_callbacks_pending
                0x0000000020000dc6        0x1 CMakeFiles/Oled.dir/home/csowa/Desktop/PicoDev/pico-sdk/src/rp2_common/hardware_timer/timer.c.obj
 *(COMMON)
                0x0000000020000dc8                . = ALIGN (0x4)
 *fill*         0x0000000020000dc7        0x1 
                0x0000000020000dc8                __bss_end__ = .

.heap           0x0000000020000dc8      0x800
                0x0000000020000dc8                __end__ = .
                0x0000000020000dc8                end = __end__
 *(.heap*)
 .heap          0x0000000020000dc8      0x800 CMakeFiles/Oled.dir/home/csowa/Desktop/PicoDev/pico-sdk/src/rp2_common/pico_standard_link/crt0.S.obj
                0x00000000200015c8                __HeapLimit = .

.stack1_dummy   0x0000000020040000        0x0
 *(.stack1*)

.stack_dummy    0x0000000020041000      0x800
 *(.stack*)
 .stack         0x0000000020041000      0x800 CMakeFiles/Oled.dir/home/csowa/Desktop/PicoDev/pico-sdk/src/rp2_common/pico_standard_link/crt0.S.obj

.flash_end      0x000000001000698c        0x0
                0x000000001000698c                __flash_binary_end = .
                0x0000000020040000                __StackLimit = (ORIGIN (RAM) + LENGTH (RAM))
                0x0000000020041000                __StackOneTop = (ORIGIN (SCRATCH_X) + LENGTH (SCRATCH_X))
                0x0000000020042000                __StackTop = (ORIGIN (SCRATCH_Y) + LENGTH (SCRATCH_Y))
                0x0000000020041000                __StackOneBottom = (__StackOneTop - SIZEOF (.stack1_dummy))
                0x0000000020041800                __StackBottom = (__StackTop - SIZEOF (.stack_dummy))
                0x0000000020042000                PROVIDE (__stack = __StackTop)
                0x0000000000000001                ASSERT ((__StackLimit >= __HeapLimit), region RAM overflowed)
                0x0000000000000001                ASSERT (((__binary_info_header_end - __logical_binary_start) <= 0x100), Binary info must be in first 256 bytes of the binary)
LOAD CMakeFiles/Oled.dir/Oled.c.obj
LOAD CMakeFiles/Oled.dir/OLED_Driver.c.obj
LOAD CMakeFiles/Oled.dir/OLED_GFX.c.obj
LOAD CMakeFiles/Oled.dir/home/csowa/Desktop/PicoDev/pico-sdk/src/rp2_common/pico_stdlib/stdlib.c.obj
LOAD CMakeFiles/Oled.dir/home/csowa/Desktop/PicoDev/pico-sdk/src/rp2_common/hardware_gpio/gpio.c.obj
LOAD CMakeFiles/Oled.dir/home/csowa/Desktop/PicoDev/pico-sdk/src/rp2_common/hardware_claim/claim.c.obj
LOAD CMakeFiles/Oled.dir/home/csowa/Desktop/PicoDev/pico-sdk/src/rp2_common/hardware_sync/sync.c.obj
LOAD CMakeFiles/Oled.dir/home/csowa/Desktop/PicoDev/pico-sdk/src/rp2_common/pico_platform/platform.c.obj
LOAD CMakeFiles/Oled.dir/home/csowa/Desktop/PicoDev/pico-sdk/src/rp2_common/hardware_uart/uart.c.obj
LOAD CMakeFiles/Oled.dir/home/csowa/Desktop/PicoDev/pico-sdk/src/rp2_common/hardware_divider/divider.S.obj
LOAD CMakeFiles/Oled.dir/home/csowa/Desktop/PicoDev/pico-sdk/src/common/pico_time/time.c.obj
LOAD CMakeFiles/Oled.dir/home/csowa/Desktop/PicoDev/pico-sdk/src/common/pico_time/timeout_helper.c.obj
LOAD CMakeFiles/Oled.dir/home/csowa/Desktop/PicoDev/pico-sdk/src/rp2_common/hardware_timer/timer.c.obj
LOAD CMakeFiles/Oled.dir/home/csowa/Desktop/PicoDev/pico-sdk/src/common/pico_sync/sem.c.obj
LOAD CMakeFiles/Oled.dir/home/csowa/Desktop/PicoDev/pico-sdk/src/common/pico_sync/lock_core.c.obj
LOAD CMakeFiles/Oled.dir/home/csowa/Desktop/PicoDev/pico-sdk/src/common/pico_sync/mutex.c.obj
LOAD CMakeFiles/Oled.dir/home/csowa/Desktop/PicoDev/pico-sdk/src/common/pico_sync/critical_section.c.obj
LOAD CMakeFiles/Oled.dir/home/csowa/Desktop/PicoDev/pico-sdk/src/common/pico_util/datetime.c.obj
LOAD CMakeFiles/Oled.dir/home/csowa/Desktop/PicoDev/pico-sdk/src/common/pico_util/pheap.c.obj
LOAD CMakeFiles/Oled.dir/home/csowa/Desktop/PicoDev/pico-sdk/src/common/pico_util/queue.c.obj
LOAD CMakeFiles/Oled.dir/home/csowa/Desktop/PicoDev/pico-sdk/src/rp2_common/pico_runtime/runtime.c.obj
LOAD CMakeFiles/Oled.dir/home/csowa/Desktop/PicoDev/pico-sdk/src/rp2_common/hardware_clocks/clocks.c.obj
LOAD CMakeFiles/Oled.dir/home/csowa/Desktop/PicoDev/pico-sdk/src/rp2_common/hardware_watchdog/watchdog.c.obj
LOAD CMakeFiles/Oled.dir/home/csowa/Desktop/PicoDev/pico-sdk/src/rp2_common/hardware_xosc/xosc.c.obj
LOAD CMakeFiles/Oled.dir/home/csowa/Desktop/PicoDev/pico-sdk/src/rp2_common/hardware_pll/pll.c.obj
LOAD CMakeFiles/Oled.dir/home/csowa/Desktop/PicoDev/pico-sdk/src/rp2_common/hardware_vreg/vreg.c.obj
LOAD CMakeFiles/Oled.dir/home/csowa/Desktop/PicoDev/pico-sdk/src/rp2_common/hardware_irq/irq.c.obj
LOAD CMakeFiles/Oled.dir/home/csowa/Desktop/PicoDev/pico-sdk/src/rp2_common/hardware_irq/irq_handler_chain.S.obj
LOAD CMakeFiles/Oled.dir/home/csowa/Desktop/PicoDev/pico-sdk/src/rp2_common/pico_printf/printf.c.obj
LOAD CMakeFiles/Oled.dir/home/csowa/Desktop/PicoDev/pico-sdk/src/rp2_common/pico_bit_ops/bit_ops_aeabi.S.obj
LOAD CMakeFiles/Oled.dir/home/csowa/Desktop/PicoDev/pico-sdk/src/rp2_common/pico_bootrom/bootrom.c.obj
LOAD CMakeFiles/Oled.dir/home/csowa/Desktop/PicoDev/pico-sdk/src/rp2_common/pico_divider/divider.S.obj
LOAD CMakeFiles/Oled.dir/home/csowa/Desktop/PicoDev/pico-sdk/src/rp2_common/pico_double/double_aeabi.S.obj
LOAD CMakeFiles/Oled.dir/home/csowa/Desktop/PicoDev/pico-sdk/src/rp2_common/pico_double/double_init_rom.c.obj
LOAD CMakeFiles/Oled.dir/home/csowa/Desktop/PicoDev/pico-sdk/src/rp2_common/pico_double/double_math.c.obj
LOAD CMakeFiles/Oled.dir/home/csowa/Desktop/PicoDev/pico-sdk/src/rp2_common/pico_double/double_v1_rom_shim.S.obj
LOAD CMakeFiles/Oled.dir/home/csowa/Desktop/PicoDev/pico-sdk/src/rp2_common/pico_int64_ops/pico_int64_ops_aeabi.S.obj
LOAD CMakeFiles/Oled.dir/home/csowa/Desktop/PicoDev/pico-sdk/src/rp2_common/pico_float/float_aeabi.S.obj
LOAD CMakeFiles/Oled.dir/home/csowa/Desktop/PicoDev/pico-sdk/src/rp2_common/pico_float/float_init_rom.c.obj
LOAD CMakeFiles/Oled.dir/home/csowa/Desktop/PicoDev/pico-sdk/src/rp2_common/pico_float/float_math.c.obj
LOAD CMakeFiles/Oled.dir/home/csowa/Desktop/PicoDev/pico-sdk/src/rp2_common/pico_float/float_v1_rom_shim.S.obj
LOAD CMakeFiles/Oled.dir/home/csowa/Desktop/PicoDev/pico-sdk/src/rp2_common/pico_malloc/pico_malloc.c.obj
LOAD CMakeFiles/Oled.dir/home/csowa/Desktop/PicoDev/pico-sdk/src/rp2_common/pico_mem_ops/mem_ops_aeabi.S.obj
LOAD CMakeFiles/Oled.dir/home/csowa/Desktop/PicoDev/pico-sdk/src/rp2_common/pico_standard_link/crt0.S.obj
LOAD CMakeFiles/Oled.dir/home/csowa/Desktop/PicoDev/pico-sdk/src/rp2_common/pico_standard_link/new_delete.cpp.obj
LOAD CMakeFiles/Oled.dir/home/csowa/Desktop/PicoDev/pico-sdk/src/rp2_common/pico_standard_link/binary_info.c.obj
LOAD CMakeFiles/Oled.dir/home/csowa/Desktop/PicoDev/pico-sdk/src/rp2_common/pico_stdio/stdio.c.obj
LOAD CMakeFiles/Oled.dir/home/csowa/Desktop/PicoDev/pico-sdk/src/rp2_common/pico_stdio_uart/stdio_uart.c.obj
LOAD CMakeFiles/Oled.dir/home/csowa/Desktop/PicoDev/pico-sdk/src/rp2_common/hardware_spi/spi.c.obj
LOAD CMakeFiles/Oled.dir/home/csowa/Desktop/PicoDev/pico-sdk/src/rp2_common/hardware_i2c/i2c.c.obj
LOAD /tmp/ccZdEa59.o
LOAD /usr/lib/gcc/arm-none-eabi/10.2.0/../../../../arm-none-eabi/lib/thumb/v6-m/nofp/libstdc++.a
LOAD /usr/lib/gcc/arm-none-eabi/10.2.0/../../../../arm-none-eabi/lib/thumb/v6-m/nofp/libm.a
START GROUP
LOAD /usr/lib/gcc/arm-none-eabi/10.2.0/thumb/v6-m/nofp/libgcc.a
LOAD /usr/lib/gcc/arm-none-eabi/10.2.0/../../../../arm-none-eabi/lib/thumb/v6-m/nofp/libg.a
LOAD /usr/lib/gcc/arm-none-eabi/10.2.0/../../../../arm-none-eabi/lib/thumb/v6-m/nofp/libc.a
END GROUP
START GROUP
LOAD /usr/lib/gcc/arm-none-eabi/10.2.0/thumb/v6-m/nofp/libgcc.a
LOAD /usr/lib/gcc/arm-none-eabi/10.2.0/../../../../arm-none-eabi/lib/thumb/v6-m/nofp/libc.a
LOAD /usr/lib/gcc/arm-none-eabi/10.2.0/../../../../arm-none-eabi/lib/thumb/v6-m/nofp/libnosys.a
END GROUP
LOAD /usr/lib/gcc/arm-none-eabi/10.2.0/thumb/v6-m/nofp/crtend.o
LOAD /usr/lib/gcc/arm-none-eabi/10.2.0/thumb/v6-m/nofp/crtn.o
OUTPUT(Oled.elf elf32-littlearm)
LOAD linker stubs

.ARM.attributes
                0x0000000000000000       0x28
 .ARM.attributes
                0x0000000000000000       0x1e /usr/lib/gcc/arm-none-eabi/10.2.0/thumb/v6-m/nofp/crti.o
 .ARM.attributes
                0x000000000000001e       0x2c /usr/lib/gcc/arm-none-eabi/10.2.0/thumb/v6-m/nofp/crtbegin.o
 .ARM.attributes
                0x000000000000004a       0x2b CMakeFiles/Oled.dir/Oled.c.obj
 .ARM.attributes
                0x0000000000000075       0x2b CMakeFiles/Oled.dir/OLED_Driver.c.obj
 .ARM.attributes
                0x00000000000000a0       0x2b CMakeFiles/Oled.dir/home/csowa/Desktop/PicoDev/pico-sdk/src/rp2_common/hardware_gpio/gpio.c.obj
 .ARM.attributes
                0x00000000000000cb       0x2b CMakeFiles/Oled.dir/home/csowa/Desktop/PicoDev/pico-sdk/src/rp2_common/hardware_claim/claim.c.obj
 .ARM.attributes
                0x00000000000000f6       0x2b CMakeFiles/Oled.dir/home/csowa/Desktop/PicoDev/pico-sdk/src/rp2_common/hardware_sync/sync.c.obj
 .ARM.attributes
                0x0000000000000121       0x2b CMakeFiles/Oled.dir/home/csowa/Desktop/PicoDev/pico-sdk/src/rp2_common/pico_platform/platform.c.obj
 .ARM.attributes
                0x000000000000014c       0x2b CMakeFiles/Oled.dir/home/csowa/Desktop/PicoDev/pico-sdk/src/rp2_common/hardware_uart/uart.c.obj
 .ARM.attributes
                0x0000000000000177       0x2b CMakeFiles/Oled.dir/home/csowa/Desktop/PicoDev/pico-sdk/src/common/pico_time/time.c.obj
 .ARM.attributes
                0x00000000000001a2       0x2b CMakeFiles/Oled.dir/home/csowa/Desktop/PicoDev/pico-sdk/src/rp2_common/hardware_timer/timer.c.obj
 .ARM.attributes
                0x00000000000001cd       0x2b CMakeFiles/Oled.dir/home/csowa/Desktop/PicoDev/pico-sdk/src/common/pico_sync/lock_core.c.obj
 .ARM.attributes
                0x00000000000001f8       0x2b CMakeFiles/Oled.dir/home/csowa/Desktop/PicoDev/pico-sdk/src/common/pico_sync/mutex.c.obj
 .ARM.attributes
                0x0000000000000223       0x2b CMakeFiles/Oled.dir/home/csowa/Desktop/PicoDev/pico-sdk/src/common/pico_util/pheap.c.obj
 .ARM.attributes
                0x000000000000024e       0x2b CMakeFiles/Oled.dir/home/csowa/Desktop/PicoDev/pico-sdk/src/rp2_common/pico_runtime/runtime.c.obj
 .ARM.attributes
                0x0000000000000279       0x2b CMakeFiles/Oled.dir/home/csowa/Desktop/PicoDev/pico-sdk/src/rp2_common/hardware_clocks/clocks.c.obj
 .ARM.attributes
                0x00000000000002a4       0x2b CMakeFiles/Oled.dir/home/csowa/Desktop/PicoDev/pico-sdk/src/rp2_common/hardware_watchdog/watchdog.c.obj
 .ARM.attributes
                0x00000000000002cf       0x2b CMakeFiles/Oled.dir/home/csowa/Desktop/PicoDev/pico-sdk/src/rp2_common/hardware_xosc/xosc.c.obj
 .ARM.attributes
                0x00000000000002fa       0x2b CMakeFiles/Oled.dir/home/csowa/Desktop/PicoDev/pico-sdk/src/rp2_common/hardware_pll/pll.c.obj
 .ARM.attributes
                0x0000000000000325       0x2b CMakeFiles/Oled.dir/home/csowa/Desktop/PicoDev/pico-sdk/src/rp2_common/hardware_irq/irq.c.obj
 .ARM.attributes
                0x0000000000000350       0x22 CMakeFiles/Oled.dir/home/csowa/Desktop/PicoDev/pico-sdk/src/rp2_common/hardware_irq/irq_handler_chain.S.obj
 .ARM.attributes
                0x0000000000000372       0x2b CMakeFiles/Oled.dir/home/csowa/Desktop/PicoDev/pico-sdk/src/rp2_common/pico_printf/printf.c.obj
 .ARM.attributes
                0x000000000000039d       0x22 CMakeFiles/Oled.dir/home/csowa/Desktop/PicoDev/pico-sdk/src/rp2_common/pico_bit_ops/bit_ops_aeabi.S.obj
 .ARM.attributes
                0x00000000000003bf       0x2b CMakeFiles/Oled.dir/home/csowa/Desktop/PicoDev/pico-sdk/src/rp2_common/pico_bootrom/bootrom.c.obj
 .ARM.attributes
                0x00000000000003ea       0x22 CMakeFiles/Oled.dir/home/csowa/Desktop/PicoDev/pico-sdk/src/rp2_common/pico_divider/divider.S.obj
 .ARM.attributes
                0x000000000000040c       0x22 CMakeFiles/Oled.dir/home/csowa/Desktop/PicoDev/pico-sdk/src/rp2_common/pico_double/double_aeabi.S.obj
 .ARM.attributes
                0x000000000000042e       0x2b CMakeFiles/Oled.dir/home/csowa/Desktop/PicoDev/pico-sdk/src/rp2_common/pico_double/double_init_rom.c.obj
 .ARM.attributes
                0x0000000000000459       0x22 CMakeFiles/Oled.dir/home/csowa/Desktop/PicoDev/pico-sdk/src/rp2_common/pico_double/double_v1_rom_shim.S.obj
 .ARM.attributes
                0x000000000000047b       0x22 CMakeFiles/Oled.dir/home/csowa/Desktop/PicoDev/pico-sdk/src/rp2_common/pico_int64_ops/pico_int64_ops_aeabi.S.obj
 .ARM.attributes
                0x000000000000049d       0x22 CMakeFiles/Oled.dir/home/csowa/Desktop/PicoDev/pico-sdk/src/rp2_common/pico_float/float_aeabi.S.obj
 .ARM.attributes
                0x00000000000004bf       0x2b CMakeFiles/Oled.dir/home/csowa/Desktop/PicoDev/pico-sdk/src/rp2_common/pico_float/float_init_rom.c.obj
 .ARM.attributes
                0x00000000000004ea       0x22 CMakeFiles/Oled.dir/home/csowa/Desktop/PicoDev/pico-sdk/src/rp2_common/pico_float/float_v1_rom_shim.S.obj
 .ARM.attributes
                0x000000000000050c       0x2b CMakeFiles/Oled.dir/home/csowa/Desktop/PicoDev/pico-sdk/src/rp2_common/pico_malloc/pico_malloc.c.obj
 .ARM.attributes
                0x0000000000000537       0x22 CMakeFiles/Oled.dir/home/csowa/Desktop/PicoDev/pico-sdk/src/rp2_common/pico_mem_ops/mem_ops_aeabi.S.obj
 .ARM.attributes
                0x0000000000000559       0x22 CMakeFiles/Oled.dir/home/csowa/Desktop/PicoDev/pico-sdk/src/rp2_common/pico_standard_link/crt0.S.obj
 .ARM.attributes
                0x000000000000057b       0x32 CMakeFiles/Oled.dir/home/csowa/Desktop/PicoDev/pico-sdk/src/rp2_common/pico_standard_link/binary_info.c.obj
 .ARM.attributes
                0x00000000000005ad       0x2b CMakeFiles/Oled.dir/home/csowa/Desktop/PicoDev/pico-sdk/src/rp2_common/pico_stdio/stdio.c.obj
 .ARM.attributes
                0x00000000000005d8       0x2b CMakeFiles/Oled.dir/home/csowa/Desktop/PicoDev/pico-sdk/src/rp2_common/pico_stdio_uart/stdio_uart.c.obj
 .ARM.attributes
                0x0000000000000603       0x2b CMakeFiles/Oled.dir/home/csowa/Desktop/PicoDev/pico-sdk/src/rp2_common/hardware_spi/spi.c.obj
 .ARM.attributes
                0x000000000000062e       0x22 /tmp/ccZdEa59.o
 .ARM.attributes
                0x0000000000000650       0x1e /usr/lib/gcc/arm-none-eabi/10.2.0/thumb/v6-m/nofp/libgcc.a(_dvmd_tls.o)
 .ARM.attributes
                0x000000000000066e       0x2c /usr/lib/gcc/arm-none-eabi/10.2.0/../../../../arm-none-eabi/lib/thumb/v6-m/nofp/libg.a(lib_a-atexit.o)
 .ARM.attributes
                0x000000000000069a       0x2c /usr/lib/gcc/arm-none-eabi/10.2.0/../../../../arm-none-eabi/lib/thumb/v6-m/nofp/libg.a(lib_a-calloc.o)
 .ARM.attributes
                0x00000000000006c6       0x2c /usr/lib/gcc/arm-none-eabi/10.2.0/../../../../arm-none-eabi/lib/thumb/v6-m/nofp/libg.a(lib_a-callocr.o)
 .ARM.attributes
                0x00000000000006f2       0x2c /usr/lib/gcc/arm-none-eabi/10.2.0/../../../../arm-none-eabi/lib/thumb/v6-m/nofp/libg.a(lib_a-errno.o)
 .ARM.attributes
                0x000000000000071e       0x2c /usr/lib/gcc/arm-none-eabi/10.2.0/../../../../arm-none-eabi/lib/thumb/v6-m/nofp/libg.a(lib_a-fini.o)
 .ARM.attributes
                0x000000000000074a       0x2c /usr/lib/gcc/arm-none-eabi/10.2.0/../../../../arm-none-eabi/lib/thumb/v6-m/nofp/libg.a(lib_a-impure.o)
 .ARM.attributes
                0x0000000000000776       0x2c /usr/lib/gcc/arm-none-eabi/10.2.0/../../../../arm-none-eabi/lib/thumb/v6-m/nofp/libg.a(lib_a-malloc.o)
 .ARM.attributes
                0x00000000000007a2       0x2c /usr/lib/gcc/arm-none-eabi/10.2.0/../../../../arm-none-eabi/lib/thumb/v6-m/nofp/libg.a(lib_a-mallocr.o)
 .ARM.attributes
                0x00000000000007ce       0x2c /usr/lib/gcc/arm-none-eabi/10.2.0/../../../../arm-none-eabi/lib/thumb/v6-m/nofp/libg.a(lib_a-mlock.o)
 .ARM.attributes
                0x00000000000007fa       0x2c /usr/lib/gcc/arm-none-eabi/10.2.0/../../../../arm-none-eabi/lib/thumb/v6-m/nofp/libg.a(lib_a-sbrkr.o)
 .ARM.attributes
                0x0000000000000826       0x2c /usr/lib/gcc/arm-none-eabi/10.2.0/../../../../arm-none-eabi/lib/thumb/v6-m/nofp/libg.a(lib_a-strlen-stub.o)
 .ARM.attributes
                0x0000000000000852       0x2c /usr/lib/gcc/arm-none-eabi/10.2.0/../../../../arm-none-eabi/lib/thumb/v6-m/nofp/libg.a(lib_a-__atexit.o)
 .ARM.attributes
                0x000000000000087e       0x2c /usr/lib/gcc/arm-none-eabi/10.2.0/../../../../arm-none-eabi/lib/thumb/v6-m/nofp/libg.a(lib_a-__call_atexit.o)
 .ARM.attributes
                0x00000000000008aa       0x2c /usr/lib/gcc/arm-none-eabi/10.2.0/../../../../arm-none-eabi/lib/thumb/v6-m/nofp/libg.a(lib_a-freer.o)
 .ARM.attributes
                0x00000000000008d6       0x2c /usr/lib/gcc/arm-none-eabi/10.2.0/../../../../arm-none-eabi/lib/thumb/v6-m/nofp/libg.a(lib_a-lock.o)
 .ARM.attributes
                0x0000000000000902       0x2c /usr/lib/gcc/arm-none-eabi/10.2.0/../../../../arm-none-eabi/lib/thumb/v6-m/nofp/libg.a(lib_a-reent.o)

.comment        0x0000000000000000       0x1e
 .comment       0x0000000000000000       0x1e CMakeFiles/Oled.dir/Oled.c.obj
                                         0x1f (size before relaxing)
 .comment       0x000000000000001e       0x1f CMakeFiles/Oled.dir/OLED_Driver.c.obj
 .comment       0x000000000000001e       0x1f CMakeFiles/Oled.dir/home/csowa/Desktop/PicoDev/pico-sdk/src/rp2_common/hardware_gpio/gpio.c.obj
 .comment       0x000000000000001e       0x1f CMakeFiles/Oled.dir/home/csowa/Desktop/PicoDev/pico-sdk/src/rp2_common/hardware_claim/claim.c.obj
 .comment       0x000000000000001e       0x1f CMakeFiles/Oled.dir/home/csowa/Desktop/PicoDev/pico-sdk/src/rp2_common/hardware_sync/sync.c.obj
 .comment       0x000000000000001e       0x1f CMakeFiles/Oled.dir/home/csowa/Desktop/PicoDev/pico-sdk/src/rp2_common/pico_platform/platform.c.obj
 .comment       0x000000000000001e       0x1f CMakeFiles/Oled.dir/home/csowa/Desktop/PicoDev/pico-sdk/src/rp2_common/hardware_uart/uart.c.obj
 .comment       0x000000000000001e       0x1f CMakeFiles/Oled.dir/home/csowa/Desktop/PicoDev/pico-sdk/src/common/pico_time/time.c.obj
 .comment       0x000000000000001e       0x1f CMakeFiles/Oled.dir/home/csowa/Desktop/PicoDev/pico-sdk/src/rp2_common/hardware_timer/timer.c.obj
 .comment       0x000000000000001e       0x1f CMakeFiles/Oled.dir/home/csowa/Desktop/PicoDev/pico-sdk/src/common/pico_sync/lock_core.c.obj
 .comment       0x000000000000001e       0x1f CMakeFiles/Oled.dir/home/csowa/Desktop/PicoDev/pico-sdk/src/common/pico_sync/mutex.c.obj
 .comment       0x000000000000001e       0x1f CMakeFiles/Oled.dir/home/csowa/Desktop/PicoDev/pico-sdk/src/common/pico_util/pheap.c.obj
 .comment       0x000000000000001e       0x1f CMakeFiles/Oled.dir/home/csowa/Desktop/PicoDev/pico-sdk/src/rp2_common/pico_runtime/runtime.c.obj
 .comment       0x000000000000001e       0x1f CMakeFiles/Oled.dir/home/csowa/Desktop/PicoDev/pico-sdk/src/rp2_common/hardware_clocks/clocks.c.obj
 .comment       0x000000000000001e       0x1f CMakeFiles/Oled.dir/home/csowa/Desktop/PicoDev/pico-sdk/src/rp2_common/hardware_watchdog/watchdog.c.obj
 .comment       0x000000000000001e       0x1f CMakeFiles/Oled.dir/home/csowa/Desktop/PicoDev/pico-sdk/src/rp2_common/hardware_xosc/xosc.c.obj
 .comment       0x000000000000001e       0x1f CMakeFiles/Oled.dir/home/csowa/Desktop/PicoDev/pico-sdk/src/rp2_common/hardware_pll/pll.c.obj
 .comment       0x000000000000001e       0x1f CMakeFiles/Oled.dir/home/csowa/Desktop/PicoDev/pico-sdk/src/rp2_common/hardware_irq/irq.c.obj
 .comment       0x000000000000001e       0x1f CMakeFiles/Oled.dir/home/csowa/Desktop/PicoDev/pico-sdk/src/rp2_common/pico_printf/printf.c.obj
 .comment       0x000000000000001e       0x1f CMakeFiles/Oled.dir/home/csowa/Desktop/PicoDev/pico-sdk/src/rp2_common/pico_bootrom/bootrom.c.obj
 .comment       0x000000000000001e       0x1f CMakeFiles/Oled.dir/home/csowa/Desktop/PicoDev/pico-sdk/src/rp2_common/pico_double/double_init_rom.c.obj
 .comment       0x000000000000001e       0x1f CMakeFiles/Oled.dir/home/csowa/Desktop/PicoDev/pico-sdk/src/rp2_common/pico_float/float_init_rom.c.obj
 .comment       0x000000000000001e       0x1f CMakeFiles/Oled.dir/home/csowa/Desktop/PicoDev/pico-sdk/src/rp2_common/pico_malloc/pico_malloc.c.obj
 .comment       0x000000000000001e       0x1f CMakeFiles/Oled.dir/home/csowa/Desktop/PicoDev/pico-sdk/src/rp2_common/pico_standard_link/binary_info.c.obj
 .comment       0x000000000000001e       0x1f CMakeFiles/Oled.dir/home/csowa/Desktop/PicoDev/pico-sdk/src/rp2_common/pico_stdio/stdio.c.obj
 .comment       0x000000000000001e       0x1f CMakeFiles/Oled.dir/home/csowa/Desktop/PicoDev/pico-sdk/src/rp2_common/pico_stdio_uart/stdio_uart.c.obj
 .comment       0x000000000000001e       0x1f CMakeFiles/Oled.dir/home/csowa/Desktop/PicoDev/pico-sdk/src/rp2_common/hardware_spi/spi.c.obj

.debug_info     0x0000000000000000    0x14857
 .debug_info    0x0000000000000000      0xb04 CMakeFiles/Oled.dir/Oled.c.obj
 .debug_info    0x0000000000000b04     0x1fcc CMakeFiles/Oled.dir/OLED_Driver.c.obj
 .debug_info    0x0000000000002ad0     0x1141 CMakeFiles/Oled.dir/home/csowa/Desktop/PicoDev/pico-sdk/src/rp2_common/hardware_gpio/gpio.c.obj
 .debug_info    0x0000000000003c11      0x620 CMakeFiles/Oled.dir/home/csowa/Desktop/PicoDev/pico-sdk/src/rp2_common/hardware_claim/claim.c.obj
 .debug_info    0x0000000000004231      0x4a5 CMakeFiles/Oled.dir/home/csowa/Desktop/PicoDev/pico-sdk/src/rp2_common/hardware_sync/sync.c.obj
 .debug_info    0x00000000000046d6      0x1d5 CMakeFiles/Oled.dir/home/csowa/Desktop/PicoDev/pico-sdk/src/rp2_common/pico_platform/platform.c.obj
 .debug_info    0x00000000000048ab      0xb64 CMakeFiles/Oled.dir/home/csowa/Desktop/PicoDev/pico-sdk/src/rp2_common/hardware_uart/uart.c.obj
 .debug_info    0x000000000000540f     0x3349 CMakeFiles/Oled.dir/home/csowa/Desktop/PicoDev/pico-sdk/src/common/pico_time/time.c.obj
 .debug_info    0x0000000000008758      0xf9d CMakeFiles/Oled.dir/home/csowa/Desktop/PicoDev/pico-sdk/src/rp2_common/hardware_timer/timer.c.obj
 .debug_info    0x00000000000096f5      0x1c5 CMakeFiles/Oled.dir/home/csowa/Desktop/PicoDev/pico-sdk/src/common/pico_sync/lock_core.c.obj
 .debug_info    0x00000000000098ba      0xd50 CMakeFiles/Oled.dir/home/csowa/Desktop/PicoDev/pico-sdk/src/common/pico_sync/mutex.c.obj
 .debug_info    0x000000000000a60a     0x1164 CMakeFiles/Oled.dir/home/csowa/Desktop/PicoDev/pico-sdk/src/common/pico_util/pheap.c.obj
 .debug_info    0x000000000000b76e      0x986 CMakeFiles/Oled.dir/home/csowa/Desktop/PicoDev/pico-sdk/src/rp2_common/pico_runtime/runtime.c.obj
 .debug_info    0x000000000000c0f4     0x1068 CMakeFiles/Oled.dir/home/csowa/Desktop/PicoDev/pico-sdk/src/rp2_common/hardware_clocks/clocks.c.obj
 .debug_info    0x000000000000d15c      0x49c CMakeFiles/Oled.dir/home/csowa/Desktop/PicoDev/pico-sdk/src/rp2_common/hardware_watchdog/watchdog.c.obj
 .debug_info    0x000000000000d5f8      0x214 CMakeFiles/Oled.dir/home/csowa/Desktop/PicoDev/pico-sdk/src/rp2_common/hardware_xosc/xosc.c.obj
 .debug_info    0x000000000000d80c      0x3c1 CMakeFiles/Oled.dir/home/csowa/Desktop/PicoDev/pico-sdk/src/rp2_common/hardware_pll/pll.c.obj