Archive member included to satisfy reference by file (symbol)

/usr/lib/gcc/arm-none-eabi/10.2.0/thumb/v6-m/nofp/libgcc.a(_dvmd_tls.o)
                              CMakeFiles/Oled.dir/home/csowa/Desktop/PicoDev/pico-sdk/src/rp2_common/pico_divider/divider.S.obj (__aeabi_idiv0)
/usr/lib/gcc/arm-none-eabi/10.2.0/../../../../arm-none-eabi/lib/thumb/v6-m/nofp/libg.a(lib_a-atexit.o)
                              /usr/lib/gcc/arm-none-eabi/10.2.0/../../../../arm-none-eabi/lib/thumb/v6-m/nofp/crt0.o (atexit)
/usr/lib/gcc/arm-none-eabi/10.2.0/../../../../arm-none-eabi/lib/thumb/v6-m/nofp/libg.a(lib_a-calloc.o)
                              CMakeFiles/Oled.dir/home/csowa/Desktop/PicoDev/pico-sdk/src/rp2_common/pico_malloc/pico_malloc.c.obj (calloc)
/usr/lib/gcc/arm-none-eabi/10.2.0/../../../../arm-none-eabi/lib/thumb/v6-m/nofp/libg.a(lib_a-callocr.o)
                              /usr/lib/gcc/arm-none-eabi/10.2.0/../../../../arm-none-eabi/lib/thumb/v6-m/nofp/libg.a(lib_a-calloc.o) (_calloc_r)
/usr/lib/gcc/arm-none-eabi/10.2.0/../../../../arm-none-eabi/lib/thumb/v6-m/nofp/libg.a(lib_a-errno.o)
                              /usr/lib/gcc/arm-none-eabi/10.2.0/../../../../arm-none-eabi/lib/thumb/v6-m/nofp/libg.a(lib_a-callocr.o) (__errno)
/usr/lib/gcc/arm-none-eabi/10.2.0/../../../../arm-none-eabi/lib/thumb/v6-m/nofp/libg.a(lib_a-fini.o)
                              /usr/lib/gcc/arm-none-eabi/10.2.0/../../../../arm-none-eabi/lib/thumb/v6-m/nofp/crt0.o (__libc_fini_array)
/usr/lib/gcc/arm-none-eabi/10.2.0/../../../../arm-none-eabi/lib/thumb/v6-m/nofp/libg.a(lib_a-impure.o)
                              /usr/lib/gcc/arm-none-eabi/10.2.0/../../../../arm-none-eabi/lib/thumb/v6-m/nofp/libg.a(lib_a-calloc.o) (_impure_ptr)
/usr/lib/gcc/arm-none-eabi/10.2.0/../../../../arm-none-eabi/lib/thumb/v6-m/nofp/libg.a(lib_a-init.o)
                              /usr/lib/gcc/arm-none-eabi/10.2.0/../../../../arm-none-eabi/lib/thumb/v6-m/nofp/crt0.o (__libc_init_array)
/usr/lib/gcc/arm-none-eabi/10.2.0/../../../../arm-none-eabi/lib/thumb/v6-m/nofp/libg.a(lib_a-malloc.o)
                              CMakeFiles/Oled.dir/home/csowa/Desktop/PicoDev/pico-sdk/src/rp2_common/pico_malloc/pico_malloc.c.obj (malloc)
/usr/lib/gcc/arm-none-eabi/10.2.0/../../../../arm-none-eabi/lib/thumb/v6-m/nofp/libg.a(lib_a-mallocr.o)
                              /usr/lib/gcc/arm-none-eabi/10.2.0/../../../../arm-none-eabi/lib/thumb/v6-m/nofp/libg.a(lib_a-callocr.o) (_malloc_r)
/usr/lib/gcc/arm-none-eabi/10.2.0/../../../../arm-none-eabi/lib/thumb/v6-m/nofp/libg.a(lib_a-mlock.o)
                              /usr/lib/gcc/arm-none-eabi/10.2.0/../../../../arm-none-eabi/lib/thumb/v6-m/nofp/libg.a(lib_a-mallocr.o) (__malloc_lock)
/usr/lib/gcc/arm-none-eabi/10.2.0/../../../../arm-none-eabi/lib/thumb/v6-m/nofp/libg.a(lib_a-sbrkr.o)
                              /usr/lib/gcc/arm-none-eabi/10.2.0/../../../../arm-none-eabi/lib/thumb/v6-m/nofp/libg.a(lib_a-mallocr.o) (_sbrk_r)
/usr/lib/gcc/arm-none-eabi/10.2.0/../../../../arm-none-eabi/lib/thumb/v6-m/nofp/libg.a(lib_a-strlen-stub.o)
                              CMakeFiles/Oled.dir/home/csowa/Desktop/PicoDev/pico-sdk/src/rp2_common/pico_stdio/stdio.c.obj (strlen)
/usr/lib/gcc/arm-none-eabi/10.2.0/../../../../arm-none-eabi/lib/thumb/v6-m/nofp/libg.a(lib_a-__atexit.o)
                              /usr/lib/gcc/arm-none-eabi/10.2.0/../../../../arm-none-eabi/lib/thumb/v6-m/nofp/libg.a(lib_a-atexit.o) (__register_exitproc)
/usr/lib/gcc/arm-none-eabi/10.2.0/../../../../arm-none-eabi/lib/thumb/v6-m/nofp/libg.a(lib_a-__call_atexit.o)
                              /usr/lib/gcc/arm-none-eabi/10.2.0/../../../../arm-none-eabi/lib/thumb/v6-m/nofp/libg.a(lib_a-__atexit.o) (__atexit_recursive_mutex)
/usr/lib/gcc/arm-none-eabi/10.2.0/../../../../arm-none-eabi/lib/thumb/v6-m/nofp/libg.a(lib_a-freer.o)
                              /usr/lib/gcc/arm-none-eabi/10.2.0/../../../../arm-none-eabi/lib/thumb/v6-m/nofp/libg.a(lib_a-malloc.o) (_free_r)
/usr/lib/gcc/arm-none-eabi/10.2.0/../../../../arm-none-eabi/lib/thumb/v6-m/nofp/libg.a(lib_a-lock.o)
                              /usr/lib/gcc/arm-none-eabi/10.2.0/../../../../arm-none-eabi/lib/thumb/v6-m/nofp/libg.a(lib_a-mlock.o) (__retarget_lock_acquire_recursive)
/usr/lib/gcc/arm-none-eabi/10.2.0/../../../../arm-none-eabi/lib/thumb/v6-m/nofp/libg.a(lib_a-reent.o)
                              /usr/lib/gcc/arm-none-eabi/10.2.0/../../../../arm-none-eabi/lib/thumb/v6-m/nofp/libg.a(lib_a-sbrkr.o) (errno)

Discarded input sections

 .text          0x0000000000000000        0x0 /usr/lib/gcc/arm-none-eabi/10.2.0/thumb/v6-m/nofp/crti.o
 .data          0x0000000000000000        0x0 /usr/lib/gcc/arm-none-eabi/10.2.0/thumb/v6-m/nofp/crti.o
 .bss           0x0000000000000000        0x0 /usr/lib/gcc/arm-none-eabi/10.2.0/thumb/v6-m/nofp/crti.o
 .text          0x0000000000000000        0x0 /usr/lib/gcc/arm-none-eabi/10.2.0/thumb/v6-m/nofp/crtbegin.o
[...]
Memory Configuration

Name             Origin             Length             Attributes
FLASH            0x0000000010000000 0x0000000000200000 xr
RAM              0x0000000020000000 0x0000000000040000 xrw
SCRATCH_X        0x0000000020040000 0x0000000000001000 xrw
SCRATCH_Y        0x0000000020041000 0x0000000000001000 xrw
*default*        0x0000000000000000 0xffffffffffffffff

Linker script and memory map

LOAD /usr/lib/gcc/arm-none-eabi/10.2.0/thumb/v6-m/nofp/crti.o
LOAD /usr/lib/gcc/arm-none-eabi/10.2.0/thumb/v6-m/nofp/crtbegin.o
LOAD /usr/lib/gcc/arm-none-eabi/10.2.0/../../../../arm-none-eabi/lib/thumb/v6-m/nofp/crt0.o

.flash_begin    0x0000000010000000        0x0
                0x0000000010000000                __flash_binary_start = .

.boot2          0x0000000010000000      0x100
                0x0000000010000000                __boot2_start__ = .
 *(.boot2)
 .boot2         0x0000000010000000      0x100 /tmp/ccNhBZOe.o
                0x0000000010000100                __boot2_end__ = .
                0x0000000000000001                ASSERT (((__boot2_end__ - __boot2_start__) == 0x100), ERROR: Pico second stage bootloader must be 256 bytes in size)

.text           0x0000000010000100     0x46d0
                0x0000000010000100                __logical_binary_start = .
 *(.vectors)
 .vectors       0x0000000010000100       0xd4 CMakeFiles/Oled.dir/home/csowa/Desktop/PicoDev/pico-sdk/src/rp2_common/pico_standard_link/crt0.S.obj
                0x0000000010000100                __vectors
                0x00000000100001c0                isr_invalid
                0x00000000100001c2                isr_nmi
                0x00000000100001c4                isr_hardfault
                0x00000000100001c6                isr_svcall
                0x00000000100001c8                isr_pendsv
                0x00000000100001ca                isr_systick
                0x00000000100001cc                isr_irq30
                0x00000000100001cc                __unhandled_user_irq
                0x00000000100001cc                isr_irq13
                0x00000000100001cc                isr_irq27
                0x00000000100001cc                isr_irq31
                0x00000000100001cc                isr_irq5
                0x00000000100001cc                isr_irq11
                0x00000000100001cc                isr_irq23
                0x00000000100001cc                isr_irq18
                0x00000000100001cc                isr_irq28
                0x00000000100001cc                isr_irq19
                0x00000000100001cc                isr_irq0
                0x00000000100001cc                isr_irq6
                0x00000000100001cc                isr_irq22
                0x00000000100001cc                isr_irq17
                0x00000000100001cc                isr_irq14
                0x00000000100001cc                isr_irq2
                0x00000000100001cc                isr_irq10
                0x00000000100001cc                isr_irq8
                0x00000000100001cc                isr_irq24
                0x00000000100001cc                isr_irq1
                0x00000000100001cc                isr_irq7
                0x00000000100001cc                isr_irq21
                0x00000000100001cc                isr_irq20
                0x00000000100001cc                isr_irq15
                0x00000000100001cc                isr_irq25
                0x00000000100001cc                isr_irq4
                0x00000000100001cc                isr_irq16
                0x00000000100001cc                isr_irq29
                0x00000000100001cc                isr_irq26
                0x00000000100001cc                isr_irq3
                0x00000000100001cc                isr_irq12
                0x00000000100001cc                isr_irq9
                0x00000000100001d2                unhandled_user_irq_num_in_r0
 *(.binary_info_header)
 .binary_info_header
                0x00000000100001d4       0x14 CMakeFiles/Oled.dir/home/csowa/Desktop/PicoDev/pico-sdk/src/rp2_common/pico_standard_link/crt0.S.obj
                0x00000000100001e8                __binary_info_header_end = .
 *(.reset)
 .reset         0x00000000100001e8       0xa8 CMakeFiles/Oled.dir/home/csowa/Desktop/PicoDev/pico-sdk/src/rp2_common/pico_standard_link/crt0.S.obj
                0x00000000100001e8                _entry_point
                0x0000000010000266                __get_current_exception
 .reset         0x0000000010000290       0x30 CMakeFiles/Oled.dir/home/csowa/Desktop/PicoDev/pico-sdk/src/rp2_common/pico_standard_link/binary_info.c.obj
 *(.init)
 .init          0x00000000100002c0        0x4 /usr/lib/gcc/arm-none-eabi/10.2.0/thumb/v6-m/nofp/crti.o
                0x00000000100002c0                _init
 *(EXCLUDE_FILE(*libm.a: *libc.a:*lib_a-mem*.o *libgcc.a:) .text*)
 .text.frame_dummy
                0x00000000100002c4       0x20 /usr/lib/gcc/arm-none-eabi/10.2.0/thumb/v6-m/nofp/crtbegin.o
 .text.lcdTestPattern
                0x00000000100002e4      0x104 CMakeFiles/Oled.dir/Oled.c.obj
                0x00000000100002e4                lcdTestPattern
 .text.main     0x00000000100003e8       0x8c CMakeFiles/Oled.dir/Oled.c.obj
                0x00000000100003e8                main
 .text.OLED_CS  0x0000000010000474       0x1c CMakeFiles/Oled.dir/OLED_Driver.c.obj
                0x0000000010000474                OLED_CS
 .text.OLED_RST
                0x0000000010000490       0x1c CMakeFiles/Oled.dir/OLED_Driver.c.obj
                0x0000000010000490                OLED_RST
 .text.OLED_DC  0x00000000100004ac       0x1c CMakeFiles/Oled.dir/OLED_Driver.c.obj
                0x00000000100004ac                OLED_DC
 .text.Write_Command
                0x00000000100004c8       0x30 CMakeFiles/Oled.dir/OLED_Driver.c.obj
                0x00000000100004c8                Write_Command
 .text.Write_Data
                0x00000000100004f8       0x30 CMakeFiles/Oled.dir/OLED_Driver.c.obj
                0x00000000100004f8                Write_Data
 .text.Set_Color
                0x0000000010000528       0x10 CMakeFiles/Oled.dir/OLED_Driver.c.obj
                0x0000000010000528                Set_Color
 .text.RAM_Address
                0x0000000010000538       0x28 CMakeFiles/Oled.dir/OLED_Driver.c.obj
                0x0000000010000538                RAM_Address
 .text.Clear_Screen
                0x0000000010000560       0x38 CMakeFiles/Oled.dir/OLED_Driver.c.obj
                0x0000000010000560                Clear_Screen
 .text.Set_Coordinate
                0x0000000010000598       0x3c CMakeFiles/Oled.dir/OLED_Driver.c.obj
                0x0000000010000598                Set_Coordinate
 .text.Device_Init
                0x00000000100005d4      0x144 CMakeFiles/Oled.dir/OLED_Driver.c.obj
                0x00000000100005d4                Device_Init
 .text.gpio_set_function
                0x0000000010000718       0x30 CMakeFiles/Oled.dir/home/csowa/Desktop/PicoDev/pico-sdk/src/rp2_common/hardware_gpio/gpio.c.obj
                0x0000000010000718                gpio_set_function
 .text.gpio_init
                0x0000000010000748       0x16 CMakeFiles/Oled.dir/home/csowa/Desktop/PicoDev/pico-sdk/src/rp2_common/hardware_gpio/gpio.c.obj
                0x0000000010000748                gpio_init
 *fill*         0x000000001000075e        0x2 
 .text.hw_claim_lock
                0x0000000010000760       0x18 CMakeFiles/Oled.dir/home/csowa/Desktop/PicoDev/pico-sdk/src/rp2_common/hardware_claim/claim.c.obj
                0x0000000010000760                hw_claim_lock
 .text.hw_claim_unlock
                0x0000000010000778       0x14 CMakeFiles/Oled.dir/home/csowa/Desktop/PicoDev/pico-sdk/src/rp2_common/hardware_claim/claim.c.obj
                0x0000000010000778                hw_claim_unlock
 .text.hw_claim_or_assert
                0x000000001000078c       0x36 CMakeFiles/Oled.dir/home/csowa/Desktop/PicoDev/pico-sdk/src/rp2_common/hardware_claim/claim.c.obj
                0x000000001000078c                hw_claim_or_assert
 *fill*         0x00000000100007c2        0x2 
 .text.spin_locks_reset
                0x00000000100007c4       0x20 CMakeFiles/Oled.dir/home/csowa/Desktop/PicoDev/pico-sdk/src/rp2_common/hardware_sync/sync.c.obj
                0x00000000100007c4                spin_locks_reset
 .text.next_striped_spin_lock_num
                0x00000000100007e4       0x1c CMakeFiles/Oled.dir/home/csowa/Desktop/PicoDev/pico-sdk/src/rp2_common/hardware_sync/sync.c.obj
                0x00000000100007e4                next_striped_spin_lock_num
 .text.running_on_fpga
                0x0000000010000800       0x14 CMakeFiles/Oled.dir/home/csowa/Desktop/PicoDev/pico-sdk/src/rp2_common/pico_platform/platform.c.obj
                0x0000000010000800                running_on_fpga
 .text.uart_set_baudrate
                0x0000000010000814       0x64 CMakeFiles/Oled.dir/home/csowa/Desktop/PicoDev/pico-sdk/src/rp2_common/hardware_uart/uart.c.obj
                0x0000000010000814                uart_set_baudrate
 .text.uart_set_translate_crlf
                0x0000000010000878       0x28 CMakeFiles/Oled.dir/home/csowa/Desktop/PicoDev/pico-sdk/src/rp2_common/hardware_uart/uart.c.obj
                0x0000000010000878                uart_set_translate_crlf
 .text.uart_init
                0x00000000100008a0       0x80 CMakeFiles/Oled.dir/home/csowa/Desktop/PicoDev/pico-sdk/src/rp2_common/hardware_uart/uart.c.obj
                0x00000000100008a0                uart_init
 .text.sev_callback
                0x0000000010000920        0x8 CMakeFiles/Oled.dir/home/csowa/Desktop/PicoDev/pico-sdk/src/common/pico_time/time.c.obj
 .text.alarm_pool_post_alloc_init
                0x0000000010000928       0x40 CMakeFiles/Oled.dir/home/csowa/Desktop/PicoDev/pico-sdk/src/common/pico_time/time.c.obj
 .text.timer_pool_entry_comparator
                0x0000000010000968       0x78 CMakeFiles/Oled.dir/home/csowa/Desktop/PicoDev/pico-sdk/src/common/pico_time/time.c.obj
                0x0000000010000968                timer_pool_entry_comparator
 .text.ph_add_child_node
                0x00000000100009e0       0xa4 CMakeFiles/Oled.dir/home/csowa/Desktop/PicoDev/pico-sdk/src/common/pico_time/time.c.obj
 .text.ph_merge_nodes
                0x0000000010000a84       0x3e CMakeFiles/Oled.dir/home/csowa/Desktop/PicoDev/pico-sdk/src/common/pico_time/time.c.obj
 *fill*         0x0000000010000ac2        0x2 
 .text.add_alarm_under_lock
                0x0000000010000ac4      0x174 CMakeFiles/Oled.dir/home/csowa/Desktop/PicoDev/pico-sdk/src/common/pico_time/time.c.obj
 .text.alarm_pool_alarm_callback
                0x0000000010000c38      0x308 CMakeFiles/Oled.dir/home/csowa/Desktop/PicoDev/pico-sdk/src/common/pico_time/time.c.obj
 .text.alarm_pool_init_default
                0x0000000010000f40       0x2c CMakeFiles/Oled.dir/home/csowa/Desktop/PicoDev/pico-sdk/src/common/pico_time/time.c.obj
                0x0000000010000f40                alarm_pool_init_default
 .text.alarm_pool_get_default
                0x0000000010000f6c       0x2c CMakeFiles/Oled.dir/home/csowa/Desktop/PicoDev/pico-sdk/src/common/pico_time/time.c.obj
                0x0000000010000f6c                alarm_pool_get_default
 .text.alarm_pool_add_alarm_at
                0x0000000010000f98      0x140 CMakeFiles/Oled.dir/home/csowa/Desktop/PicoDev/pico-sdk/src/common/pico_time/time.c.obj
                0x0000000010000f98                alarm_pool_add_alarm_at
 .text.sleep_until
                0x00000000100010d8       0xa0 CMakeFiles/Oled.dir/home/csowa/Desktop/PicoDev/pico-sdk/src/common/pico_time/time.c.obj
                0x00000000100010d8                sleep_until
 .text.sleep_us
                0x0000000010001178       0x2e CMakeFiles/Oled.dir/home/csowa/Desktop/PicoDev/pico-sdk/src/common/pico_time/time.c.obj
                0x0000000010001178                sleep_us
 .text.sleep_ms
                0x00000000100011a6       0x14 CMakeFiles/Oled.dir/home/csowa/Desktop/PicoDev/pico-sdk/src/common/pico_time/time.c.obj
                0x00000000100011a6                sleep_ms
 *fill*         0x00000000100011ba        0x2 
 .text.hardware_alarm_irq_handler
                0x00000000100011bc       0x8c CMakeFiles/Oled.dir/home/csowa/Desktop/PicoDev/pico-sdk/src/rp2_common/hardware_timer/timer.c.obj
 .text.hardware_alarm_claim
                0x0000000010001248       0x18 CMakeFiles/Oled.dir/home/csowa/Desktop/PicoDev/pico-sdk/src/rp2_common/hardware_timer/timer.c.obj
                0x0000000010001248                hardware_alarm_claim
 .text.time_us_64
                0x0000000010001260       0x18 CMakeFiles/Oled.dir/home/csowa/Desktop/PicoDev/pico-sdk/src/rp2_common/hardware_timer/timer.c.obj
                0x0000000010001260                time_us_64
 .text.busy_wait_until
                0x0000000010001278       0x28 CMakeFiles/Oled.dir/home/csowa/Desktop/PicoDev/pico-sdk/src/rp2_common/hardware_timer/timer.c.obj
                0x0000000010001278                busy_wait_until
 .text.hardware_alarm_set_callback
                0x00000000100012a0       0x90 CMakeFiles/Oled.dir/home/csowa/Desktop/PicoDev/pico-sdk/src/rp2_common/hardware_timer/timer.c.obj
                0x00000000100012a0                hardware_alarm_set_callback
 .text.hardware_alarm_set_target
                0x0000000010001330       0xc8 CMakeFiles/Oled.dir/home/csowa/Desktop/PicoDev/pico-sdk/src/rp2_common/hardware_timer/timer.c.obj
                0x0000000010001330                hardware_alarm_set_target
 .text.hardware_alarm_cancel
                0x00000000100013f8       0x40 CMakeFiles/Oled.dir/home/csowa/Desktop/PicoDev/pico-sdk/src/rp2_common/hardware_timer/timer.c.obj
                0x00000000100013f8                hardware_alarm_cancel
 .text.lock_init
                0x0000000010001438       0x10 CMakeFiles/Oled.dir/home/csowa/Desktop/PicoDev/pico-sdk/src/common/pico_sync/lock_core.c.obj
                0x0000000010001438                lock_init
 .text.mutex_init
                0x0000000010001448       0x1a CMakeFiles/Oled.dir/home/csowa/Desktop/PicoDev/pico-sdk/src/common/pico_sync/mutex.c.obj
                0x0000000010001448                mutex_init
 *fill*         0x0000000010001462        0x2 
 .text.ph_add_child_node
                0x0000000010001464       0xa4 CMakeFiles/Oled.dir/home/csowa/Desktop/PicoDev/pico-sdk/src/common/pico_util/pheap.c.obj
 .text.ph_merge_nodes
                0x0000000010001508       0x3e CMakeFiles/Oled.dir/home/csowa/Desktop/PicoDev/pico-sdk/src/common/pico_util/pheap.c.obj
 *fill*         0x0000000010001546        0x2 
 .text.ph_clear
                0x0000000010001548       0x70 CMakeFiles/Oled.dir/home/csowa/Desktop/PicoDev/pico-sdk/src/common/pico_util/pheap.c.obj
                0x0000000010001548                ph_clear
 .text.ph_post_alloc_init
                0x00000000100015b8        0xe CMakeFiles/Oled.dir/home/csowa/Desktop/PicoDev/pico-sdk/src/common/pico_util/pheap.c.obj
                0x00000000100015b8                ph_post_alloc_init
 *fill*         0x00000000100015c6        0x2 
 .text.ph_merge_two_pass
                0x00000000100015c8       0xa8 CMakeFiles/Oled.dir/home/csowa/Desktop/PicoDev/pico-sdk/src/common/pico_util/pheap.c.obj
                0x00000000100015c8                ph_merge_two_pass
 .text.ph_remove_any_head
                0x0000000010001670      0x108 CMakeFiles/Oled.dir/home/csowa/Desktop/PicoDev/pico-sdk/src/common/pico_util/pheap.c.obj
 .text.ph_remove_head
                0x0000000010001778       0x14 CMakeFiles/Oled.dir/home/csowa/Desktop/PicoDev/pico-sdk/src/common/pico_util/pheap.c.obj
                0x0000000010001778                ph_remove_head
 .text.ph_remove_and_free_node
                0x000000001000178c       0xf8 CMakeFiles/Oled.dir/home/csowa/Desktop/PicoDev/pico-sdk/src/common/pico_util/pheap.c.obj
                0x000000001000178c                ph_remove_and_free_node
 .text.runtime_init
                0x0000000010001884       0xcc CMakeFiles/Oled.dir/home/csowa/Desktop/PicoDev/pico-sdk/src/rp2_common/pico_runtime/runtime.c.obj
                0x0000000010001884                runtime_init
 .text._exit    0x0000000010001950        0x4 CMakeFiles/Oled.dir/home/csowa/Desktop/PicoDev/pico-sdk/src/rp2_common/pico_runtime/runtime.c.obj
                0x0000000010001950                _exit
 .text.exit     0x0000000010001954        0x6 CMakeFiles/Oled.dir/home/csowa/Desktop/PicoDev/pico-sdk/src/rp2_common/pico_runtime/runtime.c.obj
                0x0000000010001954                exit
 *fill*         0x000000001000195a        0x2 
 .text.__assert_func
                0x000000001000195c       0x3c CMakeFiles/Oled.dir/home/csowa/Desktop/PicoDev/pico-sdk/src/rp2_common/pico_runtime/runtime.c.obj
                0x000000001000195c                __assert_func
 .text.panic    0x0000000010001998       0x30 CMakeFiles/Oled.dir/home/csowa/Desktop/PicoDev/pico-sdk/src/rp2_common/pico_runtime/runtime.c.obj
                0x0000000010001998                panic
 .text.clock_configure
                0x00000000100019c8       0xe8 CMakeFiles/Oled.dir/home/csowa/Desktop/PicoDev/pico-sdk/src/rp2_common/hardware_clocks/clocks.c.obj
                0x00000000100019c8                clock_configure
 .text.clocks_init
                0x0000000010001ab0      0x124 CMakeFiles/Oled.dir/home/csowa/Desktop/PicoDev/pico-sdk/src/rp2_common/hardware_clocks/clocks.c.obj
                0x0000000010001ab0                clocks_init
 .text.clock_get_hz
                0x0000000010001bd4        0xc CMakeFiles/Oled.dir/home/csowa/Desktop/PicoDev/pico-sdk/src/rp2_common/hardware_clocks/clocks.c.obj
                0x0000000010001bd4                clock_get_hz
 .text.watchdog_start_tick
                0x0000000010001be0       0x10 CMakeFiles/Oled.dir/home/csowa/Desktop/PicoDev/pico-sdk/src/rp2_common/hardware_watchdog/watchdog.c.obj
                0x0000000010001be0                watchdog_start_tick
 .text.xosc_init
                0x0000000010001bf0       0x28 CMakeFiles/Oled.dir/home/csowa/Desktop/PicoDev/pico-sdk/src/rp2_common/hardware_xosc/xosc.c.obj
                0x0000000010001bf0                xosc_init
 .text.pll_init
                0x0000000010001c18       0xd0 CMakeFiles/Oled.dir/home/csowa/Desktop/PicoDev/pico-sdk/src/rp2_common/hardware_pll/pll.c.obj
                0x0000000010001c18                pll_init
 .text.set_raw_irq_handler_and_unlock
                0x0000000010001ce8       0x28 CMakeFiles/Oled.dir/home/csowa/Desktop/PicoDev/pico-sdk/src/rp2_common/hardware_irq/irq.c.obj
 .text.make_branch
                0x0000000010001d10       0x34 CMakeFiles/Oled.dir/home/csowa/Desktop/PicoDev/pico-sdk/src/rp2_common/hardware_irq/irq.c.obj
 .text.insert_branch_and_link
                0x0000000010001d44       0x40 CMakeFiles/Oled.dir/home/csowa/Desktop/PicoDev/pico-sdk/src/rp2_common/hardware_irq/irq.c.obj
 .text.irq_is_enabled
                0x0000000010001d84       0x18 CMakeFiles/Oled.dir/home/csowa/Desktop/PicoDev/pico-sdk/src/rp2_common/hardware_irq/irq.c.obj
                0x0000000010001d84                irq_is_enabled
 .text.irq_set_mask_enabled
                0x0000000010001d9c       0x20 CMakeFiles/Oled.dir/home/csowa/Desktop/PicoDev/pico-sdk/src/rp2_common/hardware_irq/irq.c.obj
                0x0000000010001d9c                irq_set_mask_enabled
 .text.irq_set_enabled
                0x0000000010001dbc        0xe CMakeFiles/Oled.dir/home/csowa/Desktop/PicoDev/pico-sdk/src/rp2_common/hardware_irq/irq.c.obj
                0x0000000010001dbc                irq_set_enabled
 *fill*         0x0000000010001dca        0x2 
 .text.irq_get_vtable_handler
                0x0000000010001dcc       0x10 CMakeFiles/Oled.dir/home/csowa/Desktop/PicoDev/pico-sdk/src/rp2_common/hardware_irq/irq.c.obj
                0x0000000010001dcc                irq_get_vtable_handler
 .text.irq_set_exclusive_handler
                0x0000000010001ddc       0x54 CMakeFiles/Oled.dir/home/csowa/Desktop/PicoDev/pico-sdk/src/rp2_common/hardware_irq/irq.c.obj
                0x0000000010001ddc                irq_set_exclusive_handler
 .text.irq_remove_handler
                0x0000000010001e30      0x1ac CMakeFiles/Oled.dir/home/csowa/Desktop/PicoDev/pico-sdk/src/rp2_common/hardware_irq/irq.c.obj
                0x0000000010001e30                irq_remove_handler
 .text.irq_set_priority
                0x0000000010001fdc       0x28 CMakeFiles/Oled.dir/home/csowa/Desktop/PicoDev/pico-sdk/src/rp2_common/hardware_irq/irq.c.obj
                0x0000000010001fdc                irq_set_priority
 .text.irq_add_tail_to_free_list
                0x0000000010002004       0xf0 CMakeFiles/Oled.dir/home/csowa/Desktop/PicoDev/pico-sdk/src/rp2_common/hardware_irq/irq.c.obj
                0x0000000010002004                irq_add_tail_to_free_list
 .text.irq_init_priorities
                0x00000000100020f4       0x16 CMakeFiles/Oled.dir/home/csowa/Desktop/PicoDev/pico-sdk/src/rp2_common/hardware_irq/irq.c.obj
                0x00000000100020f4                irq_init_priorities
 .text._out_null
                0x000000001000210a        0x2 CMakeFiles/Oled.dir/home/csowa/Desktop/PicoDev/pico-sdk/src/rp2_common/pico_printf/printf.c.obj
 .text._out_fct
                0x000000001000210c        0xe CMakeFiles/Oled.dir/home/csowa/Desktop/PicoDev/pico-sdk/src/rp2_common/pico_printf/printf.c.obj
 .text._atoi    0x000000001000211a       0x24 CMakeFiles/Oled.dir/home/csowa/Desktop/PicoDev/pico-sdk/src/rp2_common/pico_printf/printf.c.obj
 .text._out_rev
                0x000000001000213e       0xae CMakeFiles/Oled.dir/home/csowa/Desktop/PicoDev/pico-sdk/src/rp2_common/pico_printf/printf.c.obj
 .text._ntoa_format
                0x00000000100021ec      0x112 CMakeFiles/Oled.dir/home/csowa/Desktop/PicoDev/pico-sdk/src/rp2_common/pico_printf/printf.c.obj
 .text._ntoa_long
                0x00000000100022fe       0xbc CMakeFiles/Oled.dir/home/csowa/Desktop/PicoDev/pico-sdk/src/rp2_common/pico_printf/printf.c.obj
 .text._ntoa_long_long
                0x00000000100023ba       0xe2 CMakeFiles/Oled.dir/home/csowa/Desktop/PicoDev/pico-sdk/src/rp2_common/pico_printf/printf.c.obj
 .text._etoa    0x000000001000249c      0x414 CMakeFiles/Oled.dir/home/csowa/Desktop/PicoDev/pico-sdk/src/rp2_common/pico_printf/printf.c.obj
 .text._ftoa    0x00000000100028b0      0x354 CMakeFiles/Oled.dir/home/csowa/Desktop/PicoDev/pico-sdk/src/rp2_common/pico_printf/printf.c.obj
 .text._vsnprintf
                0x0000000010002c04      0x624 CMakeFiles/Oled.dir/home/csowa/Desktop/PicoDev/pico-sdk/src/rp2_common/pico_printf/printf.c.obj
 .text.vfctprintf
                0x0000000010003228       0x20 CMakeFiles/Oled.dir/home/csowa/Desktop/PicoDev/pico-sdk/src/rp2_common/pico_printf/printf.c.obj
                0x0000000010003228                vfctprintf
 .text          0x0000000010003248       0x10 CMakeFiles/Oled.dir/home/csowa/Desktop/PicoDev/pico-sdk/src/rp2_common/pico_bit_ops/bit_ops_aeabi.S.obj
 .text.rom_func_lookup
                0x0000000010003258       0x10 CMakeFiles/Oled.dir/home/csowa/Desktop/PicoDev/pico-sdk/src/rp2_common/pico_bootrom/bootrom.c.obj
                0x0000000010003258                rom_func_lookup
 .text.rom_data_lookup
                0x0000000010003268       0x10 CMakeFiles/Oled.dir/home/csowa/Desktop/PicoDev/pico-sdk/src/rp2_common/pico_bootrom/bootrom.c.obj
                0x0000000010003268                rom_data_lookup
 .text.rom_funcs_lookup
                0x0000000010003278       0x36 CMakeFiles/Oled.dir/home/csowa/Desktop/PicoDev/pico-sdk/src/rp2_common/pico_bootrom/bootrom.c.obj
                0x0000000010003278                rom_funcs_lookup
 *fill*         0x00000000100032ae        0x2 
 .text.__wrap___aeabi_idiv
                0x00000000100032b0       0x58 CMakeFiles/Oled.dir/home/csowa/Desktop/PicoDev/pico-sdk/src/rp2_common/pico_divider/divider.S.obj
                0x00000000100032b0                __wrap___aeabi_idivmod
                0x00000000100032b0                divmod_s32s32
                0x00000000100032b0                div_s32s32
                0x00000000100032b0                __wrap___aeabi_idiv
                0x00000000100032b8                divmod_s32s32_unsafe
                0x00000000100032e4                divmod_s32s32_savestate
 .text.__wrap___aeabi_uidiv
                0x0000000010003308       0x54 CMakeFiles/Oled.dir/home/csowa/Desktop/PicoDev/pico-sdk/src/rp2_common/pico_divider/divider.S.obj
                0x0000000010003308                __wrap___aeabi_uidiv
                0x0000000010003308                __wrap___aeabi_uidivmod
                0x0000000010003308                div_u32u32
                0x0000000010003308                divmod_u32u32
                0x0000000010003310                divmod_u32u32_unsafe
                0x0000000010003338                divmod_u32u32_savestate
 .text.__wrap___aeabi_ldiv
                0x000000001000335c      0x430 CMakeFiles/Oled.dir/home/csowa/Desktop/PicoDev/pico-sdk/src/rp2_common/pico_divider/divider.S.obj
                0x000000001000335c                div_s64s64
                0x000000001000335c                divmod_s64s64
                0x000000001000335c                __wrap___aeabi_ldivmod
                0x0000000010003394                div_u64u64
                0x0000000010003394                divmod_u64u64
                0x0000000010003394                __wrap___aeabi_uldivmod
                0x00000000100033a4                divmod_u64u64_savestate
                0x00000000100033cc                divmod_s64s64_unsafe
                0x0000000010003454                divmod_u64u64_unsafe
 .text.__wrap___aeabi_darithmetic
                0x000000001000378c       0x54 CMakeFiles/Oled.dir/home/csowa/Desktop/PicoDev/pico-sdk/src/rp2_common/pico_double/double_aeabi.S.obj
                0x000000001000378c                __wrap___aeabi_drsub
                0x0000000010003792                __wrap___aeabi_dsub
                0x00000000100037a4                __wrap___aeabi_dadd
                0x00000000100037b6                __wrap___aeabi_ddiv
                0x00000000100037c8                __wrap___aeabi_dmul
 .text.__wrap___aeabi_cdcmple
                0x00000000100037e0       0x6c CMakeFiles/Oled.dir/home/csowa/Desktop/PicoDev/pico-sdk/src/rp2_common/pico_double/double_aeabi.S.obj
                0x00000000100037e0                __wrap___aeabi_cdrcmple
                0x00000000100037f0                __wrap___aeabi_cdcmple
                0x00000000100037f0                __wrap___aeabi_cdcmpeq
 .text.__wrap___aeabi_dcmplt
                0x000000001000384c        0xc CMakeFiles/Oled.dir/home/csowa/Desktop/PicoDev/pico-sdk/src/rp2_common/pico_double/double_aeabi.S.obj
                0x000000001000384c                __wrap___aeabi_dcmplt
 .text.__wrap___aeabi_dcmple
                0x0000000010003858       0x10 CMakeFiles/Oled.dir/home/csowa/Desktop/PicoDev/pico-sdk/src/rp2_common/pico_double/double_aeabi.S.obj
                0x0000000010003858                __wrap___aeabi_dcmple
 .text.__wrap___aeabi_dcmpge
                0x0000000010003868       0x10 CMakeFiles/Oled.dir/home/csowa/Desktop/PicoDev/pico-sdk/src/rp2_common/pico_double/double_aeabi.S.obj
                0x0000000010003868                __wrap___aeabi_dcmpge
 .text.__wrap___aeabi_dcmpgt
                0x0000000010003878        0xa CMakeFiles/Oled.dir/home/csowa/Desktop/PicoDev/pico-sdk/src/rp2_common/pico_double/double_aeabi.S.obj
                0x0000000010003878                __wrap___aeabi_dcmpgt
 .text.__wrap___aeabi_dcmpun
                0x0000000010003882       0x1c CMakeFiles/Oled.dir/home/csowa/Desktop/PicoDev/pico-sdk/src/rp2_common/pico_double/double_aeabi.S.obj
                0x0000000010003882                __wrap___aeabi_dcmpun
 *fill*         0x000000001000389e        0x2 
 .text.__wrap___aeabi_i2d
                0x00000000100038a0       0x38 CMakeFiles/Oled.dir/home/csowa/Desktop/PicoDev/pico-sdk/src/rp2_common/pico_double/double_aeabi.S.obj
                0x00000000100038a0                __wrap___aeabi_ui2d
                0x00000000100038a8                __wrap___aeabi_i2d
 .text.__wrap___aeabi_d2iz
                0x00000000100038d8       0x48 CMakeFiles/Oled.dir/home/csowa/Desktop/PicoDev/pico-sdk/src/rp2_common/pico_double/double_aeabi.S.obj
                0x00000000100038d8                __wrap___aeabi_d2iz
                0x00000000100038d8                double2int_z
 .text.__wrap___aeabi_d2uiz
                0x0000000010003920       0x18 CMakeFiles/Oled.dir/home/csowa/Desktop/PicoDev/pico-sdk/src/rp2_common/pico_double/double_aeabi.S.obj
                0x0000000010003920                double2uint
                0x0000000010003920                __wrap___aeabi_d2uiz
 .text.__aeabi_double_init
                0x0000000010003938       0xb8 CMakeFiles/Oled.dir/home/csowa/Desktop/PicoDev/pico-sdk/src/rp2_common/pico_double/double_init_rom.c.obj
                0x0000000010003938                __aeabi_double_init
 .text.double_table_shim_on_use_helper
                0x00000000100039f0       0x34 CMakeFiles/Oled.dir/home/csowa/Desktop/PicoDev/pico-sdk/src/rp2_common/pico_double/double_v1_rom_shim.S.obj
                0x00000000100039f0                double_table_shim_on_use_helper
 .text.__wrap___aeabi_dsub
                0x0000000010003a24       0x10 CMakeFiles/Oled.dir/home/csowa/Desktop/PicoDev/pico-sdk/src/rp2_common/pico_double/double_v1_rom_shim.S.obj
                0x0000000010003a24                drsub_shim
                0x0000000010003a2a                dsub_shim
 .text.dadd_shim
                0x0000000010003a34      0x15c CMakeFiles/Oled.dir/home/csowa/Desktop/PicoDev/pico-sdk/src/rp2_common/pico_double/double_v1_rom_shim.S.obj
                0x0000000010003a34                dadd_shim
 .text.dmul_shim
                0x0000000010003b90      0x15c CMakeFiles/Oled.dir/home/csowa/Desktop/PicoDev/pico-sdk/src/rp2_common/pico_double/double_v1_rom_shim.S.obj
                0x0000000010003b90                dmul_shim
 .text.ddiv_shim
                0x0000000010003cec      0x1b0 CMakeFiles/Oled.dir/home/csowa/Desktop/PicoDev/pico-sdk/src/rp2_common/pico_double/double_v1_rom_shim.S.obj
                0x0000000010003cec                ddiv_shim
 .text.dcordic_rot_step
                0x0000000010003e9c       0x7c CMakeFiles/Oled.dir/home/csowa/Desktop/PicoDev/pico-sdk/src/rp2_common/pico_double/double_v1_rom_shim.S.obj
                0x0000000010003e9c                dcordic_rot_step
 .text.double2uint_shim
                0x0000000010003f18        0xe CMakeFiles/Oled.dir/home/csowa/Desktop/PicoDev/pico-sdk/src/rp2_common/pico_double/double_v1_rom_shim.S.obj
                0x0000000010003f18                double2uint_shim
                0x0000000010003f1a                double2ufix_shim
 *fill*         0x0000000010003f26        0x2 
 .text.double2uint64_shim
                0x0000000010003f28       0x6c CMakeFiles/Oled.dir/home/csowa/Desktop/PicoDev/pico-sdk/src/rp2_common/pico_double/double_v1_rom_shim.S.obj
                0x0000000010003f28                double2uint64_shim
                0x0000000010003f2a                double2ufix64_shim
                0x0000000010003f44                d2fix_a
 .text.dunpacks
                0x0000000010003f94       0x3c CMakeFiles/Oled.dir/home/csowa/Desktop/PicoDev/pico-sdk/src/rp2_common/pico_double/double_v1_rom_shim.S.obj
                0x0000000010003f94                dunpacks
 .text.__aeabi_lmul
                0x0000000010003fd0       0x32 CMakeFiles/Oled.dir/home/csowa/Desktop/PicoDev/pico-sdk/src/rp2_common/pico_int64_ops/pico_int64_ops_aeabi.S.obj
                0x0000000010003fd0                __wrap___aeabi_lmul
 *fill*         0x0000000010004002        0x2 
 .text.__aeabi_float_init
                0x0000000010004004       0xfc CMakeFiles/Oled.dir/home/csowa/Desktop/PicoDev/pico-sdk/src/rp2_common/pico_float/float_init_rom.c.obj
                0x0000000010004004                __aeabi_float_init
 .text.float_table_shim_on_use_helper
                0x0000000010004100       0x34 CMakeFiles/Oled.dir/home/csowa/Desktop/PicoDev/pico-sdk/src/rp2_common/pico_float/float_v1_rom_shim.S.obj
                0x0000000010004100                float_table_shim_on_use_helper
 .text          0x0000000010004134       0x10 CMakeFiles/Oled.dir/home/csowa/Desktop/PicoDev/pico-sdk/src/rp2_common/pico_mem_ops/mem_ops_aeabi.S.obj
                0x0000000010004134                __aeabi_mem_init
 .text.memset   0x0000000010004144        0xc CMakeFiles/Oled.dir/home/csowa/Desktop/PicoDev/pico-sdk/src/rp2_common/pico_mem_ops/mem_ops_aeabi.S.obj
                0x0000000010004144                __wrap_memset
 .text.memcpy   0x0000000010004150        0xc CMakeFiles/Oled.dir/home/csowa/Desktop/PicoDev/pico-sdk/src/rp2_common/pico_mem_ops/mem_ops_aeabi.S.obj
                0x0000000010004150                __wrap___aeabi_memcpy
                0x0000000010004150                __wrap_memcpy
 .text.stdio_out_chars_crlf
                0x000000001000415c       0x80 CMakeFiles/Oled.dir/home/csowa/Desktop/PicoDev/pico-sdk/src/rp2_common/pico_stdio/stdio.c.obj
 .text.stdio_stack_buffer_flush
                0x00000000100041dc       0x44 CMakeFiles/Oled.dir/home/csowa/Desktop/PicoDev/pico-sdk/src/rp2_common/pico_stdio/stdio.c.obj
 .text.stdio_buffered_printer
                0x0000000010004220       0x20 CMakeFiles/Oled.dir/home/csowa/Desktop/PicoDev/pico-sdk/src/rp2_common/pico_stdio/stdio.c.obj
 .text.stdout_serialize_begin
                0x0000000010004240       0x2c CMakeFiles/Oled.dir/home/csowa/Desktop/PicoDev/pico-sdk/src/rp2_common/pico_stdio/stdio.c.obj
                0x0000000010004240                stdout_serialize_begin
 .text.stdout_serialize_end
                0x000000001000426c       0x10 CMakeFiles/Oled.dir/home/csowa/Desktop/PicoDev/pico-sdk/src/rp2_common/pico_stdio/stdio.c.obj
                0x000000001000426c                stdout_serialize_end
 .text.stdio_put_string
                0x000000001000427c       0x84 CMakeFiles/Oled.dir/home/csowa/Desktop/PicoDev/pico-sdk/src/rp2_common/pico_stdio/stdio.c.obj
 .text.stdio_set_driver_enabled
                0x0000000010004300       0x38 CMakeFiles/Oled.dir/home/csowa/Desktop/PicoDev/pico-sdk/src/rp2_common/pico_stdio/stdio.c.obj
                0x0000000010004300                stdio_set_driver_enabled
 .text.stdio_flush
                0x0000000010004338       0x20 CMakeFiles/Oled.dir/home/csowa/Desktop/PicoDev/pico-sdk/src/rp2_common/pico_stdio/stdio.c.obj
                0x0000000010004338                stdio_flush
 .text.__wrap_puts
                0x0000000010004358       0x1c CMakeFiles/Oled.dir/home/csowa/Desktop/PicoDev/pico-sdk/src/rp2_common/pico_stdio/stdio.c.obj
                0x0000000010004358                __wrap_puts
 .text.__wrap_vprintf
                0x0000000010004374       0x44 CMakeFiles/Oled.dir/home/csowa/Desktop/PicoDev/pico-sdk/src/rp2_common/pico_stdio/stdio.c.obj
                0x0000000010004374                __wrap_vprintf
 .text.__wrap_printf
                0x00000000100043b8       0x18 CMakeFiles/Oled.dir/home/csowa/Desktop/PicoDev/pico-sdk/src/rp2_common/pico_stdio/stdio.c.obj
                0x00000000100043b8                __wrap_printf
 .text.stdio_init_all
                0x00000000100043d0        0x8 CMakeFiles/Oled.dir/home/csowa/Desktop/PicoDev/pico-sdk/src/rp2_common/pico_stdio/stdio.c.obj
                0x00000000100043d0                stdio_init_all
 .text.stdio_uart_out_chars
                0x00000000100043d8       0x74 CMakeFiles/Oled.dir/home/csowa/Desktop/PicoDev/pico-sdk/src/rp2_common/pico_stdio_uart/stdio_uart.c.obj
 .text.stdio_uart_in_chars
                0x000000001000444c       0x58 CMakeFiles/Oled.dir/home/csowa/Desktop/PicoDev/pico-sdk/src/rp2_common/pico_stdio_uart/stdio_uart.c.obj
                0x000000001000444c                stdio_uart_in_chars
 .text.stdio_uart_init_full
                0x00000000100044a4       0x3c CMakeFiles/Oled.dir/home/csowa/Desktop/PicoDev/pico-sdk/src/rp2_common/pico_stdio_uart/stdio_uart.c.obj
                0x00000000100044a4                stdio_uart_init_full
 .text.stdio_uart_init
                0x00000000100044e0       0x28 CMakeFiles/Oled.dir/home/csowa/Desktop/PicoDev/pico-sdk/src/rp2_common/pico_stdio_uart/stdio_uart.c.obj
                0x00000000100044e0                stdio_uart_init
 .text.spi_set_baudrate
                0x0000000010004508       0x92 CMakeFiles/Oled.dir/home/csowa/Desktop/PicoDev/pico-sdk/src/rp2_common/hardware_spi/spi.c.obj
                0x0000000010004508                spi_set_baudrate
 *fill*         0x000000001000459a        0x2 
 .text.spi_init
                0x000000001000459c       0x6c CMakeFiles/Oled.dir/home/csowa/Desktop/PicoDev/pico-sdk/src/rp2_common/hardware_spi/spi.c.obj
                0x000000001000459c                spi_init
 .text.atexit   0x0000000010004608       0x10 /usr/lib/gcc/arm-none-eabi/10.2.0/../../../../arm-none-eabi/lib/thumb/v6-m/nofp/libg.a(lib_a-atexit.o)
                0x0000000010004608                atexit
 .text.__libc_fini_array
                0x0000000010004618       0x28 /usr/lib/gcc/arm-none-eabi/10.2.0/../../../../arm-none-eabi/lib/thumb/v6-m/nofp/libg.a(lib_a-fini.o)
                0x0000000010004618                __libc_fini_array
 .text.strlen   0x0000000010004640       0x5c /usr/lib/gcc/arm-none-eabi/10.2.0/../../../../arm-none-eabi/lib/thumb/v6-m/nofp/libg.a(lib_a-strlen-stub.o)
                0x0000000010004640                strlen
 .text.__register_exitproc
                0x000000001000469c       0xb0 /usr/lib/gcc/arm-none-eabi/10.2.0/../../../../arm-none-eabi/lib/thumb/v6-m/nofp/libg.a(lib_a-__atexit.o)
                0x000000001000469c                __register_exitproc
 .text.startup.register_fini
                0x000000001000474c       0x18 /usr/lib/gcc/arm-none-eabi/10.2.0/../../../../arm-none-eabi/lib/thumb/v6-m/nofp/libg.a(lib_a-__call_atexit.o)
 .text.__retarget_lock_acquire_recursive
                0x0000000010004764        0x4 /usr/lib/gcc/arm-none-eabi/10.2.0/../../../../arm-none-eabi/lib/thumb/v6-m/nofp/libg.a(lib_a-lock.o)
                0x0000000010004764                __retarget_lock_acquire_recursive
 .text.__retarget_lock_release_recursive
                0x0000000010004768        0x4 /usr/lib/gcc/arm-none-eabi/10.2.0/../../../../arm-none-eabi/lib/thumb/v6-m/nofp/libg.a(lib_a-lock.o)
                0x0000000010004768                __retarget_lock_release_recursive
 *(.fini)
 .fini          0x000000001000476c        0x4 /usr/lib/gcc/arm-none-eabi/10.2.0/thumb/v6-m/nofp/crti.o
                0x000000001000476c                _fini
 .fini.__stub   0x0000000010004770       0x60 linker stubs
 *crtbegin.o(.ctors)
 *crtbegin?.o(.ctors)
 *(EXCLUDE_FILE(*crtend.o *crtend?.o) .ctors)
 *(SORT_BY_NAME(.ctors.*))
 *(.ctors)
 *crtbegin.o(.dtors)
 *crtbegin?.o(.dtors)
 *(EXCLUDE_FILE(*crtend.o *crtend?.o) .dtors)
 *(SORT_BY_NAME(.dtors.*))
 *(.dtors)
 *(.eh_frame*)
 .eh_frame      0x00000000100047d0        0x0 /usr/lib/gcc/arm-none-eabi/10.2.0/thumb/v6-m/nofp/crtbegin.o
                0x00000000100047d0                . = ALIGN (0x4)

.glue_7         0x00000000100047d0        0x0
 .glue_7        0x00000000100047d0        0x0 linker stubs

.glue_7t        0x00000000100047d0        0x0
 .glue_7t       0x00000000100047d0        0x0 linker stubs

.vfp11_veneer   0x00000000100047d0        0x0
 .vfp11_veneer  0x00000000100047d0        0x0 linker stubs

.v4_bx          0x00000000100047d0        0x0
 .v4_bx         0x00000000100047d0        0x0 linker stubs

.iplt           0x00000000100047d0        0x0
 .iplt          0x00000000100047d0        0x0 /usr/lib/gcc/arm-none-eabi/10.2.0/thumb/v6-m/nofp/crtbegin.o

.rodata         0x00000000100047d0      0xda8
 *(EXCLUDE_FILE(*libm.a: *libc.a:*lib_a-mem*.o *libgcc.a:) .rodata*)
 .rodata.main.str1.4
                0x00000000100047d0        0xe CMakeFiles/Oled.dir/Oled.c.obj
 *fill*         0x00000000100047de        0x2 
 .rodata.repeating_timer_callback.str1.4
                0x00000000100047e0       0x55 CMakeFiles/Oled.dir/home/csowa/Desktop/PicoDev/pico-sdk/src/common/pico_time/time.c.obj
 *fill*         0x0000000010004835        0x3 
 .rodata.timer_pool_entry_comparator.str1.4
                0x0000000010004838       0x22 CMakeFiles/Oled.dir/home/csowa/Desktop/PicoDev/pico-sdk/src/common/pico_time/time.c.obj
 *fill*         0x000000001000485a        0x2 
 .rodata.ph_add_child_node.str1.4
                0x000000001000485c       0x9e CMakeFiles/Oled.dir/home/csowa/Desktop/PicoDev/pico-sdk/src/common/pico_time/time.c.obj
 *fill*         0x00000000100048fa        0x2 
 .rodata.add_alarm_under_lock.str1.4
                0x00000000100048fc       0x28 CMakeFiles/Oled.dir/home/csowa/Desktop/PicoDev/pico-sdk/src/common/pico_time/time.c.obj
                                         0x2b (size before relaxing)
 .rodata.alarm_pool_alarm_callback.str1.4
                0x0000000010004924       0x82 CMakeFiles/Oled.dir/home/csowa/Desktop/PicoDev/pico-sdk/src/common/pico_time/time.c.obj
 *fill*         0x00000000100049a6        0x2 
 .rodata.alarm_pool_get_default.str1.4
                0x00000000100049a8       0x21 CMakeFiles/Oled.dir/home/csowa/Desktop/PicoDev/pico-sdk/src/common/pico_time/time.c.obj
 *fill*         0x00000000100049c9        0x3 
 .rodata.sleep_until.str1.4
                0x00000000100049cc       0x4d CMakeFiles/Oled.dir/home/csowa/Desktop/PicoDev/pico-sdk/src/common/pico_time/time.c.obj
 *fill*         0x0000000010004a19        0x3 
 .rodata.__func__.10
                0x0000000010004a1c       0x1a CMakeFiles/Oled.dir/home/csowa/Desktop/PicoDev/pico-sdk/src/common/pico_time/time.c.obj
 *fill*         0x0000000010004a36        0x2 
 .rodata.__func__.11
                0x0000000010004a38        0xa CMakeFiles/Oled.dir/home/csowa/Desktop/PicoDev/pico-sdk/src/common/pico_time/time.c.obj
 *fill*         0x0000000010004a42        0x2 
 .rodata.__func__.3
                0x0000000010004a44       0x17 CMakeFiles/Oled.dir/home/csowa/Desktop/PicoDev/pico-sdk/src/common/pico_time/time.c.obj
 *fill*         0x0000000010004a5b        0x1 
 .rodata.__func__.4
                0x0000000010004a5c       0x12 CMakeFiles/Oled.dir/home/csowa/Desktop/PicoDev/pico-sdk/src/common/pico_time/time.c.obj
 *fill*         0x0000000010004a6e        0x2 
 .rodata.__func__.5
                0x0000000010004a70        0xd CMakeFiles/Oled.dir/home/csowa/Desktop/PicoDev/pico-sdk/src/common/pico_time/time.c.obj
 *fill*         0x0000000010004a7d        0x3 
 .rodata.__func__.6
                0x0000000010004a80       0x12 CMakeFiles/Oled.dir/home/csowa/Desktop/PicoDev/pico-sdk/src/common/pico_time/time.c.obj
 *fill*         0x0000000010004a92        0x2 
 .rodata.__func__.7
                0x0000000010004a94        0xf CMakeFiles/Oled.dir/home/csowa/Desktop/PicoDev/pico-sdk/src/common/pico_time/time.c.obj
 *fill*         0x0000000010004aa3        0x1 
 .rodata.__func__.8
                0x0000000010004aa4        0xc CMakeFiles/Oled.dir/home/csowa/Desktop/PicoDev/pico-sdk/src/common/pico_time/time.c.obj
 .rodata.__func__.9
                0x0000000010004ab0       0x15 CMakeFiles/Oled.dir/home/csowa/Desktop/PicoDev/pico-sdk/src/common/pico_time/time.c.obj
 *fill*         0x0000000010004ac5        0x3 
 .rodata.hardware_alarm_claim.str1.4
                0x0000000010004ac8       0x22 CMakeFiles/Oled.dir/home/csowa/Desktop/PicoDev/pico-sdk/src/rp2_common/hardware_timer/timer.c.obj
 *fill*         0x0000000010004aea        0x2 
 .rodata.hardware_alarm_set_target.str1.4
                0x0000000010004aec       0x6f CMakeFiles/Oled.dir/home/csowa/Desktop/PicoDev/pico-sdk/src/rp2_common/hardware_timer/timer.c.obj
 *fill*         0x0000000010004b5b        0x1 
 .rodata.__func__.0
                0x0000000010004b5c       0x1a CMakeFiles/Oled.dir/home/csowa/Desktop/PicoDev/pico-sdk/src/rp2_common/hardware_timer/timer.c.obj
 *fill*         0x0000000010004b76        0x2 
 .rodata.str1.4
                0x0000000010004b78       0x68 CMakeFiles/Oled.dir/home/csowa/Desktop/PicoDev/pico-sdk/src/common/pico_sync/mutex.c.obj
 .rodata.__func__.0
                0x0000000010004be0        0xb CMakeFiles/Oled.dir/home/csowa/Desktop/PicoDev/pico-sdk/src/common/pico_sync/mutex.c.obj
 *fill*         0x0000000010004beb        0x1 
 .rodata.__func__.2
                0x0000000010004bec       0x15 CMakeFiles/Oled.dir/home/csowa/Desktop/PicoDev/pico-sdk/src/common/pico_sync/mutex.c.obj
 .rodata.ph_add_child_node.str1.4
                0x0000000010004c01       0x9e CMakeFiles/Oled.dir/home/csowa/Desktop/PicoDev/pico-sdk/src/common/pico_util/pheap.c.obj
 *fill*         0x0000000010004c01        0x3 
 .rodata.ph_remove_any_head.str1.4
                0x0000000010004c04       0x98 CMakeFiles/Oled.dir/home/csowa/Desktop/PicoDev/pico-sdk/src/common/pico_util/pheap.c.obj
 .rodata.ph_remove_and_free_node.str1.4
                0x0000000010004c9c       0x26 CMakeFiles/Oled.dir/home/csowa/Desktop/PicoDev/pico-sdk/src/common/pico_util/pheap.c.obj
 *fill*         0x0000000010004cc2        0x2 
 .rodata.__func__.0
                0x0000000010004cc4       0x18 CMakeFiles/Oled.dir/home/csowa/Desktop/PicoDev/pico-sdk/src/common/pico_util/pheap.c.obj
 .rodata.__func__.1
                0x0000000010004cdc       0x13 CMakeFiles/Oled.dir/home/csowa/Desktop/PicoDev/pico-sdk/src/common/pico_util/pheap.c.obj
 *fill*         0x0000000010004cef        0x1 
 .rodata.__func__.2
                0x0000000010004cf0       0x12 CMakeFiles/Oled.dir/home/csowa/Desktop/PicoDev/pico-sdk/src/common/pico_util/pheap.c.obj
 *fill*         0x0000000010004d02        0x2 
 .rodata.__func__.3
                0x0000000010004d04        0xc CMakeFiles/Oled.dir/home/csowa/Desktop/PicoDev/pico-sdk/src/common/pico_util/pheap.c.obj
 .rodata.__assert_func.str1.4
                0x0000000010004d10       0x3f CMakeFiles/Oled.dir/home/csowa/Desktop/PicoDev/pico-sdk/src/rp2_common/pico_runtime/runtime.c.obj
                                         0x43 (size before relaxing)
 *fill*         0x0000000010004d4f        0x1 
 .rodata.panic.str1.4
                0x0000000010004d50       0x12 CMakeFiles/Oled.dir/home/csowa/Desktop/PicoDev/pico-sdk/src/rp2_common/pico_runtime/runtime.c.obj
 *fill*         0x0000000010004d62        0x2 
 .rodata.clock_configure.str1.4
                0x0000000010004d64       0x61 CMakeFiles/Oled.dir/home/csowa/Desktop/PicoDev/pico-sdk/src/rp2_common/hardware_clocks/clocks.c.obj
 *fill*         0x0000000010004dc5        0x3 
 .rodata.__func__.1
                0x0000000010004dc8       0x10 CMakeFiles/Oled.dir/home/csowa/Desktop/PicoDev/pico-sdk/src/rp2_common/hardware_clocks/clocks.c.obj
 .rodata.pll_init.str1.4
                0x0000000010004dd8       0xe3 CMakeFiles/Oled.dir/home/csowa/Desktop/PicoDev/pico-sdk/src/rp2_common/hardware_pll/pll.c.obj
 *fill*         0x0000000010004ebb        0x1 
 .rodata.__func__.0
                0x0000000010004ebc        0x9 CMakeFiles/Oled.dir/home/csowa/Desktop/PicoDev/pico-sdk/src/rp2_common/hardware_pll/pll.c.obj
 *fill*         0x0000000010004ec5        0x3 
 .rodata.make_branch.str1.4
                0x0000000010004ec8       0x57 CMakeFiles/Oled.dir/home/csowa/Desktop/PicoDev/pico-sdk/src/rp2_common/hardware_irq/irq.c.obj
 *fill*         0x0000000010004f1f        0x1 
 .rodata.irq_set_exclusive_handler.str1.4
                0x0000000010004f20       0x36 CMakeFiles/Oled.dir/home/csowa/Desktop/PicoDev/pico-sdk/src/rp2_common/hardware_irq/irq.c.obj
 *fill*         0x0000000010004f56        0x2 
 .rodata.irq_add_shared_handler.str1.4
                0x0000000010004f58       0xd9 CMakeFiles/Oled.dir/home/csowa/Desktop/PicoDev/pico-sdk/src/rp2_common/hardware_irq/irq.c.obj
 *fill*         0x0000000010005031        0x3 
 .rodata.irq_remove_handler.str1.4
                0x0000000010005034       0x2a CMakeFiles/Oled.dir/home/csowa/Desktop/PicoDev/pico-sdk/src/rp2_common/hardware_irq/irq.c.obj
 *fill*         0x000000001000505e        0x2 
 .rodata.irq_add_tail_to_free_list.str1.4
                0x0000000010005060       0x32 CMakeFiles/Oled.dir/home/csowa/Desktop/PicoDev/pico-sdk/src/rp2_common/hardware_irq/irq.c.obj
                                         0x3a (size before relaxing)
 *fill*         0x0000000010005092        0x2 
 .rodata.__func__.0
                0x0000000010005094       0x1a CMakeFiles/Oled.dir/home/csowa/Desktop/PicoDev/pico-sdk/src/rp2_common/hardware_irq/irq.c.obj
 *fill*         0x00000000100050ae        0x2 
 .rodata.__func__.1
                0x00000000100050b0       0x17 CMakeFiles/Oled.dir/home/csowa/Desktop/PicoDev/pico-sdk/src/rp2_common/hardware_irq/irq.c.obj
 *fill*         0x00000000100050c7        0x1 
 .rodata.__func__.2
                0x00000000100050c8       0x13 CMakeFiles/Oled.dir/home/csowa/Desktop/PicoDev/pico-sdk/src/rp2_common/hardware_irq/irq.c.obj
 *fill*         0x00000000100050db        0x1 
 .rodata.__func__.3
                0x00000000100050dc        0xc CMakeFiles/Oled.dir/home/csowa/Desktop/PicoDev/pico-sdk/src/rp2_common/hardware_irq/irq.c.obj
 .rodata.__func__.4
                0x00000000100050e8        0xf CMakeFiles/Oled.dir/home/csowa/Desktop/PicoDev/pico-sdk/src/rp2_common/hardware_irq/irq.c.obj
 *fill*         0x00000000100050f7        0x1 
 .rodata.__func__.6
                0x00000000100050f8       0x1a CMakeFiles/Oled.dir/home/csowa/Desktop/PicoDev/pico-sdk/src/rp2_common/hardware_irq/irq.c.obj
 *fill*         0x0000000010005112        0x2 
 .rodata._ftoa.str1.4
                0x0000000010005114       0x15 CMakeFiles/Oled.dir/home/csowa/Desktop/PicoDev/pico-sdk/src/rp2_common/pico_printf/printf.c.obj
 *fill*         0x0000000010005129        0x3 
 .rodata._vsnprintf
                0x000000001000512c      0x1e0 CMakeFiles/Oled.dir/home/csowa/Desktop/PicoDev/pico-sdk/src/rp2_common/pico_printf/printf.c.obj
 *fill*         0x000000001000530c        0x4 
 .rodata.pow10.0
                0x0000000010005310       0x50 CMakeFiles/Oled.dir/home/csowa/Desktop/PicoDev/pico-sdk/src/rp2_common/pico_printf/printf.c.obj
 .rodata.__aeabi_double_init.str1.4
                0x0000000010005360       0xb2 CMakeFiles/Oled.dir/home/csowa/Desktop/PicoDev/pico-sdk/src/rp2_common/pico_double/double_init_rom.c.obj
 *fill*         0x0000000010005412        0x2 
 .rodata.__func__.0
                0x0000000010005414       0x14 CMakeFiles/Oled.dir/home/csowa/Desktop/PicoDev/pico-sdk/src/rp2_common/pico_double/double_init_rom.c.obj
 .rodata.__aeabi_float_init.str1.4
                0x0000000010005428       0x84 CMakeFiles/Oled.dir/home/csowa/Desktop/PicoDev/pico-sdk/src/rp2_common/pico_float/float_init_rom.c.obj
                                         0x88 (size before relaxing)
 .rodata.__func__.0
                0x00000000100054ac       0x13 CMakeFiles/Oled.dir/home/csowa/Desktop/PicoDev/pico-sdk/src/rp2_common/pico_float/float_init_rom.c.obj
 *fill*         0x00000000100054bf        0x1 
 .rodata.str1.4
                0x00000000100054c0       0x40 CMakeFiles/Oled.dir/home/csowa/Desktop/PicoDev/pico-sdk/src/rp2_common/pico_standard_link/binary_info.c.obj
 .rodata.__bi_40
                0x0000000010005500        0xc CMakeFiles/Oled.dir/home/csowa/Desktop/PicoDev/pico-sdk/src/rp2_common/pico_standard_link/binary_info.c.obj
 .rodata.__bi_52
                0x000000001000550c        0xc CMakeFiles/Oled.dir/home/csowa/Desktop/PicoDev/pico-sdk/src/rp2_common/pico_standard_link/binary_info.c.obj
 .rodata.__bi_71
                0x0000000010005518        0xc CMakeFiles/Oled.dir/home/csowa/Desktop/PicoDev/pico-sdk/src/rp2_common/pico_standard_link/binary_info.c.obj
 .rodata.__bi_77
                0x0000000010005524        0xc CMakeFiles/Oled.dir/home/csowa/Desktop/PicoDev/pico-sdk/src/rp2_common/pico_standard_link/binary_info.c.obj
 .rodata.crlf_str.1
                0x0000000010005530        0x2 CMakeFiles/Oled.dir/home/csowa/Desktop/PicoDev/pico-sdk/src/rp2_common/pico_stdio/stdio.c.obj
 *fill*         0x0000000010005532        0x2 
 .rodata.str1.4
                0x0000000010005534       0x2c CMakeFiles/Oled.dir/home/csowa/Desktop/PicoDev/pico-sdk/src/rp2_common/pico_stdio_uart/stdio_uart.c.obj
 .rodata.__bi_28.4
                0x0000000010005560        0xc CMakeFiles/Oled.dir/home/csowa/Desktop/PicoDev/pico-sdk/src/rp2_common/pico_stdio_uart/stdio_uart.c.obj
 .rodata.__bi_29.5
                0x000000001000556c        0x8 CMakeFiles/Oled.dir/home/csowa/Desktop/PicoDev/pico-sdk/src/rp2_common/pico_stdio_uart/stdio_uart.c.obj
 .rodata._global_impure_ptr
                0x0000000010005574        0x4 /usr/lib/gcc/arm-none-eabi/10.2.0/../../../../arm-none-eabi/lib/thumb/v6-m/nofp/libg.a(lib_a-impure.o)
                0x0000000010005574                _global_impure_ptr
                0x0000000010005578                . = ALIGN (0x4)
 *(SORT_BY_ALIGNMENT(SORT_BY_NAME(.flashdata*)))
                0x0000000010005578                . = ALIGN (0x4)

.rel.dyn        0x0000000010005578        0x0
 .rel.iplt      0x0000000010005578        0x0 /usr/lib/gcc/arm-none-eabi/10.2.0/thumb/v6-m/nofp/crtbegin.o

.ARM.extab
 *(.ARM.extab* .gnu.linkonce.armextab.*)
                0x0000000010005578                __exidx_start = .

.ARM.exidx
 *(.ARM.exidx* .gnu.linkonce.armexidx.*)
                0x0000000010005578                __exidx_end = .
                0x0000000010005578                . = ALIGN (0x4)
                0x0000000010005578                __binary_info_start = .

.binary_info    0x0000000010005578       0x28
 *(.binary_info.keep.*)
 .binary_info.keep.__bi_ptr18
                0x0000000010005578        0x4 CMakeFiles/Oled.dir/home/csowa/Desktop/PicoDev/pico-sdk/src/rp2_common/pico_standard_link/binary_info.c.obj
 .binary_info.keep.__bi_ptr26
                0x000000001000557c        0x4 CMakeFiles/Oled.dir/home/csowa/Desktop/PicoDev/pico-sdk/src/rp2_common/pico_standard_link/binary_info.c.obj
 .binary_info.keep.__bi_ptr34
                0x0000000010005580        0x4 CMakeFiles/Oled.dir/home/csowa/Desktop/PicoDev/pico-sdk/src/rp2_common/pico_standard_link/binary_info.c.obj
 .binary_info.keep.__bi_ptr40
                0x0000000010005584        0x4 CMakeFiles/Oled.dir/home/csowa/Desktop/PicoDev/pico-sdk/src/rp2_common/pico_standard_link/binary_info.c.obj
 .binary_info.keep.__bi_ptr46
                0x0000000010005588        0x4 CMakeFiles/Oled.dir/home/csowa/Desktop/PicoDev/pico-sdk/src/rp2_common/pico_standard_link/binary_info.c.obj
 .binary_info.keep.__bi_ptr52
                0x000000001000558c        0x4 CMakeFiles/Oled.dir/home/csowa/Desktop/PicoDev/pico-sdk/src/rp2_common/pico_standard_link/binary_info.c.obj
 .binary_info.keep.__bi_ptr71
                0x0000000010005590        0x4 CMakeFiles/Oled.dir/home/csowa/Desktop/PicoDev/pico-sdk/src/rp2_common/pico_standard_link/binary_info.c.obj
 .binary_info.keep.__bi_ptr77
                0x0000000010005594        0x4 CMakeFiles/Oled.dir/home/csowa/Desktop/PicoDev/pico-sdk/src/rp2_common/pico_standard_link/binary_info.c.obj
 *(.binary_info.*)
 .binary_info.__bi_ptr28
                0x0000000010005598        0x4 CMakeFiles/Oled.dir/home/csowa/Desktop/PicoDev/pico-sdk/src/rp2_common/pico_stdio_uart/stdio_uart.c.obj
 .binary_info.__bi_ptr29
                0x000000001000559c        0x4 CMakeFiles/Oled.dir/home/csowa/Desktop/PicoDev/pico-sdk/src/rp2_common/pico_stdio_uart/stdio_uart.c.obj
                0x00000000100055a0                __binary_info_end = .
                0x00000000100055a0                . = ALIGN (0x4)
                0x00000000100055a0                __etext = .

.ram_vector_table
                0x0000000020000000       0xc0
 *(.ram_vector_table)
 .ram_vector_table
                0x0000000020000000       0xc0 CMakeFiles/Oled.dir/home/csowa/Desktop/PicoDev/pico-sdk/src/rp2_common/pico_runtime/runtime.c.obj
                0x0000000020000000                ram_vector_table

.data           0x00000000200000c0      0x644 load address 0x00000000100055a0
                0x00000000200000c0                __data_start__ = .
 *(vtable)
 *(.time_critical*)
 .time_critical.mutex_enter_blocking
                0x00000000200000c0       0x64 CMakeFiles/Oled.dir/home/csowa/Desktop/PicoDev/pico-sdk/src/common/pico_sync/mutex.c.obj
                0x00000000200000c0                mutex_enter_blocking
 .time_critical.mutex_try_enter
                0x0000000020000124       0x46 CMakeFiles/Oled.dir/home/csowa/Desktop/PicoDev/pico-sdk/src/common/pico_sync/mutex.c.obj
                0x0000000020000124                mutex_try_enter
 *fill*         0x000000002000016a        0x2 
 .time_critical.mutex_exit
                0x000000002000016c       0x4c CMakeFiles/Oled.dir/home/csowa/Desktop/PicoDev/pico-sdk/src/common/pico_sync/mutex.c.obj
                0x000000002000016c                mutex_exit
 .time_critical.spi_write_blocking
                0x00000000200001b8       0x3a CMakeFiles/Oled.dir/home/csowa/Desktop/PicoDev/pico-sdk/src/rp2_common/hardware_spi/spi.c.obj
                0x00000000200001b8                spi_write_blocking
 *(.text*)
 *fill*         0x00000000200001f2        0x2 
 .text          0x00000000200001f4        0x4 /usr/lib/gcc/arm-none-eabi/10.2.0/thumb/v6-m/nofp/libgcc.a(_dvmd_tls.o)
                0x00000000200001f4                __aeabi_ldiv0
                0x00000000200001f4                __aeabi_idiv0
 .text.__stub   0x00000000200001f8       0x10 linker stubs
                0x0000000020000208                . = ALIGN (0x4)
 *(.rodata*)
                0x0000000020000208                . = ALIGN (0x4)
 *(.data*)
 .data.striped_spin_lock_num
                0x0000000020000208        0x1 CMakeFiles/Oled.dir/home/csowa/Desktop/PicoDev/pico-sdk/src/rp2_common/hardware_sync/sync.c.obj
 *fill*         0x0000000020000209        0x3 
 .data.default_alarm_pool
                0x000000002000020c       0x18 CMakeFiles/Oled.dir/home/csowa/Desktop/PicoDev/pico-sdk/src/common/pico_time/time.c.obj
 .data.default_alarm_pool_heap
                0x0000000020000224       0x10 CMakeFiles/Oled.dir/home/csowa/Desktop/PicoDev/pico-sdk/src/common/pico_time/time.c.obj
 .data          0x0000000020000234       0x48 CMakeFiles/Oled.dir/home/csowa/Desktop/PicoDev/pico-sdk/src/rp2_common/hardware_irq/irq_handler_chain.S.obj
                0x0000000020000234                irq_handler_chain_slots
                0x0000000020000264                irq_handler_chain_first_slot
                0x000000002000026e                irq_handler_chain_remove_tail
 *fill*         0x000000002000027c        0x4 
 .data.aeabi_bits_funcs
                0x0000000020000280       0x10 CMakeFiles/Oled.dir/home/csowa/Desktop/PicoDev/pico-sdk/src/rp2_common/pico_bit_ops/bit_ops_aeabi.S.obj
                0x0000000020000280                aeabi_bits_funcs
                0x0000000020000290                aeabi_bits_funcs_end
 .data.aeabi_mem_funcs
                0x0000000020000290       0x10 CMakeFiles/Oled.dir/home/csowa/Desktop/PicoDev/pico-sdk/src/rp2_common/pico_mem_ops/mem_ops_aeabi.S.obj
                0x0000000020000290                aeabi_mem_funcs
                0x00000000200002a0                aeabi_mem_funcs_end
 .data.stdio_uart
                0x00000000200002a0       0x14 CMakeFiles/Oled.dir/home/csowa/Desktop/PicoDev/pico-sdk/src/rp2_common/pico_stdio_uart/stdio_uart.c.obj
                0x00000000200002a0                stdio_uart
 *fill*         0x00000000200002b4        0x4 
 .data.impure_data
                0x00000000200002b8      0x428 /usr/lib/gcc/arm-none-eabi/10.2.0/../../../../arm-none-eabi/lib/thumb/v6-m/nofp/libg.a(lib_a-impure.o)
 .data.__atexit_recursive_mutex
                0x00000000200006e0        0x4 /usr/lib/gcc/arm-none-eabi/10.2.0/../../../../arm-none-eabi/lib/thumb/v6-m/nofp/libg.a(lib_a-__call_atexit.o)
                0x00000000200006e0                __atexit_recursive_mutex
                0x00000000200006e4                . = ALIGN (0x4)
 *(.after_data.*)
                0x00000000200006e4                . = ALIGN (0x4)
                0x00000000200006e4                PROVIDE (__mutex_array_start = .)
 *(SORT_BY_NAME(.mutex_array.*))
 *(.mutex_array)
 .mutex_array   0x00000000200006e4        0x8 CMakeFiles/Oled.dir/home/csowa/Desktop/PicoDev/pico-sdk/src/rp2_common/pico_stdio/stdio.c.obj
                0x00000000200006ec                PROVIDE (__mutex_array_end = .)
                0x00000000200006ec                . = ALIGN (0x4)
                0x00000000200006ec                PROVIDE (__preinit_array_start = .)
 *(SORT_BY_NAME(.preinit_array.*))
 .preinit_array.00001
                0x00000000200006ec        0x4 CMakeFiles/Oled.dir/home/csowa/Desktop/PicoDev/pico-sdk/src/rp2_common/pico_mem_ops/mem_ops_aeabi.S.obj
 .preinit_array.00010
                0x00000000200006f0        0x4 CMakeFiles/Oled.dir/home/csowa/Desktop/PicoDev/pico-sdk/src/rp2_common/pico_bit_ops/bit_ops_aeabi.S.obj
 .preinit_array.00020
                0x00000000200006f4        0x4 CMakeFiles/Oled.dir/home/csowa/Desktop/PicoDev/pico-sdk/src/rp2_common/pico_double/double_aeabi.S.obj
 .preinit_array.00020
                0x00000000200006f8        0x4 CMakeFiles/Oled.dir/home/csowa/Desktop/PicoDev/pico-sdk/src/rp2_common/pico_float/float_aeabi.S.obj
 *(.preinit_array)
                0x00000000200006fc                PROVIDE (__preinit_array_end = .)
                0x00000000200006fc                . = ALIGN (0x4)
                0x00000000200006fc                PROVIDE (__init_array_start = .)
 *(SORT_BY_NAME(.init_array.*))
 .init_array.00000
                0x00000000200006fc        0x4 /usr/lib/gcc/arm-none-eabi/10.2.0/../../../../arm-none-eabi/lib/thumb/v6-m/nofp/libg.a(lib_a-__call_atexit.o)
 *(.init_array)
 .init_array    0x0000000020000700        0x4 /usr/lib/gcc/arm-none-eabi/10.2.0/thumb/v6-m/nofp/crtbegin.o
                0x0000000020000704                PROVIDE (__init_array_end = .)
                0x0000000020000704                . = ALIGN (0x4)
                0x0000000020000704                PROVIDE (__fini_array_start = .)
 *(SORT_BY_NAME(.fini_array.*))
 *(.fini_array)
                0x0000000020000704                PROVIDE (__fini_array_end = .)
 *(.jcr)
                0x0000000020000704                . = ALIGN (0x4)
                0x0000000020000704                __data_end__ = .

.igot.plt       0x0000000020000704        0x0 load address 0x0000000010005be4
 .igot.plt      0x0000000020000704        0x0 /usr/lib/gcc/arm-none-eabi/10.2.0/thumb/v6-m/nofp/crtbegin.o

.uninitialized_data
                0x0000000020000704        0x0 load address 0x0000000010005be4
                0x0000000020000704                . = ALIGN (0x4)
 *(.uninitialized_data*)

.scratch_x      0x0000000020040000        0x0 load address 0x0000000010005be4
                0x0000000020040000                __scratch_x_start__ = .
 *(.scratch_x.*)
                0x0000000020040000                . = ALIGN (0x4)
                0x0000000020040000                __scratch_x_end__ = .
                0x0000000010005be4                __scratch_x_source__ = LOADADDR (.scratch_x)

.scratch_y      0x0000000020041000        0x0 load address 0x0000000010005be4
                0x0000000020041000                __scratch_y_start__ = .
 *(.scratch_y.*)
                0x0000000020041000                . = ALIGN (0x4)
                0x0000000020041000                __scratch_y_end__ = .
                0x0000000010005be4                __scratch_y_source__ = LOADADDR (.scratch_y)

.bss            0x0000000020000708      0x3d0
                0x0000000020000708                . = ALIGN (0x4)
                0x0000000020000708                __bss_start__ = .
 *(SORT_BY_ALIGNMENT(SORT_BY_NAME(.bss*)))
 .bss.default_alarm_pool_entries
                0x0000000020000708      0x100 CMakeFiles/Oled.dir/home/csowa/Desktop/PicoDev/pico-sdk/src/common/pico_time/time.c.obj
 .bss.__lock___atexit_recursive_mutex
                0x0000000020000808        0x1 /usr/lib/gcc/arm-none-eabi/10.2.0/../../../../arm-none-eabi/lib/thumb/v6-m/nofp/libg.a(lib_a-lock.o)
                0x0000000020000808                __lock___atexit_recursive_mutex
 *fill*         0x0000000020000809        0x3 
 .bss.alarm_callbacks
                0x000000002000080c       0x10 CMakeFiles/Oled.dir/home/csowa/Desktop/PicoDev/pico-sdk/src/rp2_common/hardware_timer/timer.c.obj
 .bss.color_byte
                0x000000002000081c        0x2 CMakeFiles/Oled.dir/OLED_Driver.c.obj
                0x000000002000081c                color_byte
 *fill*         0x000000002000081e        0x2 
 .bss.configured_freq
                0x0000000020000820       0x28 CMakeFiles/Oled.dir/home/csowa/Desktop/PicoDev/pico-sdk/src/rp2_common/hardware_clocks/clocks.c.obj
 .bss.default_alarm_pool_entry_ids_high
                0x0000000020000848       0x10 CMakeFiles/Oled.dir/home/csowa/Desktop/PicoDev/pico-sdk/src/common/pico_time/time.c.obj
 .bss.default_alarm_pool_heap_nodes
                0x0000000020000858       0x30 CMakeFiles/Oled.dir/home/csowa/Desktop/PicoDev/pico-sdk/src/common/pico_time/time.c.obj
 .bss.drivers   0x0000000020000888        0x4 CMakeFiles/Oled.dir/home/csowa/Desktop/PicoDev/pico-sdk/src/rp2_common/pico_stdio/stdio.c.obj
 .bss.filter    0x000000002000088c        0x4 CMakeFiles/Oled.dir/home/csowa/Desktop/PicoDev/pico-sdk/src/rp2_common/pico_stdio/stdio.c.obj
 .bss.object.0  0x0000000020000890       0x18 /usr/lib/gcc/arm-none-eabi/10.2.0/thumb/v6-m/nofp/crtbegin.o
 .bss.pools     0x00000000200008a8       0x10 CMakeFiles/Oled.dir/home/csowa/Desktop/PicoDev/pico-sdk/src/common/pico_time/time.c.obj
 .bss.sd_table  0x00000000200008b8      0x100 CMakeFiles/Oled.dir/home/csowa/Desktop/PicoDev/pico-sdk/src/rp2_common/pico_double/double_init_rom.c.obj
                0x00000000200008b8                sd_table
 .bss.sf_clz_func
                0x00000000200009b8        0x4 CMakeFiles/Oled.dir/home/csowa/Desktop/PicoDev/pico-sdk/src/rp2_common/pico_float/float_init_rom.c.obj
                0x00000000200009b8                sf_clz_func
 .bss.sf_table  0x00000000200009bc      0x100 CMakeFiles/Oled.dir/home/csowa/Desktop/PicoDev/pico-sdk/src/rp2_common/pico_float/float_init_rom.c.obj
                0x00000000200009bc                sf_table
 .bss.target_hi
                0x0000000020000abc       0x10 CMakeFiles/Oled.dir/home/csowa/Desktop/PicoDev/pico-sdk/src/rp2_common/hardware_timer/timer.c.obj
 .bss.uart_char_to_line_feed
                0x0000000020000acc        0x4 CMakeFiles/Oled.dir/home/csowa/Desktop/PicoDev/pico-sdk/src/rp2_common/hardware_uart/uart.c.obj
                0x0000000020000acc                uart_char_to_line_feed
 .bss.uart_instance
                0x0000000020000ad0        0x4 CMakeFiles/Oled.dir/home/csowa/Desktop/PicoDev/pico-sdk/src/rp2_common/pico_stdio_uart/stdio_uart.c.obj
 .bss.claimed   0x0000000020000ad4        0x1 CMakeFiles/Oled.dir/home/csowa/Desktop/PicoDev/pico-sdk/src/rp2_common/hardware_timer/timer.c.obj
 .bss.irq_hander_chain_free_slot_head
                0x0000000020000ad5        0x1 CMakeFiles/Oled.dir/home/csowa/Desktop/PicoDev/pico-sdk/src/rp2_common/hardware_irq/irq.c.obj
 .bss.timer_callbacks_pending
                0x0000000020000ad6        0x1 CMakeFiles/Oled.dir/home/csowa/Desktop/PicoDev/pico-sdk/src/rp2_common/hardware_timer/timer.c.obj
 *(COMMON)
                0x0000000020000ad8                . = ALIGN (0x4)
 *fill*         0x0000000020000ad7        0x1 
                0x0000000020000ad8                __bss_end__ = .

.heap           0x0000000020000ad8      0x800
                0x0000000020000ad8                __end__ = .
                0x0000000020000ad8                end = __end__
 *(.heap*)
 .heap          0x0000000020000ad8      0x800 CMakeFiles/Oled.dir/home/csowa/Desktop/PicoDev/pico-sdk/src/rp2_common/pico_standard_link/crt0.S.obj
                0x00000000200012d8                __HeapLimit = .

.stack1_dummy   0x0000000020040000        0x0
 *(.stack1*)

.stack_dummy    0x0000000020041000      0x800
 *(.stack*)
 .stack         0x0000000020041000      0x800 CMakeFiles/Oled.dir/home/csowa/Desktop/PicoDev/pico-sdk/src/rp2_common/pico_standard_link/crt0.S.obj

.flash_end      0x0000000010005be4        0x0
                0x0000000010005be4                __flash_binary_end = .
                0x0000000020040000                __StackLimit = (ORIGIN (RAM) + LENGTH (RAM))
                0x0000000020041000                __StackOneTop = (ORIGIN (SCRATCH_X) + LENGTH (SCRATCH_X))
                0x0000000020042000                __StackTop = (ORIGIN (SCRATCH_Y) + LENGTH (SCRATCH_Y))
                0x0000000020041000                __StackOneBottom = (__StackOneTop - SIZEOF (.stack1_dummy))
                0x0000000020041800                __StackBottom = (__StackTop - SIZEOF (.stack_dummy))
                0x0000000020042000                PROVIDE (__stack = __StackTop)
                0x0000000000000001                ASSERT ((__StackLimit >= __HeapLimit), region RAM overflowed)
                0x0000000000000001                ASSERT (((__binary_info_header_end - __logical_binary_start) <= 0x100), Binary info must be in first 256 bytes of the binary)
LOAD CMakeFiles/Oled.dir/Oled.c.obj
LOAD CMakeFiles/Oled.dir/OLED_Driver.c.obj
LOAD CMakeFiles/Oled.dir/OLED_GFX.c.obj
LOAD CMakeFiles/Oled.dir/home/csowa/Desktop/PicoDev/pico-sdk/src/rp2_common/pico_stdlib/stdlib.c.obj
LOAD CMakeFiles/Oled.dir/home/csowa/Desktop/PicoDev/pico-sdk/src/rp2_common/hardware_gpio/gpio.c.obj
LOAD CMakeFiles/Oled.dir/home/csowa/Desktop/PicoDev/pico-sdk/src/rp2_common/hardware_claim/claim.c.obj
LOAD CMakeFiles/Oled.dir/home/csowa/Desktop/PicoDev/pico-sdk/src/rp2_common/hardware_sync/sync.c.obj
LOAD CMakeFiles/Oled.dir/home/csowa/Desktop/PicoDev/pico-sdk/src/rp2_common/pico_platform/platform.c.obj
LOAD CMakeFiles/Oled.dir/home/csowa/Desktop/PicoDev/pico-sdk/src/rp2_common/hardware_uart/uart.c.obj
LOAD CMakeFiles/Oled.dir/home/csowa/Desktop/PicoDev/pico-sdk/src/rp2_common/hardware_divider/divider.S.obj
LOAD CMakeFiles/Oled.dir/home/csowa/Desktop/PicoDev/pico-sdk/src/common/pico_time/time.c.obj
LOAD CMakeFiles/Oled.dir/home/csowa/Desktop/PicoDev/pico-sdk/src/common/pico_time/timeout_helper.c.obj
LOAD CMakeFiles/Oled.dir/home/csowa/Desktop/PicoDev/pico-sdk/src/rp2_common/hardware_timer/timer.c.obj
LOAD CMakeFiles/Oled.dir/home/csowa/Desktop/PicoDev/pico-sdk/src/common/pico_sync/sem.c.obj
LOAD CMakeFiles/Oled.dir/home/csowa/Desktop/PicoDev/pico-sdk/src/common/pico_sync/lock_core.c.obj
LOAD CMakeFiles/Oled.dir/home/csowa/Desktop/PicoDev/pico-sdk/src/common/pico_sync/mutex.c.obj
LOAD CMakeFiles/Oled.dir/home/csowa/Desktop/PicoDev/pico-sdk/src/common/pico_sync/critical_section.c.obj
LOAD CMakeFiles/Oled.dir/home/csowa/Desktop/PicoDev/pico-sdk/src/common/pico_util/datetime.c.obj
LOAD CMakeFiles/Oled.dir/home/csowa/Desktop/PicoDev/pico-sdk/src/common/pico_util/pheap.c.obj
LOAD CMakeFiles/Oled.dir/home/csowa/Desktop/PicoDev/pico-sdk/src/common/pico_util/queue.c.obj
LOAD CMakeFiles/Oled.dir/home/csowa/Desktop/PicoDev/pico-sdk/src/rp2_common/pico_runtime/runtime.c.obj
LOAD CMakeFiles/Oled.dir/home/csowa/Desktop/PicoDev/pico-sdk/src/rp2_common/hardware_clocks/clocks.c.obj
LOAD CMakeFiles/Oled.dir/home/csowa/Desktop/PicoDev/pico-sdk/src/rp2_common/hardware_watchdog/watchdog.c.obj
LOAD CMakeFiles/Oled.dir/home/csowa/Desktop/PicoDev/pico-sdk/src/rp2_common/hardware_xosc/xosc.c.obj
LOAD CMakeFiles/Oled.dir/home/csowa/Desktop/PicoDev/pico-sdk/src/rp2_common/hardware_pll/pll.c.obj
LOAD CMakeFiles/Oled.dir/home/csowa/Desktop/PicoDev/pico-sdk/src/rp2_common/hardware_vreg/vreg.c.obj
LOAD CMakeFiles/Oled.dir/home/csowa/Desktop/PicoDev/pico-sdk/src/rp2_common/hardware_irq/irq.c.obj
LOAD CMakeFiles/Oled.dir/home/csowa/Desktop/PicoDev/pico-sdk/src/rp2_common/hardware_irq/irq_handler_chain.S.obj
LOAD CMakeFiles/Oled.dir/home/csowa/Desktop/PicoDev/pico-sdk/src/rp2_common/pico_printf/printf.c.obj
LOAD CMakeFiles/Oled.dir/home/csowa/Desktop/PicoDev/pico-sdk/src/rp2_common/pico_bit_ops/bit_ops_aeabi.S.obj
LOAD CMakeFiles/Oled.dir/home/csowa/Desktop/PicoDev/pico-sdk/src/rp2_common/pico_bootrom/bootrom.c.obj
LOAD CMakeFiles/Oled.dir/home/csowa/Desktop/PicoDev/pico-sdk/src/rp2_common/pico_divider/divider.S.obj
LOAD CMakeFiles/Oled.dir/home/csowa/Desktop/PicoDev/pico-sdk/src/rp2_common/pico_double/double_aeabi.S.obj
LOAD CMakeFiles/Oled.dir/home/csowa/Desktop/PicoDev/pico-sdk/src/rp2_common/pico_double/double_init_rom.c.obj
LOAD CMakeFiles/Oled.dir/home/csowa/Desktop/PicoDev/pico-sdk/src/rp2_common/pico_double/double_math.c.obj
LOAD CMakeFiles/Oled.dir/home/csowa/Desktop/PicoDev/pico-sdk/src/rp2_common/pico_double/double_v1_rom_shim.S.obj
LOAD CMakeFiles/Oled.dir/home/csowa/Desktop/PicoDev/pico-sdk/src/rp2_common/pico_int64_ops/pico_int64_ops_aeabi.S.obj
LOAD CMakeFiles/Oled.dir/home/csowa/Desktop/PicoDev/pico-sdk/src/rp2_common/pico_float/float_aeabi.S.obj
LOAD CMakeFiles/Oled.dir/home/csowa/Desktop/PicoDev/pico-sdk/src/rp2_common/pico_float/float_init_rom.c.obj
LOAD CMakeFiles/Oled.dir/home/csowa/Desktop/PicoDev/pico-sdk/src/rp2_common/pico_float/float_math.c.obj
LOAD CMakeFiles/Oled.dir/home/csowa/Desktop/PicoDev/pico-sdk/src/rp2_common/pico_float/float_v1_rom_shim.S.obj
LOAD CMakeFiles/Oled.dir/home/csowa/Desktop/PicoDev/pico-sdk/src/rp2_common/pico_malloc/pico_malloc.c.obj
LOAD CMakeFiles/Oled.dir/home/csowa/Desktop/PicoDev/pico-sdk/src/rp2_common/pico_mem_ops/mem_ops_aeabi.S.obj
LOAD CMakeFiles/Oled.dir/home/csowa/Desktop/PicoDev/pico-sdk/src/rp2_common/pico_standard_link/crt0.S.obj
LOAD CMakeFiles/Oled.dir/home/csowa/Desktop/PicoDev/pico-sdk/src/rp2_common/pico_standard_link/new_delete.cpp.obj
LOAD CMakeFiles/Oled.dir/home/csowa/Desktop/PicoDev/pico-sdk/src/rp2_common/pico_standard_link/binary_info.c.obj
LOAD CMakeFiles/Oled.dir/home/csowa/Desktop/PicoDev/pico-sdk/src/rp2_common/pico_stdio/stdio.c.obj
LOAD CMakeFiles/Oled.dir/home/csowa/Desktop/PicoDev/pico-sdk/src/rp2_common/pico_stdio_uart/stdio_uart.c.obj
LOAD CMakeFiles/Oled.dir/home/csowa/Desktop/PicoDev/pico-sdk/src/rp2_common/hardware_spi/spi.c.obj
LOAD CMakeFiles/Oled.dir/home/csowa/Desktop/PicoDev/pico-sdk/src/rp2_common/hardware_i2c/i2c.c.obj
LOAD /tmp/ccNhBZOe.o
LOAD /usr/lib/gcc/arm-none-eabi/10.2.0/../../../../arm-none-eabi/lib/thumb/v6-m/nofp/libstdc++.a
LOAD /usr/lib/gcc/arm-none-eabi/10.2.0/../../../../arm-none-eabi/lib/thumb/v6-m/nofp/libm.a
START GROUP
LOAD /usr/lib/gcc/arm-none-eabi/10.2.0/thumb/v6-m/nofp/libgcc.a
LOAD /usr/lib/gcc/arm-none-eabi/10.2.0/../../../../arm-none-eabi/lib/thumb/v6-m/nofp/libg.a
LOAD /usr/lib/gcc/arm-none-eabi/10.2.0/../../../../arm-none-eabi/lib/thumb/v6-m/nofp/libc.a
END GROUP
START GROUP
LOAD /usr/lib/gcc/arm-none-eabi/10.2.0/thumb/v6-m/nofp/libgcc.a
LOAD /usr/lib/gcc/arm-none-eabi/10.2.0/../../../../arm-none-eabi/lib/thumb/v6-m/nofp/libc.a
LOAD /usr/lib/gcc/arm-none-eabi/10.2.0/../../../../arm-none-eabi/lib/thumb/v6-m/nofp/libnosys.a
END GROUP
LOAD /usr/lib/gcc/arm-none-eabi/10.2.0/thumb/v6-m/nofp/crtend.o
LOAD /usr/lib/gcc/arm-none-eabi/10.2.0/thumb/v6-m/nofp/crtn.o
OUTPUT(Oled.elf elf32-littlearm)
LOAD linker stubs

.ARM.attributes
                0x0000000000000000       0x28
 .ARM.attributes
                0x0000000000000000       0x1e /usr/lib/gcc/arm-none-eabi/10.2.0/thumb/v6-m/nofp/crti.o
 .ARM.attributes
                0x000000000000001e       0x2c /usr/lib/gcc/arm-none-eabi/10.2.0/thumb/v6-m/nofp/crtbegin.o
 .ARM.attributes
                0x000000000000004a       0x2b CMakeFiles/Oled.dir/Oled.c.obj
 .ARM.attributes
                0x0000000000000075       0x2b CMakeFiles/Oled.dir/OLED_Driver.c.obj
 .ARM.attributes
                0x00000000000000a0       0x2b CMakeFiles/Oled.dir/home/csowa/Desktop/PicoDev/pico-sdk/src/rp2_common/hardware_gpio/gpio.c.obj
 .ARM.attributes
                0x00000000000000cb       0x2b CMakeFiles/Oled.dir/home/csowa/Desktop/PicoDev/pico-sdk/src/rp2_common/hardware_claim/claim.c.obj
 .ARM.attributes
                0x00000000000000f6       0x2b CMakeFiles/Oled.dir/home/csowa/Desktop/PicoDev/pico-sdk/src/rp2_common/hardware_sync/sync.c.obj
 .ARM.attributes
                0x0000000000000121       0x2b CMakeFiles/Oled.dir/home/csowa/Desktop/PicoDev/pico-sdk/src/rp2_common/pico_platform/platform.c.obj
 .ARM.attributes
                0x000000000000014c       0x2b CMakeFiles/Oled.dir/home/csowa/Desktop/PicoDev/pico-sdk/src/rp2_common/hardware_uart/uart.c.obj
 .ARM.attributes
                0x0000000000000177       0x2b CMakeFiles/Oled.dir/home/csowa/Desktop/PicoDev/pico-sdk/src/common/pico_time/time.c.obj
 .ARM.attributes
                0x00000000000001a2       0x2b CMakeFiles/Oled.dir/home/csowa/Desktop/PicoDev/pico-sdk/src/rp2_common/hardware_timer/timer.c.obj
 .ARM.attributes
                0x00000000000001cd       0x2b CMakeFiles/Oled.dir/home/csowa/Desktop/PicoDev/pico-sdk/src/common/pico_sync/lock_core.c.obj
 .ARM.attributes
                0x00000000000001f8       0x2b CMakeFiles/Oled.dir/home/csowa/Desktop/PicoDev/pico-sdk/src/common/pico_sync/mutex.c.obj
 .ARM.attributes
                0x0000000000000223       0x2b CMakeFiles/Oled.dir/home/csowa/Desktop/PicoDev/pico-sdk/src/common/pico_util/pheap.c.obj
 .ARM.attributes
                0x000000000000024e       0x2b CMakeFiles/Oled.dir/home/csowa/Desktop/PicoDev/pico-sdk/src/rp2_common/pico_runtime/runtime.c.obj
 .ARM.attributes
                0x0000000000000279       0x2b CMakeFiles/Oled.dir/home/csowa/Desktop/PicoDev/pico-sdk/src/rp2_common/hardware_clocks/clocks.c.obj
 .ARM.attributes
                0x00000000000002a4       0x2b CMakeFiles/Oled.dir/home/csowa/Desktop/PicoDev/pico-sdk/src/rp2_common/hardware_watchdog/watchdog.c.obj
 .ARM.attributes
                0x00000000000002cf       0x2b CMakeFiles/Oled.dir/home/csowa/Desktop/PicoDev/pico-sdk/src/rp2_common/hardware_xosc/xosc.c.obj
 .ARM.attributes
                0x00000000000002fa       0x2b CMakeFiles/Oled.dir/home/csowa/Desktop/PicoDev/pico-sdk/src/rp2_common/hardware_pll/pll.c.obj
 .ARM.attributes
                0x0000000000000325       0x2b CMakeFiles/Oled.dir/home/csowa/Desktop/PicoDev/pico-sdk/src/rp2_common/hardware_irq/irq.c.obj
 .ARM.attributes
                0x0000000000000350       0x22 CMakeFiles/Oled.dir/home/csowa/Desktop/PicoDev/pico-sdk/src/rp2_common/hardware_irq/irq_handler_chain.S.obj
 .ARM.attributes
                0x0000000000000372       0x2b CMakeFiles/Oled.dir/home/csowa/Desktop/PicoDev/pico-sdk/src/rp2_common/pico_printf/printf.c.obj
 .ARM.attributes
                0x000000000000039d       0x22 CMakeFiles/Oled.dir/home/csowa/Desktop/PicoDev/pico-sdk/src/rp2_common/pico_bit_ops/bit_ops_aeabi.S.obj
 .ARM.attributes
                0x00000000000003bf       0x2b CMakeFiles/Oled.dir/home/csowa/Desktop/PicoDev/pico-sdk/src/rp2_common/pico_bootrom/bootrom.c.obj
 .ARM.attributes
                0x00000000000003ea       0x22 CMakeFiles/Oled.dir/home/csowa/Desktop/PicoDev/pico-sdk/src/rp2_common/pico_divider/divider.S.obj
 .ARM.attributes
                0x000000000000040c       0x22 CMakeFiles/Oled.dir/home/csowa/Desktop/PicoDev/pico-sdk/src/rp2_common/pico_double/double_aeabi.S.obj
 .ARM.attributes
                0x000000000000042e       0x2b CMakeFiles/Oled.dir/home/csowa/Desktop/PicoDev/pico-sdk/src/rp2_common/pico_double/double_init_rom.c.obj
 .ARM.attributes
                0x0000000000000459       0x22 CMakeFiles/Oled.dir/home/csowa/Desktop/PicoDev/pico-sdk/src/rp2_common/pico_double/double_v1_rom_shim.S.obj
 .ARM.attributes
                0x000000000000047b       0x22 CMakeFiles/Oled.dir/home/csowa/Desktop/PicoDev/pico-sdk/src/rp2_common/pico_int64_ops/pico_int64_ops_aeabi.S.obj
 .ARM.attributes
                0x000000000000049d       0x22 CMakeFiles/Oled.dir/home/csowa/Desktop/PicoDev/pico-sdk/src/rp2_common/pico_float/float_aeabi.S.obj
 .ARM.attributes
                0x00000000000004bf       0x2b CMakeFiles/Oled.dir/home/csowa/Desktop/PicoDev/pico-sdk/src/rp2_common/pico_float/float_init_rom.c.obj
 .ARM.attributes
                0x00000000000004ea       0x22 CMakeFiles/Oled.dir/home/csowa/Desktop/PicoDev/pico-sdk/src/rp2_common/pico_float/float_v1_rom_shim.S.obj
 .ARM.attributes
                0x000000000000050c       0x22 CMakeFiles/Oled.dir/home/csowa/Desktop/PicoDev/pico-sdk/src/rp2_common/pico_mem_ops/mem_ops_aeabi.S.obj
 .ARM.attributes
                0x000000000000052e       0x22 CMakeFiles/Oled.dir/home/csowa/Desktop/PicoDev/pico-sdk/src/rp2_common/pico_standard_link/crt0.S.obj
 .ARM.attributes
                0x0000000000000550       0x32 CMakeFiles/Oled.dir/home/csowa/Desktop/PicoDev/pico-sdk/src/rp2_common/pico_standard_link/binary_info.c.obj
 .ARM.attributes
                0x0000000000000582       0x2b CMakeFiles/Oled.dir/home/csowa/Desktop/PicoDev/pico-sdk/src/rp2_common/pico_stdio/stdio.c.obj
 .ARM.attributes
                0x00000000000005ad       0x2b CMakeFiles/Oled.dir/home/csowa/Desktop/PicoDev/pico-sdk/src/rp2_common/pico_stdio_uart/stdio_uart.c.obj
 .ARM.attributes
                0x00000000000005d8       0x2b CMakeFiles/Oled.dir/home/csowa/Desktop/PicoDev/pico-sdk/src/rp2_common/hardware_spi/spi.c.obj
 .ARM.attributes
                0x0000000000000603       0x22 /tmp/ccNhBZOe.o
 .ARM.attributes
                0x0000000000000625       0x1e /usr/lib/gcc/arm-none-eabi/10.2.0/thumb/v6-m/nofp/libgcc.a(_dvmd_tls.o)
 .ARM.attributes
                0x0000000000000643       0x2c /usr/lib/gcc/arm-none-eabi/10.2.0/../../../../arm-none-eabi/lib/thumb/v6-m/nofp/libg.a(lib_a-atexit.o)
 .ARM.attributes
                0x000000000000066f       0x2c /usr/lib/gcc/arm-none-eabi/10.2.0/../../../../arm-none-eabi/lib/thumb/v6-m/nofp/libg.a(lib_a-fini.o)
 .ARM.attributes
                0x000000000000069b       0x2c /usr/lib/gcc/arm-none-eabi/10.2.0/../../../../arm-none-eabi/lib/thumb/v6-m/nofp/libg.a(lib_a-impure.o)
 .ARM.attributes
                0x00000000000006c7       0x2c /usr/lib/gcc/arm-none-eabi/10.2.0/../../../../arm-none-eabi/lib/thumb/v6-m/nofp/libg.a(lib_a-strlen-stub.o)
 .ARM.attributes
                0x00000000000006f3       0x2c /usr/lib/gcc/arm-none-eabi/10.2.0/../../../../arm-none-eabi/lib/thumb/v6-m/nofp/libg.a(lib_a-__atexit.o)
 .ARM.attributes
                0x000000000000071f       0x2c /usr/lib/gcc/arm-none-eabi/10.2.0/../../../../arm-none-eabi/lib/thumb/v6-m/nofp/libg.a(lib_a-__call_atexit.o)
 .ARM.attributes
                0x000000000000074b       0x2c /usr/lib/gcc/arm-none-eabi/10.2.0/../../../../arm-none-eabi/lib/thumb/v6-m/nofp/libg.a(lib_a-lock.o)

.comment        0x0000000000000000       0x1e
 .comment       0x0000000000000000       0x1e CMakeFiles/Oled.dir/Oled.c.obj
                                         0x1f (size before relaxing)
 .comment       0x000000000000001e       0x1f CMakeFiles/Oled.dir/OLED_Driver.c.obj
 .comment       0x000000000000001e       0x1f CMakeFiles/Oled.dir/home/csowa/Desktop/PicoDev/pico-sdk/src/rp2_common/hardware_gpio/gpio.c.obj
 .comment       0x000000000000001e       0x1f CMakeFiles/Oled.dir/home/csowa/Desktop/PicoDev/pico-sdk/src/rp2_common/hardware_claim/claim.c.obj
 .comment       0x000000000000001e       0x1f CMakeFiles/Oled.dir/home/csowa/Desktop/PicoDev/pico-sdk/src/rp2_common/hardware_sync/sync.c.obj
 .comment       0x000000000000001e       0x1f CMakeFiles/Oled.dir/home/csowa/Desktop/PicoDev/pico-sdk/src/rp2_common/pico_platform/platform.c.obj
 .comment       0x000000000000001e       0x1f CMakeFiles/Oled.dir/home/csowa/Desktop/PicoDev/pico-sdk/src/rp2_common/hardware_uart/uart.c.obj
 .comment       0x000000000000001e       0x1f CMakeFiles/Oled.dir/home/csowa/Desktop/PicoDev/pico-sdk/src/common/pico_time/time.c.obj
 .comment       0x000000000000001e       0x1f CMakeFiles/Oled.dir/home/csowa/Desktop/PicoDev/pico-sdk/src/rp2_common/hardware_timer/timer.c.obj
 .comment       0x000000000000001e       0x1f CMakeFiles/Oled.dir/home/csowa/Desktop/PicoDev/pico-sdk/src/common/pico_sync/lock_core.c.obj
 .comment       0x000000000000001e       0x1f CMakeFiles/Oled.dir/home/csowa/Desktop/PicoDev/pico-sdk/src/common/pico_sync/mutex.c.obj
 .comment       0x000000000000001e       0x1f CMakeFiles/Oled.dir/home/csowa/Desktop/PicoDev/pico-sdk/src/common/pico_util/pheap.c.obj
 .comment       0x000000000000001e       0x1f CMakeFiles/Oled.dir/home/csowa/Desktop/PicoDev/pico-sdk/src/rp2_common/pico_runtime/runtime.c.obj
 .comment       0x000000000000001e       0x1f CMakeFiles/Oled.dir/home/csowa/Desktop/PicoDev/pico-sdk/src/rp2_common/hardware_clocks/clocks.c.obj
 .comment       0x000000000000001e       0x1f CMakeFiles/Oled.dir/home/csowa/Desktop/PicoDev/pico-sdk/src/rp2_common/hardware_watchdog/watchdog.c.obj
 .comment       0x000000000000001e       0x1f CMakeFiles/Oled.dir/home/csowa/Desktop/PicoDev/pico-sdk/src/rp2_common/hardware_xosc/xosc.c.obj
 .comment       0x000000000000001e       0x1f CMakeFiles/Oled.dir/home/csowa/Desktop/PicoDev/pico-sdk/src/rp2_common/hardware_pll/pll.c.obj
 .comment       0x000000000000001e       0x1f CMakeFiles/Oled.dir/home/csowa/Desktop/PicoDev/pico-sdk/src/rp2_common/hardware_irq/irq.c.obj
 .comment       0x000000000000001e       0x1f CMakeFiles/Oled.dir/home/csowa/Desktop/PicoDev/pico-sdk/src/rp2_common/pico_printf/printf.c.obj
 .comment       0x000000000000001e       0x1f CMakeFiles/Oled.dir/home/csowa/Desktop/PicoDev/pico-sdk/src/rp2_common/pico_bootrom/bootrom.c.obj
 .comment       0x000000000000001e       0x1f CMakeFiles/Oled.dir/home/csowa/Desktop/PicoDev/pico-sdk/src/rp2_common/pico_double/double_init_rom.c.obj
 .comment       0x000000000000001e       0x1f CMakeFiles/Oled.dir/home/csowa/Desktop/PicoDev/pico-sdk/src/rp2_common/pico_float/float_init_rom.c.obj
 .comment       0x000000000000001e       0x1f CMakeFiles/Oled.dir/home/csowa/Desktop/PicoDev/pico-sdk/src/rp2_common/pico_standard_link/binary_info.c.obj
 .comment       0x000000000000001e       0x1f CMakeFiles/Oled.dir/home/csowa/Desktop/PicoDev/pico-sdk/src/rp2_common/pico_stdio/stdio.c.obj
 .comment       0x000000000000001e       0x1f CMakeFiles/Oled.dir/home/csowa/Desktop/PicoDev/pico-sdk/src/rp2_common/pico_stdio_uart/stdio_uart.c.obj
 .comment       0x000000000000001e       0x1f CMakeFiles/Oled.dir/home/csowa/Desktop/PicoDev/pico-sdk/src/rp2_common/hardware_spi/spi.c.obj

.debug_info     0x0000000000000000    0x145ae
 .debug_info    0x0000000000000000      0xb04 CMakeFiles/Oled.dir/Oled.c.obj
 .debug_info    0x0000000000000b04     0x1fcc CMakeFiles/Oled.dir/OLED_Driver.c.obj
 .debug_info    0x0000000000002ad0     0x1141 CMakeFiles/Oled.dir/home/csowa/Desktop/PicoDev/pico-sdk/src/rp2_common/hardware_gpio/gpio.c.obj
 .debug_info    0x0000000000003c11      0x620 CMakeFiles/Oled.dir/home/csowa/Desktop/PicoDev/pico-sdk/src/rp2_common/hardware_claim/claim.c.obj
 .debug_info    0x0000000000004231      0x4a5 CMakeFiles/Oled.dir/home/csowa/Desktop/PicoDev/pico-sdk/src/rp2_common/hardware_sync/sync.c.obj
 .debug_info    0x00000000000046d6      0x1e3 CMakeFiles/Oled.dir/home/csowa/Desktop/PicoDev/pico-sdk/src/rp2_common/pico_platform/platform.c.obj
 .debug_info    0x00000000000048b9      0xb64 CMakeFiles/Oled.dir/home/csowa/Desktop/PicoDev/pico-sdk/src/rp2_common/hardware_uart/uart.c.obj
 .debug_info    0x000000000000541d     0x31b4 CMakeFiles/Oled.dir/home/csowa/Desktop/PicoDev/pico-sdk/src/common/pico_time/time.c.obj
 .debug_info    0x00000000000085d1      0xf23 CMakeFiles/Oled.dir/home/csowa/Desktop/PicoDev/pico-sdk/src/rp2_common/hardware_timer/timer.c.obj
 .debug_info    0x00000000000094f4      0x17b CMakeFiles/Oled.dir/home/csowa/Desktop/PicoDev/pico-sdk/src/common/pico_sync/lock_core.c.obj
 .debug_info    0x000000000000966f      0xcca CMakeFiles/Oled.dir/home/csowa/Desktop/PicoDev/pico-sdk/src/common/pico_sync/mutex.c.obj
 .debug_info    0x000000000000a339     0x120c CMakeFiles/Oled.dir/home/csowa/Desktop/PicoDev/pico-sdk/src/common/pico_util/pheap.c.obj
 .debug_info    0x000000000000b545      0x975 CMakeFiles/Oled.dir/home/csowa/Desktop/PicoDev/pico-sdk/src/rp2_common/pico_runtime/runtime.c.obj
 .debug_info    0x000000000000beba     0x1068 CMakeFiles/Oled.dir/home/csowa/Desktop/PicoDev/pico-sdk/src/rp2_common/hardware_clocks/clocks.c.obj
 .debug_info    0x000000000000cf22      0x49c CMakeFiles/Oled.dir/home/csowa/Desktop/PicoDev/pico-sdk/src/rp2_common/hardware_watchdog/watchdog.c.obj
 .debug_info    0x000000000000d3be      0x214 CMakeFiles/Oled.dir/home/csowa/Desktop/PicoDev/pico-sdk/src/rp2_common/hardware_xosc/xosc.c.obj
 .debug_info    0x000000000000d5d2      0x3b0 CMakeFiles/Oled.dir/home/csowa/Desktop/PicoDev/pico-sdk/src/rp2_common/hardware_pll/pll.c.obj
 .debug_info    0x000000000000d982     0x18ff CMakeFiles/Oled.dir/home/csowa/Desktop/PicoDev/pico-sdk/src/rp2_common/hardware_irq/irq.c.obj
 .debug_info    0x000000000000f281     0x1a5f CMakeFiles/Oled.dir/home/csowa/Desktop/PicoDev/pico-sdk/src/rp2_common/pico_printf/printf.c.obj
 .debug_info    0x0000000000010ce0       0x22 CMakeFiles/Oled.dir/home/csowa/Desktop/PicoDev/pico-sdk/src/rp2_common/pico_bit_ops/bit_ops_aeabi.S.obj
 .debug_info    0x0000000000010d02      0x231 CMakeFiles/Oled.dir/home/csowa/Desktop/PicoDev/pico-sdk/src/rp2_common/pico_bootrom/bootrom.c.obj
 .debug_info    0x0000000000010f33       0x22 CMakeFiles/Oled.dir/home/csowa/Desktop/PicoDev/pico-sdk/src/rp2_common/pico_divider/divider.S.obj
 .debug_info    0x0000000000010f55       0x22 CMakeFiles/Oled.dir/home/csowa/Desktop/PicoDev/pico-sdk/src/rp2_common/pico_double/double_aeabi.S.obj
 .debug_info    0x0000000000010f77      0x2a0 CMakeFiles/Oled.dir/home/csowa/Desktop/PicoDev/pico-sdk/src/rp2_common/pico_double/double_init_rom.c.obj
 .debug_info    0x0000000000011217       0x22 CMakeFiles/Oled.dir/home/csowa/Desktop/PicoDev/pico-sdk/src/rp2_common/pico_double/double_v1_rom_shim.S.obj
 .debug_info    0x0000000000011239       0x26 CMakeFiles/Oled.dir/home/csowa/Desktop/PicoDev/pico-sdk/src/rp2_common/pico_int64_ops/pico_int64_ops_aeabi.S.obj
 .debug_info    0x000000000001125f       0x22 CMakeFiles/Oled.dir/home/csowa/Desktop/PicoDev/pico-sdk/src/rp2_common/pico_float/float_aeabi.S.obj
 .debug_info    0x0000000000011281      0x2e9 CMakeFiles/Oled.dir/home/csowa/Desktop/PicoDev/pico-sdk/src/rp2_common/pico_float/float_init_rom.c.obj
 .debug_info    0x000000000001156a       0x22 CMakeFiles/Oled.dir/home/csowa/Desktop/PicoDev/pico-sdk/src/rp2_common/pico_float/float_v1_rom_shim.S.obj
 .debug_info    0x000000000001158c       0x22 CMakeFiles/Oled.dir/home/csowa/Desktop/PicoDev/pico-sdk/src/rp2_common/pico_mem_ops/mem_ops_aeabi.S.obj
 .debug_info    0x00000000000115ae       0x22 CMakeFiles/Oled.dir/home/csowa/Desktop/PicoDev/pico-sdk/src/rp2_common/pico_standard_link/crt0.S.obj
 .debug_info    0x00000000000115d0      0x327 CMakeFiles/Oled.dir/home/csowa/Desktop/PicoDev/pico-sdk/src/rp2_common/pico_standard_link/binary_info.c.obj
 .debug_info    0x00000000000118f7      0xfc9 CMakeFiles/Oled.dir/home/csowa/Desktop/PicoDev/pico-sdk/src/rp2_common/pico_stdio/stdio.c.obj
 .debug_info    0x00000000000128c0      0xc2d CMakeFiles/Oled.dir/home/csowa/Desktop/PicoDev/pico-sdk/src/rp2_common/pico_stdio_uart/stdio_uart.c.obj
 .debug_info    0x00000000000134ed     0x10c1 CMakeFiles/Oled.dir/home/csowa/Desktop/PicoDev/pico-sdk/src/rp2_common/hardware_spi/spi.c.obj

.debug_abbrev   0x0000000000000000     0x4195
 .debug_abbrev  0x0000000000000000      0x1fa CMakeFiles/Oled.dir/Oled.c.obj
 .debug_abbrev  0x00000000000001fa      0x2c5 CMakeFiles/Oled.dir/OLED_Driver.c.obj
 .debug_abbrev  0x00000000000004bf      0x2f1 CMakeFiles/Oled.dir/home/csowa/Desktop/PicoDev/pico-sdk/src/rp2_common/hardware_gpio/gpio.c.obj
 .debug_abbrev  0x00000000000007b0      0x249 CMakeFiles/Oled.dir/home/csowa/Desktop/PicoDev/pico-sdk/src/rp2_common/hardware_claim/claim.c.obj
 .debug_abbrev  0x00000000000009f9      0x1f8 CMakeFiles/Oled.dir/home/csowa/Desktop/PicoDev/pico-sdk/src/rp2_common/hardware_sync/sync.c.obj
 .debug_abbrev  0x0000000000000bf1       0xeb CMakeFiles/Oled.dir/home/csowa/Desktop/PicoDev/pico-sdk/src/rp2_common/pico_platform/platform.c.obj
 .debug_abbrev  0x0000000000000cdc      0x2d2 CMakeFiles/Oled.dir/home/csowa/Desktop/PicoDev/pico-sdk/src/rp2_common/hardware_uart/uart.c.obj
 .debug_abbrev  0x0000000000000fae      0x522 CMakeFiles/Oled.dir/home/csowa/Desktop/PicoDev/pico-sdk/src/common/pico_time/time.c.obj
 .debug_abbrev  0x00000000000014d0      0x308 CMakeFiles/Oled.dir/home/csowa/Desktop/PicoDev/pico-sdk/src/rp2_common/hardware_timer/timer.c.obj
 .debug_abbrev  0x00000000000017d8      0x114 CMakeFiles/Oled.dir/home/csowa/Desktop/PicoDev/pico-sdk/src/common/pico_sync/lock_core.c.obj
 .debug_abbrev  0x00000000000018ec      0x2e9 CMakeFiles/Oled.dir/home/csowa/Desktop/PicoDev/pico-sdk/src/common/pico_sync/mutex.c.obj
 .debug_abbrev  0x0000000000001bd5      0x297 CMakeFiles/Oled.dir/home/csowa/Desktop/PicoDev/pico-sdk/src/common/pico_util/pheap.c.obj
 .debug_abbrev  0x0000000000001e6c      0x32d CMakeFiles/Oled.dir/home/csowa/Desktop/PicoDev/pico-sdk/src/rp2_common/pico_runtime/runtime.c.obj
 .debug_abbrev  0x0000000000002199      0x388 CMakeFiles/Oled.dir/home/csowa/Desktop/PicoDev/pico-sdk/src/rp2_common/hardware_clocks/clocks.c.obj
 .debug_abbrev  0x0000000000002521      0x1b1 CMakeFiles/Oled.dir/home/csowa/Desktop/PicoDev/pico-sdk/src/rp2_common/hardware_watchdog/watchdog.c.obj
 .debug_abbrev  0x00000000000026d2      0x12c CMakeFiles/Oled.dir/home/csowa/Desktop/PicoDev/pico-sdk/src/rp2_common/hardware_xosc/xosc.c.obj
 .debug_abbrev  0x00000000000027fe      0x1cf CMakeFiles/Oled.dir/home/csowa/Desktop/PicoDev/pico-sdk/src/rp2_common/hardware_pll/pll.c.obj
 .debug_abbrev  0x00000000000029cd      0x47c CMakeFiles/Oled.dir/home/csowa/Desktop/PicoDev/pico-sdk/src/rp2_common/hardware_irq/irq.c.obj
 .debug_abbrev  0x0000000000002e49      0x384 CMakeFiles/Oled.dir/home/csowa/Desktop/PicoDev/pico-sdk/src/rp2_common/pico_printf/printf.c.obj
 .debug_abbrev  0x00000000000031cd       0x12 CMakeFiles/Oled.dir/home/csowa/Desktop/PicoDev/pico-sdk/src/rp2_common/pico_bit_ops/bit_ops_aeabi.S.obj
 .debug_abbrev  0x00000000000031df       0xf8 CMakeFiles/Oled.dir/home/csowa/Desktop/PicoDev/pico-sdk/src/rp2_common/pico_bootrom/bootrom.c.obj
 .debug_abbrev  0x00000000000032d7       0x12 CMakeFiles/Oled.dir/home/csowa/Desktop/PicoDev/pico-sdk/src/rp2_common/pico_divider/divider.S.obj
 .debug_abbrev  0x00000000000032e9       0x12 CMakeFiles/Oled.dir/home/csowa/Desktop/PicoDev/pico-sdk/src/rp2_common/pico_double/double_aeabi.S.obj
 .debug_abbrev  0x00000000000032fb      0x166 CMakeFiles/Oled.dir/home/csowa/Desktop/PicoDev/pico-sdk/src/rp2_common/pico_double/double_init_rom.c.obj